test/language/expressions/equals/S11.9.1_A1.js	sloppy	fail
test/language/expressions/equals/S11.9.1_A1.js	strict	fail
test/language/expressions/equals/S11.9.1_A2.1_T1.js	sloppy	fail
test/language/expressions/equals/S11.9.1_A2.1_T1.js	strict	fail
test/language/expressions/equals/S11.9.1_A2.1_T2.js	sloppy	fail
test/language/expressions/equals/S11.9.1_A2.1_T2.js	strict	fail
test/language/expressions/equals/S11.9.1_A2.1_T3.js	sloppy	fail
test/language/expressions/equals/S11.9.1_A2.1_T3.js	strict	fail
test/language/expressions/equals/S11.9.1_A2.4_T1.js	sloppy	pass
test/language/expressions/equals/S11.9.1_A2.4_T1.js	strict	pass
test/language/expressions/equals/S11.9.1_A2.4_T2.js	sloppy	pass
test/language/expressions/equals/S11.9.1_A2.4_T2.js	strict	pass
test/language/expressions/equals/S11.9.1_A2.4_T3.js	sloppy	fail
test/language/expressions/equals/S11.9.1_A2.4_T3.js	strict	fail
test/language/expressions/equals/S11.9.1_A2.4_T4.js	sloppy	fail
test/language/expressions/equals/S11.9.1_A3.1.js	sloppy	fail
test/language/expressions/equals/S11.9.1_A3.1.js	strict	fail
test/language/expressions/equals/S11.9.1_A3.2.js	sloppy	fail
test/language/expressions/equals/S11.9.1_A3.2.js	strict	fail
test/language/expressions/equals/S11.9.1_A3.3.js	sloppy	fail
test/language/expressions/equals/S11.9.1_A3.3.js	strict	fail
test/language/expressions/equals/S11.9.1_A4.1_T1.js	sloppy	fail
test/language/expressions/equals/S11.9.1_A4.1_T1.js	strict	fail
test/language/expressions/equals/S11.9.1_A4.1_T2.js	sloppy	fail
test/language/expressions/equals/S11.9.1_A4.1_T2.js	strict	fail
test/language/expressions/equals/S11.9.1_A4.2.js	sloppy	pass
test/language/expressions/equals/S11.9.1_A4.2.js	strict	pass
test/language/expressions/equals/S11.9.1_A4.3.js	sloppy	pass
test/language/expressions/equals/S11.9.1_A4.3.js	strict	pass
test/language/expressions/equals/S11.9.1_A5.1.js	sloppy	pass
test/language/expressions/equals/S11.9.1_A5.1.js	strict	pass
test/language/expressions/equals/S11.9.1_A5.2.js	sloppy	pass
test/language/expressions/equals/S11.9.1_A5.2.js	strict	pass
test/language/expressions/equals/S11.9.1_A5.3.js	sloppy	pass
test/language/expressions/equals/S11.9.1_A5.3.js	strict	pass
test/language/expressions/equals/S11.9.1_A6.1.js	sloppy	fail
test/language/expressions/equals/S11.9.1_A6.1.js	strict	fail
test/language/expressions/equals/S11.9.1_A6.2_T1.js	sloppy	pass
test/language/expressions/equals/S11.9.1_A6.2_T1.js	strict	pass
test/language/expressions/equals/S11.9.1_A6.2_T2.js	sloppy	pass
test/language/expressions/equals/S11.9.1_A6.2_T2.js	strict	pass
test/language/expressions/equals/S11.9.1_A7.1.js	sloppy	fail
test/language/expressions/equals/S11.9.1_A7.1.js	strict	fail
test/language/expressions/equals/S11.9.1_A7.2.js	sloppy	fail
test/language/expressions/equals/S11.9.1_A7.2.js	strict	fail
test/language/expressions/equals/S11.9.1_A7.3.js	sloppy	fail
test/language/expressions/equals/S11.9.1_A7.3.js	strict	fail
test/language/expressions/equals/S11.9.1_A7.4.js	sloppy	fail
test/language/expressions/equals/S11.9.1_A7.4.js	strict	fail
test/language/expressions/equals/S11.9.1_A7.5.js	sloppy	fail
test/language/expressions/equals/S11.9.1_A7.5.js	strict	fail
test/language/expressions/equals/S11.9.1_A7.6.js	sloppy	fail
test/language/expressions/equals/S11.9.1_A7.6.js	strict	fail
test/language/expressions/equals/S11.9.1_A7.7.js	sloppy	fail
test/language/expressions/equals/S11.9.1_A7.7.js	strict	fail
test/language/expressions/equals/S11.9.1_A7.8.js	sloppy	fail
test/language/expressions/equals/S11.9.1_A7.8.js	strict	fail
test/language/expressions/equals/S11.9.1_A7.9.js	sloppy	fail
test/language/expressions/equals/S11.9.1_A7.9.js	strict	fail
test/language/expressions/equals/S9.1_A1_T3.js	sloppy	fail
test/language/expressions/equals/S9.1_A1_T3.js	strict	fail
test/language/expressions/equals/bigint-and-bigint.js	sloppy	fail
test/language/expressions/equals/bigint-and-bigint.js	strict	fail
test/language/expressions/equals/bigint-and-boolean.js	sloppy	fail
test/language/expressions/equals/bigint-and-boolean.js	strict	fail
test/language/expressions/equals/bigint-and-incomparable-primitive.js	sloppy	fail
test/language/expressions/equals/bigint-and-incomparable-primitive.js	strict	fail
test/language/expressions/equals/bigint-and-non-finite.js	sloppy	pass
test/language/expressions/equals/bigint-and-non-finite.js	strict	pass
test/language/expressions/equals/bigint-and-number-extremes.js	sloppy	fail
test/language/expressions/equals/bigint-and-number-extremes.js	strict	fail
test/language/expressions/equals/bigint-and-number.js	sloppy	fail
test/language/expressions/equals/bigint-and-number.js	strict	fail
test/language/expressions/equals/bigint-and-object.js	sloppy	fail
test/language/expressions/equals/bigint-and-object.js	strict	fail
test/language/expressions/equals/bigint-and-string.js	sloppy	fail
test/language/expressions/equals/bigint-and-string.js	strict	fail
test/language/expressions/equals/coerce-symbol-to-prim-err.js	sloppy	fail
test/language/expressions/equals/coerce-symbol-to-prim-err.js	strict	fail
test/language/expressions/equals/coerce-symbol-to-prim-invocation.js	sloppy	fail
test/language/expressions/equals/coerce-symbol-to-prim-invocation.js	strict	fail
test/language/expressions/equals/coerce-symbol-to-prim-return-obj.js	sloppy	fail
test/language/expressions/equals/coerce-symbol-to-prim-return-obj.js	strict	fail
test/language/expressions/equals/coerce-symbol-to-prim-return-prim.js	sloppy	fail
test/language/expressions/equals/coerce-symbol-to-prim-return-prim.js	strict	fail
test/language/expressions/equals/get-symbol-to-prim-err.js	sloppy	fail
test/language/expressions/equals/get-symbol-to-prim-err.js	strict	fail
test/language/expressions/equals/symbol-abstract-equality-comparison.js	sloppy	fail
test/language/expressions/equals/symbol-abstract-equality-comparison.js	strict	fail
test/language/expressions/equals/symbol-strict-equality-comparison.js	sloppy	fail
test/language/expressions/equals/symbol-strict-equality-comparison.js	strict	fail
test/language/expressions/equals/to-prim-hint.js	sloppy	fail
test/language/expressions/equals/to-prim-hint.js	strict	fail
