test/language/expressions/tagged-template/cache-different-functions-same-site.js	sloppy	fail
test/language/expressions/tagged-template/cache-different-functions-same-site.js	strict	fail
test/language/expressions/tagged-template/cache-differing-expressions-eval.js	sloppy	fail
test/language/expressions/tagged-template/cache-differing-expressions-eval.js	strict	fail
test/language/expressions/tagged-template/cache-differing-expressions-new-function.js	sloppy	fail
test/language/expressions/tagged-template/cache-differing-expressions-new-function.js	strict	fail
test/language/expressions/tagged-template/cache-differing-expressions.js	sloppy	pass
test/language/expressions/tagged-template/cache-differing-expressions.js	strict	pass
test/language/expressions/tagged-template/cache-differing-raw-strings.js	sloppy	pass
test/language/expressions/tagged-template/cache-differing-raw-strings.js	strict	pass
test/language/expressions/tagged-template/cache-differing-string-count.js	sloppy	pass
test/language/expressions/tagged-template/cache-differing-string-count.js	strict	pass
test/language/expressions/tagged-template/cache-eval-inner-function.js	sloppy	fail
test/language/expressions/tagged-template/cache-eval-inner-function.js	strict	fail
test/language/expressions/tagged-template/cache-identical-source-eval.js	sloppy	fail
test/language/expressions/tagged-template/cache-identical-source-eval.js	strict	fail
test/language/expressions/tagged-template/cache-identical-source-new-function.js	sloppy	fail
test/language/expressions/tagged-template/cache-identical-source-new-function.js	strict	fail
test/language/expressions/tagged-template/cache-identical-source.js	sloppy	pass
test/language/expressions/tagged-template/cache-identical-source.js	strict	pass
test/language/expressions/tagged-template/cache-realm.js	sloppy	fail
test/language/expressions/tagged-template/cache-realm.js	strict	fail
test/language/expressions/tagged-template/cache-same-site-top-level.js	sloppy	fail
test/language/expressions/tagged-template/cache-same-site-top-level.js	strict	fail
test/language/expressions/tagged-template/cache-same-site.js	sloppy	fail
test/language/expressions/tagged-template/cache-same-site.js	strict	fail
test/language/expressions/tagged-template/call-expression-argument-list-evaluation.js	sloppy	fail
test/language/expressions/tagged-template/call-expression-argument-list-evaluation.js	strict	fail
test/language/expressions/tagged-template/call-expression-context-no-strict.js	sloppy	pass
test/language/expressions/tagged-template/call-expression-context-strict.js	strict	fail
test/language/expressions/tagged-template/chained-application.js	sloppy	pass
test/language/expressions/tagged-template/chained-application.js	strict	pass
test/language/expressions/tagged-template/constructor-invocation.js	sloppy	pass
test/language/expressions/tagged-template/constructor-invocation.js	strict	pass
test/language/expressions/tagged-template/invalid-escape-sequences.js	sloppy	fail
test/language/expressions/tagged-template/invalid-escape-sequences.js	strict	fail
test/language/expressions/tagged-template/member-expression-argument-list-evaluation.js	sloppy	fail
test/language/expressions/tagged-template/member-expression-argument-list-evaluation.js	strict	fail
test/language/expressions/tagged-template/member-expression-context.js	sloppy	fail
test/language/expressions/tagged-template/member-expression-context.js	strict	fail
test/language/expressions/tagged-template/tco-call.js	strict	fail
test/language/expressions/tagged-template/tco-member.js	strict	fail
test/language/expressions/tagged-template/template-object-frozen-non-strict.js	sloppy	fail
test/language/expressions/tagged-template/template-object-frozen-strict.js	strict	fail
test/language/expressions/tagged-template/template-object-template-map.js	sloppy	fail
test/language/expressions/tagged-template/template-object-template-map.js	strict	fail
test/language/expressions/tagged-template/template-object.js	sloppy	fail
test/language/expressions/tagged-template/template-object.js	strict	fail
