test/built-ins/Proxy/apply/arguments-realm.js	sloppy	fail
test/built-ins/Proxy/apply/arguments-realm.js	strict	fail
test/built-ins/Proxy/apply/call-parameters.js	sloppy	fail
test/built-ins/Proxy/apply/call-parameters.js	strict	fail
test/built-ins/Proxy/apply/call-result.js	sloppy	fail
test/built-ins/Proxy/apply/call-result.js	strict	fail
test/built-ins/Proxy/apply/null-handler-realm.js	sloppy	fail
test/built-ins/Proxy/apply/null-handler-realm.js	strict	fail
test/built-ins/Proxy/apply/null-handler.js	sloppy	fail
test/built-ins/Proxy/apply/null-handler.js	strict	fail
test/built-ins/Proxy/apply/return-abrupt.js	sloppy	fail
test/built-ins/Proxy/apply/return-abrupt.js	strict	fail
test/built-ins/Proxy/apply/trap-is-missing-target-is-proxy.js	sloppy	fail
test/built-ins/Proxy/apply/trap-is-missing-target-is-proxy.js	strict	fail
test/built-ins/Proxy/apply/trap-is-not-callable-realm.js	sloppy	fail
test/built-ins/Proxy/apply/trap-is-not-callable-realm.js	strict	fail
test/built-ins/Proxy/apply/trap-is-not-callable.js	sloppy	fail
test/built-ins/Proxy/apply/trap-is-not-callable.js	strict	fail
test/built-ins/Proxy/apply/trap-is-null-target-is-proxy.js	sloppy	fail
test/built-ins/Proxy/apply/trap-is-null-target-is-proxy.js	strict	fail
test/built-ins/Proxy/apply/trap-is-null.js	sloppy	fail
test/built-ins/Proxy/apply/trap-is-null.js	strict	fail
test/built-ins/Proxy/apply/trap-is-undefined-no-property.js	sloppy	fail
test/built-ins/Proxy/apply/trap-is-undefined-no-property.js	strict	fail
test/built-ins/Proxy/apply/trap-is-undefined-target-is-proxy.js	sloppy	fail
test/built-ins/Proxy/apply/trap-is-undefined-target-is-proxy.js	strict	fail
test/built-ins/Proxy/apply/trap-is-undefined.js	sloppy	fail
test/built-ins/Proxy/apply/trap-is-undefined.js	strict	fail
test/built-ins/Proxy/construct/arguments-realm.js	sloppy	fail
test/built-ins/Proxy/construct/arguments-realm.js	strict	fail
test/built-ins/Proxy/construct/call-parameters-new-target.js	sloppy	fail
test/built-ins/Proxy/construct/call-parameters-new-target.js	strict	fail
test/built-ins/Proxy/construct/call-parameters.js	sloppy	fail
test/built-ins/Proxy/construct/call-parameters.js	strict	fail
test/built-ins/Proxy/construct/call-result.js	sloppy	fail
test/built-ins/Proxy/construct/call-result.js	strict	fail
test/built-ins/Proxy/construct/null-handler-realm.js	sloppy	fail
test/built-ins/Proxy/construct/null-handler-realm.js	strict	fail
test/built-ins/Proxy/construct/null-handler.js	sloppy	fail
test/built-ins/Proxy/construct/null-handler.js	strict	fail
test/built-ins/Proxy/construct/return-is-abrupt.js	sloppy	fail
test/built-ins/Proxy/construct/return-is-abrupt.js	strict	fail
test/built-ins/Proxy/construct/return-not-object-throws-boolean-realm.js	sloppy	fail
test/built-ins/Proxy/construct/return-not-object-throws-boolean-realm.js	strict	fail
test/built-ins/Proxy/construct/return-not-object-throws-boolean.js	sloppy	fail
test/built-ins/Proxy/construct/return-not-object-throws-boolean.js	strict	fail
test/built-ins/Proxy/construct/return-not-object-throws-null-realm.js	sloppy	fail
test/built-ins/Proxy/construct/return-not-object-throws-null-realm.js	strict	fail
test/built-ins/Proxy/construct/return-not-object-throws-null.js	sloppy	fail
test/built-ins/Proxy/construct/return-not-object-throws-null.js	strict	fail
test/built-ins/Proxy/construct/return-not-object-throws-number-realm.js	sloppy	fail
test/built-ins/Proxy/construct/return-not-object-throws-number-realm.js	strict	fail
test/built-ins/Proxy/construct/return-not-object-throws-number.js	sloppy	fail
test/built-ins/Proxy/construct/return-not-object-throws-number.js	strict	fail
test/built-ins/Proxy/construct/return-not-object-throws-string-realm.js	sloppy	fail
test/built-ins/Proxy/construct/return-not-object-throws-string-realm.js	strict	fail
test/built-ins/Proxy/construct/return-not-object-throws-string.js	sloppy	fail
test/built-ins/Proxy/construct/return-not-object-throws-string.js	strict	fail
test/built-ins/Proxy/construct/return-not-object-throws-symbol-realm.js	sloppy	fail
test/built-ins/Proxy/construct/return-not-object-throws-symbol-realm.js	strict	fail
test/built-ins/Proxy/construct/return-not-object-throws-symbol.js	sloppy	fail
test/built-ins/Proxy/construct/return-not-object-throws-symbol.js	strict	fail
test/built-ins/Proxy/construct/return-not-object-throws-undefined-realm.js	sloppy	fail
test/built-ins/Proxy/construct/return-not-object-throws-undefined-realm.js	strict	fail
test/built-ins/Proxy/construct/return-not-object-throws-undefined.js	sloppy	fail
test/built-ins/Proxy/construct/return-not-object-throws-undefined.js	strict	fail
test/built-ins/Proxy/construct/trap-is-missing-target-is-proxy.js	sloppy	fail
test/built-ins/Proxy/construct/trap-is-missing-target-is-proxy.js	strict	fail
test/built-ins/Proxy/construct/trap-is-not-callable-realm.js	sloppy	fail
test/built-ins/Proxy/construct/trap-is-not-callable-realm.js	strict	fail
test/built-ins/Proxy/construct/trap-is-not-callable.js	sloppy	fail
test/built-ins/Proxy/construct/trap-is-not-callable.js	strict	fail
test/built-ins/Proxy/construct/trap-is-null-target-is-proxy.js	sloppy	fail
test/built-ins/Proxy/construct/trap-is-null-target-is-proxy.js	strict	fail
test/built-ins/Proxy/construct/trap-is-null.js	sloppy	fail
test/built-ins/Proxy/construct/trap-is-null.js	strict	fail
test/built-ins/Proxy/construct/trap-is-undefined-no-property.js	sloppy	fail
test/built-ins/Proxy/construct/trap-is-undefined-no-property.js	strict	fail
test/built-ins/Proxy/construct/trap-is-undefined-proto-from-cross-realm-newtarget.js	sloppy	fail
test/built-ins/Proxy/construct/trap-is-undefined-proto-from-cross-realm-newtarget.js	strict	fail
test/built-ins/Proxy/construct/trap-is-undefined-proto-from-newtarget-realm.js	sloppy	fail
test/built-ins/Proxy/construct/trap-is-undefined-proto-from-newtarget-realm.js	strict	fail
test/built-ins/Proxy/construct/trap-is-undefined-target-is-proxy.js	sloppy	fail
test/built-ins/Proxy/construct/trap-is-undefined-target-is-proxy.js	strict	fail
test/built-ins/Proxy/construct/trap-is-undefined.js	sloppy	fail
test/built-ins/Proxy/construct/trap-is-undefined.js	strict	fail
test/built-ins/Proxy/constructor.js	sloppy	pass
test/built-ins/Proxy/constructor.js	strict	pass
test/built-ins/Proxy/create-handler-is-revoked-proxy.js	sloppy	fail
test/built-ins/Proxy/create-handler-is-revoked-proxy.js	strict	fail
test/built-ins/Proxy/create-handler-not-object-throw-boolean.js	sloppy	fail
test/built-ins/Proxy/create-handler-not-object-throw-boolean.js	strict	fail
test/built-ins/Proxy/create-handler-not-object-throw-null.js	sloppy	fail
test/built-ins/Proxy/create-handler-not-object-throw-null.js	strict	fail
test/built-ins/Proxy/create-handler-not-object-throw-number.js	sloppy	fail
test/built-ins/Proxy/create-handler-not-object-throw-number.js	strict	fail
test/built-ins/Proxy/create-handler-not-object-throw-string.js	sloppy	fail
test/built-ins/Proxy/create-handler-not-object-throw-string.js	strict	fail
test/built-ins/Proxy/create-handler-not-object-throw-symbol.js	sloppy	fail
test/built-ins/Proxy/create-handler-not-object-throw-symbol.js	strict	fail
test/built-ins/Proxy/create-handler-not-object-throw-undefined.js	sloppy	fail
test/built-ins/Proxy/create-handler-not-object-throw-undefined.js	strict	fail
test/built-ins/Proxy/create-target-is-not-a-constructor.js	sloppy	fail
test/built-ins/Proxy/create-target-is-not-a-constructor.js	strict	fail
test/built-ins/Proxy/create-target-is-not-callable.js	sloppy	fail
test/built-ins/Proxy/create-target-is-not-callable.js	strict	fail
test/built-ins/Proxy/create-target-is-revoked-function-proxy.js	sloppy	fail
test/built-ins/Proxy/create-target-is-revoked-function-proxy.js	strict	fail
test/built-ins/Proxy/create-target-is-revoked-proxy.js	sloppy	fail
test/built-ins/Proxy/create-target-is-revoked-proxy.js	strict	fail
test/built-ins/Proxy/create-target-not-object-throw-boolean.js	sloppy	fail
test/built-ins/Proxy/create-target-not-object-throw-boolean.js	strict	fail
test/built-ins/Proxy/create-target-not-object-throw-null.js	sloppy	fail
test/built-ins/Proxy/create-target-not-object-throw-null.js	strict	fail
test/built-ins/Proxy/create-target-not-object-throw-number.js	sloppy	fail
test/built-ins/Proxy/create-target-not-object-throw-number.js	strict	fail
test/built-ins/Proxy/create-target-not-object-throw-string.js	sloppy	fail
test/built-ins/Proxy/create-target-not-object-throw-string.js	strict	fail
test/built-ins/Proxy/create-target-not-object-throw-symbol.js	sloppy	fail
test/built-ins/Proxy/create-target-not-object-throw-symbol.js	strict	fail
test/built-ins/Proxy/create-target-not-object-throw-undefined.js	sloppy	fail
test/built-ins/Proxy/create-target-not-object-throw-undefined.js	strict	fail
test/built-ins/Proxy/defineProperty/call-parameters.js	sloppy	fail
test/built-ins/Proxy/defineProperty/call-parameters.js	strict	fail
test/built-ins/Proxy/defineProperty/desc-realm.js	sloppy	fail
test/built-ins/Proxy/defineProperty/desc-realm.js	strict	fail
test/built-ins/Proxy/defineProperty/null-handler-realm.js	sloppy	fail
test/built-ins/Proxy/defineProperty/null-handler-realm.js	strict	fail
test/built-ins/Proxy/defineProperty/null-handler.js	sloppy	fail
test/built-ins/Proxy/defineProperty/null-handler.js	strict	fail
test/built-ins/Proxy/defineProperty/return-boolean-and-define-target.js	sloppy	fail
test/built-ins/Proxy/defineProperty/return-boolean-and-define-target.js	strict	fail
test/built-ins/Proxy/defineProperty/return-is-abrupt.js	sloppy	fail
test/built-ins/Proxy/defineProperty/return-is-abrupt.js	strict	fail
test/built-ins/Proxy/defineProperty/targetdesc-configurable-desc-not-configurable-realm.js	sloppy	fail
test/built-ins/Proxy/defineProperty/targetdesc-configurable-desc-not-configurable-realm.js	strict	fail
test/built-ins/Proxy/defineProperty/targetdesc-configurable-desc-not-configurable.js	sloppy	fail
test/built-ins/Proxy/defineProperty/targetdesc-configurable-desc-not-configurable.js	strict	fail
test/built-ins/Proxy/defineProperty/targetdesc-not-compatible-descriptor-not-configurable-target-realm.js	sloppy	fail
test/built-ins/Proxy/defineProperty/targetdesc-not-compatible-descriptor-not-configurable-target-realm.js	strict	fail
test/built-ins/Proxy/defineProperty/targetdesc-not-compatible-descriptor-not-configurable-target.js	sloppy	fail
test/built-ins/Proxy/defineProperty/targetdesc-not-compatible-descriptor-not-configurable-target.js	strict	fail
test/built-ins/Proxy/defineProperty/targetdesc-not-compatible-descriptor-realm.js	sloppy	fail
test/built-ins/Proxy/defineProperty/targetdesc-not-compatible-descriptor-realm.js	strict	fail
test/built-ins/Proxy/defineProperty/targetdesc-not-compatible-descriptor.js	sloppy	fail
test/built-ins/Proxy/defineProperty/targetdesc-not-compatible-descriptor.js	strict	fail
test/built-ins/Proxy/defineProperty/targetdesc-not-configurable-writable-desc-not-writable.js	sloppy	fail
test/built-ins/Proxy/defineProperty/targetdesc-not-configurable-writable-desc-not-writable.js	strict	fail
test/built-ins/Proxy/defineProperty/targetdesc-undefined-not-configurable-descriptor-realm.js	sloppy	fail
test/built-ins/Proxy/defineProperty/targetdesc-undefined-not-configurable-descriptor-realm.js	strict	fail
test/built-ins/Proxy/defineProperty/targetdesc-undefined-not-configurable-descriptor.js	sloppy	fail
test/built-ins/Proxy/defineProperty/targetdesc-undefined-not-configurable-descriptor.js	strict	fail
test/built-ins/Proxy/defineProperty/targetdesc-undefined-target-is-not-extensible-realm.js	sloppy	fail
test/built-ins/Proxy/defineProperty/targetdesc-undefined-target-is-not-extensible-realm.js	strict	fail
test/built-ins/Proxy/defineProperty/targetdesc-undefined-target-is-not-extensible.js	sloppy	fail
test/built-ins/Proxy/defineProperty/targetdesc-undefined-target-is-not-extensible.js	strict	fail
test/built-ins/Proxy/defineProperty/trap-is-missing-target-is-proxy.js	sloppy	fail
test/built-ins/Proxy/defineProperty/trap-is-missing-target-is-proxy.js	strict	fail
test/built-ins/Proxy/defineProperty/trap-is-not-callable-realm.js	sloppy	fail
test/built-ins/Proxy/defineProperty/trap-is-not-callable-realm.js	strict	fail
test/built-ins/Proxy/defineProperty/trap-is-not-callable.js	sloppy	fail
test/built-ins/Proxy/defineProperty/trap-is-not-callable.js	strict	fail
test/built-ins/Proxy/defineProperty/trap-is-null-target-is-proxy.js	sloppy	fail
test/built-ins/Proxy/defineProperty/trap-is-null-target-is-proxy.js	strict	fail
test/built-ins/Proxy/defineProperty/trap-is-undefined-target-is-proxy.js	sloppy	fail
test/built-ins/Proxy/defineProperty/trap-is-undefined-target-is-proxy.js	strict	fail
test/built-ins/Proxy/defineProperty/trap-is-undefined.js	sloppy	fail
test/built-ins/Proxy/defineProperty/trap-is-undefined.js	strict	fail
test/built-ins/Proxy/defineProperty/trap-return-is-false.js	sloppy	fail
test/built-ins/Proxy/defineProperty/trap-return-is-false.js	strict	fail
test/built-ins/Proxy/deleteProperty/boolean-trap-result-boolean-false.js	sloppy	fail
test/built-ins/Proxy/deleteProperty/boolean-trap-result-boolean-false.js	strict	fail
test/built-ins/Proxy/deleteProperty/boolean-trap-result-boolean-true.js	sloppy	fail
test/built-ins/Proxy/deleteProperty/boolean-trap-result-boolean-true.js	strict	fail
test/built-ins/Proxy/deleteProperty/call-parameters.js	sloppy	fail
test/built-ins/Proxy/deleteProperty/call-parameters.js	strict	fail
test/built-ins/Proxy/deleteProperty/null-handler.js	sloppy	fail
test/built-ins/Proxy/deleteProperty/null-handler.js	strict	fail
test/built-ins/Proxy/deleteProperty/return-false-not-strict.js	sloppy	fail
test/built-ins/Proxy/deleteProperty/return-false-strict.js	strict	fail
test/built-ins/Proxy/deleteProperty/return-is-abrupt.js	sloppy	fail
test/built-ins/Proxy/deleteProperty/return-is-abrupt.js	strict	fail
test/built-ins/Proxy/deleteProperty/targetdesc-is-configurable-target-is-not-extensible.js	sloppy	fail
test/built-ins/Proxy/deleteProperty/targetdesc-is-configurable-target-is-not-extensible.js	strict	fail
test/built-ins/Proxy/deleteProperty/targetdesc-is-not-configurable.js	sloppy	fail
test/built-ins/Proxy/deleteProperty/targetdesc-is-not-configurable.js	strict	fail
test/built-ins/Proxy/deleteProperty/targetdesc-is-undefined-return-true.js	sloppy	fail
test/built-ins/Proxy/deleteProperty/targetdesc-is-undefined-return-true.js	strict	fail
test/built-ins/Proxy/deleteProperty/trap-is-missing-target-is-proxy.js	sloppy	fail
test/built-ins/Proxy/deleteProperty/trap-is-missing-target-is-proxy.js	strict	fail
test/built-ins/Proxy/deleteProperty/trap-is-not-callable-realm.js	sloppy	fail
test/built-ins/Proxy/deleteProperty/trap-is-not-callable-realm.js	strict	fail
test/built-ins/Proxy/deleteProperty/trap-is-not-callable.js	sloppy	fail
test/built-ins/Proxy/deleteProperty/trap-is-not-callable.js	strict	fail
test/built-ins/Proxy/deleteProperty/trap-is-null-target-is-proxy.js	sloppy	fail
test/built-ins/Proxy/deleteProperty/trap-is-null-target-is-proxy.js	strict	fail
test/built-ins/Proxy/deleteProperty/trap-is-undefined-not-strict.js	sloppy	fail
test/built-ins/Proxy/deleteProperty/trap-is-undefined-strict.js	strict	fail
test/built-ins/Proxy/deleteProperty/trap-is-undefined-target-is-proxy.js	sloppy	fail
test/built-ins/Proxy/deleteProperty/trap-is-undefined-target-is-proxy.js	strict	fail
test/built-ins/Proxy/enumerate/removed-does-not-trigger.js	sloppy	fail
test/built-ins/Proxy/enumerate/removed-does-not-trigger.js	strict	fail
test/built-ins/Proxy/function-prototype.js	sloppy	fail
test/built-ins/Proxy/function-prototype.js	strict	fail
test/built-ins/Proxy/get-fn-realm-recursive.js	sloppy	fail
test/built-ins/Proxy/get-fn-realm-recursive.js	strict	fail
test/built-ins/Proxy/get-fn-realm.js	sloppy	fail
test/built-ins/Proxy/get-fn-realm.js	strict	fail
test/built-ins/Proxy/get/accessor-get-is-undefined-throws.js	sloppy	fail
test/built-ins/Proxy/get/accessor-get-is-undefined-throws.js	strict	fail
test/built-ins/Proxy/get/call-parameters.js	sloppy	fail
test/built-ins/Proxy/get/call-parameters.js	strict	fail
test/built-ins/Proxy/get/not-same-value-configurable-false-writable-false-throws.js	sloppy	fail
test/built-ins/Proxy/get/not-same-value-configurable-false-writable-false-throws.js	strict	fail
test/built-ins/Proxy/get/null-handler.js	sloppy	fail
test/built-ins/Proxy/get/null-handler.js	strict	fail
test/built-ins/Proxy/get/return-is-abrupt.js	sloppy	fail
test/built-ins/Proxy/get/return-is-abrupt.js	strict	fail
test/built-ins/Proxy/get/return-trap-result-accessor-property.js	sloppy	pass
test/built-ins/Proxy/get/return-trap-result-accessor-property.js	strict	pass
test/built-ins/Proxy/get/return-trap-result-configurable-false-writable-true.js	sloppy	pass
test/built-ins/Proxy/get/return-trap-result-configurable-false-writable-true.js	strict	pass
test/built-ins/Proxy/get/return-trap-result-configurable-true-assessor-get-undefined.js	sloppy	pass
test/built-ins/Proxy/get/return-trap-result-configurable-true-assessor-get-undefined.js	strict	pass
test/built-ins/Proxy/get/return-trap-result-configurable-true-writable-false.js	sloppy	pass
test/built-ins/Proxy/get/return-trap-result-configurable-true-writable-false.js	strict	pass
test/built-ins/Proxy/get/return-trap-result-same-value-configurable-false-writable-false.js	sloppy	pass
test/built-ins/Proxy/get/return-trap-result-same-value-configurable-false-writable-false.js	strict	pass
test/built-ins/Proxy/get/return-trap-result.js	sloppy	pass
test/built-ins/Proxy/get/return-trap-result.js	strict	pass
test/built-ins/Proxy/get/trap-is-missing-target-is-proxy.js	sloppy	fail
test/built-ins/Proxy/get/trap-is-missing-target-is-proxy.js	strict	fail
test/built-ins/Proxy/get/trap-is-not-callable-realm.js	sloppy	fail
test/built-ins/Proxy/get/trap-is-not-callable-realm.js	strict	fail
test/built-ins/Proxy/get/trap-is-not-callable.js	sloppy	fail
test/built-ins/Proxy/get/trap-is-not-callable.js	strict	fail
test/built-ins/Proxy/get/trap-is-null-target-is-proxy.js	sloppy	fail
test/built-ins/Proxy/get/trap-is-null-target-is-proxy.js	strict	fail
test/built-ins/Proxy/get/trap-is-undefined-no-property.js	sloppy	pass
test/built-ins/Proxy/get/trap-is-undefined-no-property.js	strict	pass
test/built-ins/Proxy/get/trap-is-undefined-receiver.js	sloppy	fail
test/built-ins/Proxy/get/trap-is-undefined-receiver.js	strict	fail
test/built-ins/Proxy/get/trap-is-undefined-target-is-proxy.js	sloppy	fail
test/built-ins/Proxy/get/trap-is-undefined-target-is-proxy.js	strict	fail
test/built-ins/Proxy/get/trap-is-undefined.js	sloppy	pass
test/built-ins/Proxy/get/trap-is-undefined.js	strict	pass
test/built-ins/Proxy/getOwnPropertyDescriptor/call-parameters.js	sloppy	fail
test/built-ins/Proxy/getOwnPropertyDescriptor/call-parameters.js	strict	fail
test/built-ins/Proxy/getOwnPropertyDescriptor/null-handler.js	sloppy	fail
test/built-ins/Proxy/getOwnPropertyDescriptor/null-handler.js	strict	fail
test/built-ins/Proxy/getOwnPropertyDescriptor/result-is-undefined-target-is-not-extensible.js	sloppy	fail
test/built-ins/Proxy/getOwnPropertyDescriptor/result-is-undefined-target-is-not-extensible.js	strict	fail
test/built-ins/Proxy/getOwnPropertyDescriptor/result-is-undefined-targetdesc-is-not-configurable.js	sloppy	fail
test/built-ins/Proxy/getOwnPropertyDescriptor/result-is-undefined-targetdesc-is-not-configurable.js	strict	fail
test/built-ins/Proxy/getOwnPropertyDescriptor/result-is-undefined-targetdesc-is-undefined.js	sloppy	fail
test/built-ins/Proxy/getOwnPropertyDescriptor/result-is-undefined-targetdesc-is-undefined.js	strict	fail
test/built-ins/Proxy/getOwnPropertyDescriptor/result-is-undefined.js	sloppy	pass
test/built-ins/Proxy/getOwnPropertyDescriptor/result-is-undefined.js	strict	pass
test/built-ins/Proxy/getOwnPropertyDescriptor/result-type-is-not-object-nor-undefined-realm.js	sloppy	fail
test/built-ins/Proxy/getOwnPropertyDescriptor/result-type-is-not-object-nor-undefined-realm.js	strict	fail
test/built-ins/Proxy/getOwnPropertyDescriptor/result-type-is-not-object-nor-undefined.js	sloppy	fail
test/built-ins/Proxy/getOwnPropertyDescriptor/result-type-is-not-object-nor-undefined.js	strict	fail
test/built-ins/Proxy/getOwnPropertyDescriptor/resultdesc-is-invalid-descriptor.js	sloppy	fail
test/built-ins/Proxy/getOwnPropertyDescriptor/resultdesc-is-invalid-descriptor.js	strict	fail
test/built-ins/Proxy/getOwnPropertyDescriptor/resultdesc-is-not-configurable-not-writable-targetdesc-is-writable.js	sloppy	fail
test/built-ins/Proxy/getOwnPropertyDescriptor/resultdesc-is-not-configurable-not-writable-targetdesc-is-writable.js	strict	fail
test/built-ins/Proxy/getOwnPropertyDescriptor/resultdesc-is-not-configurable-targetdesc-is-configurable.js	sloppy	fail
test/built-ins/Proxy/getOwnPropertyDescriptor/resultdesc-is-not-configurable-targetdesc-is-configurable.js	strict	fail
test/built-ins/Proxy/getOwnPropertyDescriptor/resultdesc-is-not-configurable-targetdesc-is-undefined.js	sloppy	fail
test/built-ins/Proxy/getOwnPropertyDescriptor/resultdesc-is-not-configurable-targetdesc-is-undefined.js	strict	fail
test/built-ins/Proxy/getOwnPropertyDescriptor/resultdesc-return-configurable.js	sloppy	fail
test/built-ins/Proxy/getOwnPropertyDescriptor/resultdesc-return-configurable.js	strict	fail
test/built-ins/Proxy/getOwnPropertyDescriptor/resultdesc-return-not-configurable.js	sloppy	fail
test/built-ins/Proxy/getOwnPropertyDescriptor/resultdesc-return-not-configurable.js	strict	fail
test/built-ins/Proxy/getOwnPropertyDescriptor/return-is-abrupt.js	sloppy	fail
test/built-ins/Proxy/getOwnPropertyDescriptor/return-is-abrupt.js	strict	fail
test/built-ins/Proxy/getOwnPropertyDescriptor/trap-is-missing-target-is-proxy.js	sloppy	fail
test/built-ins/Proxy/getOwnPropertyDescriptor/trap-is-missing-target-is-proxy.js	strict	fail
test/built-ins/Proxy/getOwnPropertyDescriptor/trap-is-not-callable-realm.js	sloppy	fail
test/built-ins/Proxy/getOwnPropertyDescriptor/trap-is-not-callable-realm.js	strict	fail
test/built-ins/Proxy/getOwnPropertyDescriptor/trap-is-not-callable.js	sloppy	fail
test/built-ins/Proxy/getOwnPropertyDescriptor/trap-is-not-callable.js	strict	fail
test/built-ins/Proxy/getOwnPropertyDescriptor/trap-is-null-target-is-proxy.js	sloppy	fail
test/built-ins/Proxy/getOwnPropertyDescriptor/trap-is-null-target-is-proxy.js	strict	fail
test/built-ins/Proxy/getOwnPropertyDescriptor/trap-is-undefined-target-is-proxy.js	sloppy	fail
test/built-ins/Proxy/getOwnPropertyDescriptor/trap-is-undefined-target-is-proxy.js	strict	fail
test/built-ins/Proxy/getOwnPropertyDescriptor/trap-is-undefined.js	sloppy	fail
test/built-ins/Proxy/getOwnPropertyDescriptor/trap-is-undefined.js	strict	fail
test/built-ins/Proxy/getPrototypeOf/call-parameters.js	sloppy	fail
test/built-ins/Proxy/getPrototypeOf/call-parameters.js	strict	fail
test/built-ins/Proxy/getPrototypeOf/extensible-target-return-handlerproto.js	sloppy	fail
test/built-ins/Proxy/getPrototypeOf/extensible-target-return-handlerproto.js	strict	fail
test/built-ins/Proxy/getPrototypeOf/instanceof-custom-return-accepted.js	sloppy	fail
test/built-ins/Proxy/getPrototypeOf/instanceof-custom-return-accepted.js	strict	fail
test/built-ins/Proxy/getPrototypeOf/instanceof-target-not-extensible-not-same-proto-throws.js	sloppy	fail
test/built-ins/Proxy/getPrototypeOf/instanceof-target-not-extensible-not-same-proto-throws.js	strict	fail
test/built-ins/Proxy/getPrototypeOf/not-extensible-not-same-proto-throws.js	sloppy	fail
test/built-ins/Proxy/getPrototypeOf/not-extensible-not-same-proto-throws.js	strict	fail
test/built-ins/Proxy/getPrototypeOf/not-extensible-same-proto.js	sloppy	fail
test/built-ins/Proxy/getPrototypeOf/not-extensible-same-proto.js	strict	fail
test/built-ins/Proxy/getPrototypeOf/null-handler.js	sloppy	fail
test/built-ins/Proxy/getPrototypeOf/null-handler.js	strict	fail
test/built-ins/Proxy/getPrototypeOf/return-is-abrupt.js	sloppy	fail
test/built-ins/Proxy/getPrototypeOf/return-is-abrupt.js	strict	fail
test/built-ins/Proxy/getPrototypeOf/trap-is-missing-target-is-proxy.js	sloppy	fail
test/built-ins/Proxy/getPrototypeOf/trap-is-missing-target-is-proxy.js	strict	fail
test/built-ins/Proxy/getPrototypeOf/trap-is-not-callable-realm.js	sloppy	fail
test/built-ins/Proxy/getPrototypeOf/trap-is-not-callable-realm.js	strict	fail
test/built-ins/Proxy/getPrototypeOf/trap-is-not-callable.js	sloppy	fail
test/built-ins/Proxy/getPrototypeOf/trap-is-not-callable.js	strict	fail
test/built-ins/Proxy/getPrototypeOf/trap-is-null-target-is-proxy.js	sloppy	fail
test/built-ins/Proxy/getPrototypeOf/trap-is-null-target-is-proxy.js	strict	fail
test/built-ins/Proxy/getPrototypeOf/trap-is-undefined-target-is-proxy.js	sloppy	fail
test/built-ins/Proxy/getPrototypeOf/trap-is-undefined-target-is-proxy.js	strict	fail
test/built-ins/Proxy/getPrototypeOf/trap-is-undefined.js	sloppy	fail
test/built-ins/Proxy/getPrototypeOf/trap-is-undefined.js	strict	fail
test/built-ins/Proxy/getPrototypeOf/trap-result-neither-object-nor-null-throws-boolean.js	sloppy	fail
test/built-ins/Proxy/getPrototypeOf/trap-result-neither-object-nor-null-throws-boolean.js	strict	fail
test/built-ins/Proxy/getPrototypeOf/trap-result-neither-object-nor-null-throws-number.js	sloppy	fail
test/built-ins/Proxy/getPrototypeOf/trap-result-neither-object-nor-null-throws-number.js	strict	fail
test/built-ins/Proxy/getPrototypeOf/trap-result-neither-object-nor-null-throws-string.js	sloppy	fail
test/built-ins/Proxy/getPrototypeOf/trap-result-neither-object-nor-null-throws-string.js	strict	fail
test/built-ins/Proxy/getPrototypeOf/trap-result-neither-object-nor-null-throws-symbol.js	sloppy	fail
test/built-ins/Proxy/getPrototypeOf/trap-result-neither-object-nor-null-throws-symbol.js	strict	fail
test/built-ins/Proxy/getPrototypeOf/trap-result-neither-object-nor-null-throws-undefined.js	sloppy	fail
test/built-ins/Proxy/getPrototypeOf/trap-result-neither-object-nor-null-throws-undefined.js	strict	fail
test/built-ins/Proxy/has/call-in-prototype-index.js	sloppy	fail
test/built-ins/Proxy/has/call-in-prototype-index.js	strict	fail
test/built-ins/Proxy/has/call-in-prototype.js	sloppy	fail
test/built-ins/Proxy/has/call-in-prototype.js	strict	fail
test/built-ins/Proxy/has/call-in.js	sloppy	fail
test/built-ins/Proxy/has/call-in.js	strict	fail
test/built-ins/Proxy/has/call-object-create.js	sloppy	fail
test/built-ins/Proxy/has/call-object-create.js	strict	fail
test/built-ins/Proxy/has/call-with.js	sloppy	fail
test/built-ins/Proxy/has/null-handler-using-with.js	sloppy	fail
test/built-ins/Proxy/has/null-handler.js	sloppy	fail
test/built-ins/Proxy/has/null-handler.js	strict	fail
test/built-ins/Proxy/has/return-false-target-not-extensible-using-with.js	sloppy	fail
test/built-ins/Proxy/has/return-false-target-not-extensible.js	sloppy	fail
test/built-ins/Proxy/has/return-false-target-not-extensible.js	strict	fail
test/built-ins/Proxy/has/return-false-target-prop-exists-using-with.js	sloppy	fail
test/built-ins/Proxy/has/return-false-target-prop-exists.js	sloppy	pass
test/built-ins/Proxy/has/return-false-target-prop-exists.js	strict	pass
test/built-ins/Proxy/has/return-false-targetdesc-not-configurable-using-with.js	sloppy	fail
test/built-ins/Proxy/has/return-false-targetdesc-not-configurable.js	sloppy	fail
test/built-ins/Proxy/has/return-false-targetdesc-not-configurable.js	strict	fail
test/built-ins/Proxy/has/return-is-abrupt-in.js	sloppy	fail
test/built-ins/Proxy/has/return-is-abrupt-in.js	strict	fail
test/built-ins/Proxy/has/return-is-abrupt-with.js	sloppy	fail
test/built-ins/Proxy/has/return-true-target-prop-exists-using-with.js	sloppy	fail
test/built-ins/Proxy/has/return-true-target-prop-exists.js	sloppy	fail
test/built-ins/Proxy/has/return-true-target-prop-exists.js	strict	fail
test/built-ins/Proxy/has/return-true-without-same-target-prop.js	sloppy	fail
test/built-ins/Proxy/has/return-true-without-same-target-prop.js	strict	fail
test/built-ins/Proxy/has/trap-is-missing-target-is-proxy.js	sloppy	fail
test/built-ins/Proxy/has/trap-is-missing-target-is-proxy.js	strict	fail
test/built-ins/Proxy/has/trap-is-not-callable-realm.js	sloppy	fail
test/built-ins/Proxy/has/trap-is-not-callable-realm.js	strict	fail
test/built-ins/Proxy/has/trap-is-not-callable-using-with.js	sloppy	fail
test/built-ins/Proxy/has/trap-is-not-callable.js	sloppy	fail
test/built-ins/Proxy/has/trap-is-not-callable.js	strict	fail
test/built-ins/Proxy/has/trap-is-null-target-is-proxy.js	sloppy	fail
test/built-ins/Proxy/has/trap-is-null-target-is-proxy.js	strict	fail
test/built-ins/Proxy/has/trap-is-undefined-target-is-proxy.js	sloppy	fail
test/built-ins/Proxy/has/trap-is-undefined-target-is-proxy.js	strict	fail
test/built-ins/Proxy/has/trap-is-undefined-using-with.js	sloppy	fail
test/built-ins/Proxy/has/trap-is-undefined.js	sloppy	fail
test/built-ins/Proxy/has/trap-is-undefined.js	strict	fail
test/built-ins/Proxy/isExtensible/call-parameters.js	sloppy	fail
test/built-ins/Proxy/isExtensible/call-parameters.js	strict	fail
test/built-ins/Proxy/isExtensible/null-handler.js	sloppy	fail
test/built-ins/Proxy/isExtensible/null-handler.js	strict	fail
test/built-ins/Proxy/isExtensible/return-is-abrupt.js	sloppy	fail
test/built-ins/Proxy/isExtensible/return-is-abrupt.js	strict	fail
test/built-ins/Proxy/isExtensible/return-is-boolean.js	sloppy	fail
test/built-ins/Proxy/isExtensible/return-is-boolean.js	strict	fail
test/built-ins/Proxy/isExtensible/return-is-different-from-target.js	sloppy	fail
test/built-ins/Proxy/isExtensible/return-is-different-from-target.js	strict	fail
test/built-ins/Proxy/isExtensible/return-same-result-from-target.js	sloppy	fail
test/built-ins/Proxy/isExtensible/return-same-result-from-target.js	strict	fail
test/built-ins/Proxy/isExtensible/trap-is-missing-target-is-proxy.js	sloppy	fail
test/built-ins/Proxy/isExtensible/trap-is-missing-target-is-proxy.js	strict	fail
test/built-ins/Proxy/isExtensible/trap-is-not-callable-realm.js	sloppy	fail
test/built-ins/Proxy/isExtensible/trap-is-not-callable-realm.js	strict	fail
test/built-ins/Proxy/isExtensible/trap-is-not-callable.js	sloppy	fail
test/built-ins/Proxy/isExtensible/trap-is-not-callable.js	strict	fail
test/built-ins/Proxy/isExtensible/trap-is-null-target-is-proxy.js	sloppy	fail
test/built-ins/Proxy/isExtensible/trap-is-null-target-is-proxy.js	strict	fail
test/built-ins/Proxy/isExtensible/trap-is-undefined-target-is-proxy.js	sloppy	fail
test/built-ins/Proxy/isExtensible/trap-is-undefined-target-is-proxy.js	strict	fail
test/built-ins/Proxy/isExtensible/trap-is-undefined.js	sloppy	fail
test/built-ins/Proxy/isExtensible/trap-is-undefined.js	strict	fail
test/built-ins/Proxy/length.js	sloppy	fail
test/built-ins/Proxy/length.js	strict	fail
test/built-ins/Proxy/name.js	sloppy	fail
test/built-ins/Proxy/name.js	strict	fail
test/built-ins/Proxy/ownKeys/call-parameters-object-getownpropertynames.js	sloppy	fail
test/built-ins/Proxy/ownKeys/call-parameters-object-getownpropertynames.js	strict	fail
test/built-ins/Proxy/ownKeys/call-parameters-object-getownpropertysymbols.js	sloppy	fail
test/built-ins/Proxy/ownKeys/call-parameters-object-getownpropertysymbols.js	strict	fail
test/built-ins/Proxy/ownKeys/call-parameters-object-keys.js	sloppy	fail
test/built-ins/Proxy/ownKeys/call-parameters-object-keys.js	strict	fail
test/built-ins/Proxy/ownKeys/extensible-return-trap-result-absent-not-configurable-keys.js	sloppy	fail
test/built-ins/Proxy/ownKeys/extensible-return-trap-result-absent-not-configurable-keys.js	strict	fail
test/built-ins/Proxy/ownKeys/extensible-return-trap-result.js	sloppy	fail
test/built-ins/Proxy/ownKeys/extensible-return-trap-result.js	strict	fail
test/built-ins/Proxy/ownKeys/not-extensible-missing-keys-throws.js	sloppy	fail
test/built-ins/Proxy/ownKeys/not-extensible-missing-keys-throws.js	strict	fail
test/built-ins/Proxy/ownKeys/not-extensible-new-keys-throws.js	sloppy	fail
test/built-ins/Proxy/ownKeys/not-extensible-new-keys-throws.js	strict	fail
test/built-ins/Proxy/ownKeys/not-extensible-return-keys.js	sloppy	fail
test/built-ins/Proxy/ownKeys/not-extensible-return-keys.js	strict	fail
test/built-ins/Proxy/ownKeys/null-handler.js	sloppy	fail
test/built-ins/Proxy/ownKeys/null-handler.js	strict	fail
test/built-ins/Proxy/ownKeys/return-all-non-configurable-keys.js	sloppy	fail
test/built-ins/Proxy/ownKeys/return-all-non-configurable-keys.js	strict	fail
test/built-ins/Proxy/ownKeys/return-duplicate-entries-throws.js	sloppy	fail
test/built-ins/Proxy/ownKeys/return-duplicate-entries-throws.js	strict	fail
test/built-ins/Proxy/ownKeys/return-duplicate-symbol-entries-throws.js	sloppy	fail
test/built-ins/Proxy/ownKeys/return-duplicate-symbol-entries-throws.js	strict	fail
test/built-ins/Proxy/ownKeys/return-is-abrupt.js	sloppy	fail
test/built-ins/Proxy/ownKeys/return-is-abrupt.js	strict	fail
test/built-ins/Proxy/ownKeys/return-not-list-object-throws-realm.js	sloppy	fail
test/built-ins/Proxy/ownKeys/return-not-list-object-throws-realm.js	strict	fail
test/built-ins/Proxy/ownKeys/return-not-list-object-throws.js	sloppy	fail
test/built-ins/Proxy/ownKeys/return-not-list-object-throws.js	strict	fail
test/built-ins/Proxy/ownKeys/return-type-throws-array.js	sloppy	fail
test/built-ins/Proxy/ownKeys/return-type-throws-array.js	strict	fail
test/built-ins/Proxy/ownKeys/return-type-throws-boolean.js	sloppy	fail
test/built-ins/Proxy/ownKeys/return-type-throws-boolean.js	strict	fail
test/built-ins/Proxy/ownKeys/return-type-throws-null.js	sloppy	fail
test/built-ins/Proxy/ownKeys/return-type-throws-null.js	strict	fail
test/built-ins/Proxy/ownKeys/return-type-throws-number.js	sloppy	fail
test/built-ins/Proxy/ownKeys/return-type-throws-number.js	strict	fail
test/built-ins/Proxy/ownKeys/return-type-throws-object.js	sloppy	fail
test/built-ins/Proxy/ownKeys/return-type-throws-object.js	strict	fail
test/built-ins/Proxy/ownKeys/return-type-throws-undefined.js	sloppy	fail
test/built-ins/Proxy/ownKeys/return-type-throws-undefined.js	strict	fail
test/built-ins/Proxy/ownKeys/trap-is-missing-target-is-proxy.js	sloppy	fail
test/built-ins/Proxy/ownKeys/trap-is-missing-target-is-proxy.js	strict	fail
test/built-ins/Proxy/ownKeys/trap-is-not-callable-realm.js	sloppy	fail
test/built-ins/Proxy/ownKeys/trap-is-not-callable-realm.js	strict	fail
test/built-ins/Proxy/ownKeys/trap-is-not-callable.js	sloppy	fail
test/built-ins/Proxy/ownKeys/trap-is-not-callable.js	strict	fail
test/built-ins/Proxy/ownKeys/trap-is-null-target-is-proxy.js	sloppy	fail
test/built-ins/Proxy/ownKeys/trap-is-null-target-is-proxy.js	strict	fail
test/built-ins/Proxy/ownKeys/trap-is-undefined-target-is-proxy.js	sloppy	fail
test/built-ins/Proxy/ownKeys/trap-is-undefined-target-is-proxy.js	strict	fail
test/built-ins/Proxy/ownKeys/trap-is-undefined.js	sloppy	fail
test/built-ins/Proxy/ownKeys/trap-is-undefined.js	strict	fail
test/built-ins/Proxy/preventExtensions/call-parameters.js	sloppy	fail
test/built-ins/Proxy/preventExtensions/call-parameters.js	strict	fail
test/built-ins/Proxy/preventExtensions/null-handler.js	sloppy	fail
test/built-ins/Proxy/preventExtensions/null-handler.js	strict	fail
test/built-ins/Proxy/preventExtensions/return-false.js	sloppy	fail
test/built-ins/Proxy/preventExtensions/return-false.js	strict	fail
test/built-ins/Proxy/preventExtensions/return-is-abrupt.js	sloppy	fail
test/built-ins/Proxy/preventExtensions/return-is-abrupt.js	strict	fail
test/built-ins/Proxy/preventExtensions/return-true-target-is-extensible.js	sloppy	fail
test/built-ins/Proxy/preventExtensions/return-true-target-is-extensible.js	strict	fail
test/built-ins/Proxy/preventExtensions/return-true-target-is-not-extensible.js	sloppy	fail
test/built-ins/Proxy/preventExtensions/return-true-target-is-not-extensible.js	strict	fail
test/built-ins/Proxy/preventExtensions/trap-is-missing-target-is-proxy.js	sloppy	fail
test/built-ins/Proxy/preventExtensions/trap-is-missing-target-is-proxy.js	strict	fail
test/built-ins/Proxy/preventExtensions/trap-is-not-callable-realm.js	sloppy	fail
test/built-ins/Proxy/preventExtensions/trap-is-not-callable-realm.js	strict	fail
test/built-ins/Proxy/preventExtensions/trap-is-not-callable.js	sloppy	fail
test/built-ins/Proxy/preventExtensions/trap-is-not-callable.js	strict	fail
test/built-ins/Proxy/preventExtensions/trap-is-null-target-is-proxy.js	sloppy	fail
test/built-ins/Proxy/preventExtensions/trap-is-null-target-is-proxy.js	strict	fail
test/built-ins/Proxy/preventExtensions/trap-is-undefined-target-is-proxy.js	strict	fail
test/built-ins/Proxy/preventExtensions/trap-is-undefined.js	sloppy	fail
test/built-ins/Proxy/preventExtensions/trap-is-undefined.js	strict	fail
test/built-ins/Proxy/property-order.js	sloppy	fail
test/built-ins/Proxy/property-order.js	strict	fail
test/built-ins/Proxy/proxy-newtarget.js	sloppy	pass
test/built-ins/Proxy/proxy-newtarget.js	strict	pass
test/built-ins/Proxy/proxy-no-prototype.js	sloppy	fail
test/built-ins/Proxy/proxy-no-prototype.js	strict	fail
test/built-ins/Proxy/proxy-undefined-newtarget.js	sloppy	fail
test/built-ins/Proxy/proxy-undefined-newtarget.js	strict	fail
test/built-ins/Proxy/proxy.js	sloppy	fail
test/built-ins/Proxy/proxy.js	strict	fail
test/built-ins/Proxy/revocable/builtin.js	sloppy	fail
test/built-ins/Proxy/revocable/builtin.js	strict	fail
test/built-ins/Proxy/revocable/handler-is-revoked-proxy.js	sloppy	fail
test/built-ins/Proxy/revocable/handler-is-revoked-proxy.js	strict	fail
test/built-ins/Proxy/revocable/length.js	sloppy	fail
test/built-ins/Proxy/revocable/length.js	strict	fail
test/built-ins/Proxy/revocable/name.js	sloppy	fail
test/built-ins/Proxy/revocable/name.js	strict	fail
test/built-ins/Proxy/revocable/not-a-constructor.js	sloppy	fail
test/built-ins/Proxy/revocable/not-a-constructor.js	strict	fail
test/built-ins/Proxy/revocable/proxy.js	sloppy	fail
test/built-ins/Proxy/revocable/proxy.js	strict	fail
test/built-ins/Proxy/revocable/revocation-function-extensible.js	sloppy	fail
test/built-ins/Proxy/revocable/revocation-function-extensible.js	strict	fail
test/built-ins/Proxy/revocable/revocation-function-length.js	sloppy	fail
test/built-ins/Proxy/revocable/revocation-function-length.js	strict	fail
test/built-ins/Proxy/revocable/revocation-function-name.js	sloppy	fail
test/built-ins/Proxy/revocable/revocation-function-name.js	strict	fail
test/built-ins/Proxy/revocable/revocation-function-not-a-constructor.js	sloppy	fail
test/built-ins/Proxy/revocable/revocation-function-not-a-constructor.js	strict	fail
test/built-ins/Proxy/revocable/revocation-function-property-order.js	sloppy	fail
test/built-ins/Proxy/revocable/revocation-function-property-order.js	strict	fail
test/built-ins/Proxy/revocable/revocation-function-prototype.js	sloppy	fail
test/built-ins/Proxy/revocable/revocation-function-prototype.js	strict	fail
test/built-ins/Proxy/revocable/revoke-consecutive-call-returns-undefined.js	sloppy	fail
test/built-ins/Proxy/revocable/revoke-consecutive-call-returns-undefined.js	strict	fail
test/built-ins/Proxy/revocable/revoke-returns-undefined.js	sloppy	fail
test/built-ins/Proxy/revocable/revoke-returns-undefined.js	strict	fail
test/built-ins/Proxy/revocable/revoke.js	sloppy	fail
test/built-ins/Proxy/revocable/revoke.js	strict	fail
test/built-ins/Proxy/revocable/target-is-revoked-function-proxy.js	sloppy	fail
test/built-ins/Proxy/revocable/target-is-revoked-function-proxy.js	strict	fail
test/built-ins/Proxy/revocable/target-is-revoked-proxy.js	sloppy	fail
test/built-ins/Proxy/revocable/target-is-revoked-proxy.js	strict	fail
test/built-ins/Proxy/revocable/tco-fn-realm.js	strict	fail
test/built-ins/Proxy/set/boolean-trap-result-is-false-boolean-return-false.js	sloppy	fail
test/built-ins/Proxy/set/boolean-trap-result-is-false-boolean-return-false.js	strict	fail
test/built-ins/Proxy/set/boolean-trap-result-is-false-null-return-false.js	sloppy	fail
test/built-ins/Proxy/set/boolean-trap-result-is-false-null-return-false.js	strict	fail
test/built-ins/Proxy/set/boolean-trap-result-is-false-number-return-false.js	sloppy	fail
test/built-ins/Proxy/set/boolean-trap-result-is-false-number-return-false.js	strict	fail
test/built-ins/Proxy/set/boolean-trap-result-is-false-string-return-false.js	sloppy	fail
test/built-ins/Proxy/set/boolean-trap-result-is-false-string-return-false.js	strict	fail
test/built-ins/Proxy/set/boolean-trap-result-is-false-undefined-return-false.js	sloppy	fail
test/built-ins/Proxy/set/boolean-trap-result-is-false-undefined-return-false.js	strict	fail
test/built-ins/Proxy/set/call-parameters-prototype-dunder-proto.js	sloppy	fail
test/built-ins/Proxy/set/call-parameters-prototype-dunder-proto.js	strict	fail
test/built-ins/Proxy/set/call-parameters-prototype-index.js	sloppy	fail
test/built-ins/Proxy/set/call-parameters-prototype-index.js	strict	fail
test/built-ins/Proxy/set/call-parameters-prototype.js	sloppy	fail
test/built-ins/Proxy/set/call-parameters-prototype.js	strict	fail
test/built-ins/Proxy/set/call-parameters.js	sloppy	fail
test/built-ins/Proxy/set/call-parameters.js	strict	fail
test/built-ins/Proxy/set/null-handler.js	sloppy	fail
test/built-ins/Proxy/set/null-handler.js	strict	fail
test/built-ins/Proxy/set/return-is-abrupt.js	sloppy	fail
test/built-ins/Proxy/set/return-is-abrupt.js	strict	fail
test/built-ins/Proxy/set/return-true-target-property-accessor-is-configurable-set-is-undefined.js	sloppy	fail
test/built-ins/Proxy/set/return-true-target-property-accessor-is-configurable-set-is-undefined.js	strict	fail
test/built-ins/Proxy/set/return-true-target-property-accessor-is-not-configurable.js	sloppy	fail
test/built-ins/Proxy/set/return-true-target-property-accessor-is-not-configurable.js	strict	fail
test/built-ins/Proxy/set/return-true-target-property-is-not-configurable.js	sloppy	fail
test/built-ins/Proxy/set/return-true-target-property-is-not-configurable.js	strict	fail
test/built-ins/Proxy/set/return-true-target-property-is-not-writable.js	sloppy	fail
test/built-ins/Proxy/set/return-true-target-property-is-not-writable.js	strict	fail
test/built-ins/Proxy/set/target-property-is-accessor-not-configurable-set-is-undefined.js	sloppy	fail
test/built-ins/Proxy/set/target-property-is-accessor-not-configurable-set-is-undefined.js	strict	fail
test/built-ins/Proxy/set/target-property-is-not-configurable-not-writable-not-equal-to-v.js	sloppy	fail
test/built-ins/Proxy/set/target-property-is-not-configurable-not-writable-not-equal-to-v.js	strict	fail
test/built-ins/Proxy/set/trap-is-missing-receiver-multiple-calls-index.js	sloppy	fail
test/built-ins/Proxy/set/trap-is-missing-receiver-multiple-calls-index.js	strict	fail
test/built-ins/Proxy/set/trap-is-missing-receiver-multiple-calls.js	sloppy	fail
test/built-ins/Proxy/set/trap-is-missing-receiver-multiple-calls.js	strict	fail
test/built-ins/Proxy/set/trap-is-missing-target-is-proxy.js	sloppy	fail
test/built-ins/Proxy/set/trap-is-missing-target-is-proxy.js	strict	fail
test/built-ins/Proxy/set/trap-is-not-callable-realm.js	sloppy	fail
test/built-ins/Proxy/set/trap-is-not-callable-realm.js	strict	fail
test/built-ins/Proxy/set/trap-is-not-callable.js	sloppy	fail
test/built-ins/Proxy/set/trap-is-not-callable.js	strict	fail
test/built-ins/Proxy/set/trap-is-null-receiver.js	sloppy	fail
test/built-ins/Proxy/set/trap-is-null-receiver.js	strict	fail
test/built-ins/Proxy/set/trap-is-null-target-is-proxy.js	sloppy	fail
test/built-ins/Proxy/set/trap-is-null-target-is-proxy.js	strict	fail
test/built-ins/Proxy/set/trap-is-undefined-no-property.js	sloppy	fail
test/built-ins/Proxy/set/trap-is-undefined-no-property.js	strict	fail
test/built-ins/Proxy/set/trap-is-undefined-target-is-proxy.js	sloppy	fail
test/built-ins/Proxy/set/trap-is-undefined-target-is-proxy.js	strict	fail
test/built-ins/Proxy/set/trap-is-undefined.js	sloppy	fail
test/built-ins/Proxy/set/trap-is-undefined.js	strict	fail
test/built-ins/Proxy/setPrototypeOf/call-parameters.js	sloppy	fail
test/built-ins/Proxy/setPrototypeOf/call-parameters.js	strict	fail
test/built-ins/Proxy/setPrototypeOf/internals-call-order.js	sloppy	fail
test/built-ins/Proxy/setPrototypeOf/internals-call-order.js	strict	fail
test/built-ins/Proxy/setPrototypeOf/not-extensible-target-not-same-target-prototype.js	sloppy	fail
test/built-ins/Proxy/setPrototypeOf/not-extensible-target-not-same-target-prototype.js	strict	fail
test/built-ins/Proxy/setPrototypeOf/not-extensible-target-same-target-prototype.js	sloppy	fail
test/built-ins/Proxy/setPrototypeOf/not-extensible-target-same-target-prototype.js	strict	fail
test/built-ins/Proxy/setPrototypeOf/null-handler.js	sloppy	fail
test/built-ins/Proxy/setPrototypeOf/null-handler.js	strict	fail
test/built-ins/Proxy/setPrototypeOf/return-abrupt-from-get-trap.js	sloppy	fail
test/built-ins/Proxy/setPrototypeOf/return-abrupt-from-get-trap.js	strict	fail
test/built-ins/Proxy/setPrototypeOf/return-abrupt-from-isextensible-target.js	sloppy	fail
test/built-ins/Proxy/setPrototypeOf/return-abrupt-from-isextensible-target.js	strict	fail
test/built-ins/Proxy/setPrototypeOf/return-abrupt-from-target-getprototypeof.js	sloppy	fail
test/built-ins/Proxy/setPrototypeOf/return-abrupt-from-target-getprototypeof.js	strict	fail
test/built-ins/Proxy/setPrototypeOf/return-abrupt-from-trap.js	sloppy	fail
test/built-ins/Proxy/setPrototypeOf/return-abrupt-from-trap.js	strict	fail
test/built-ins/Proxy/setPrototypeOf/toboolean-trap-result-false.js	sloppy	fail
test/built-ins/Proxy/setPrototypeOf/toboolean-trap-result-false.js	strict	fail
test/built-ins/Proxy/setPrototypeOf/toboolean-trap-result-true-target-is-extensible.js	sloppy	fail
test/built-ins/Proxy/setPrototypeOf/toboolean-trap-result-true-target-is-extensible.js	strict	fail
test/built-ins/Proxy/setPrototypeOf/trap-is-missing-target-is-proxy.js	sloppy	fail
test/built-ins/Proxy/setPrototypeOf/trap-is-missing-target-is-proxy.js	strict	fail
test/built-ins/Proxy/setPrototypeOf/trap-is-not-callable-realm.js	sloppy	fail
test/built-ins/Proxy/setPrototypeOf/trap-is-not-callable-realm.js	strict	fail
test/built-ins/Proxy/setPrototypeOf/trap-is-not-callable.js	sloppy	fail
test/built-ins/Proxy/setPrototypeOf/trap-is-not-callable.js	strict	fail
test/built-ins/Proxy/setPrototypeOf/trap-is-null-target-is-proxy.js	sloppy	fail
test/built-ins/Proxy/setPrototypeOf/trap-is-null-target-is-proxy.js	strict	fail
test/built-ins/Proxy/setPrototypeOf/trap-is-undefined-or-null.js	sloppy	fail
test/built-ins/Proxy/setPrototypeOf/trap-is-undefined-or-null.js	strict	fail
test/built-ins/Proxy/setPrototypeOf/trap-is-undefined-target-is-proxy.js	sloppy	fail
test/built-ins/Proxy/setPrototypeOf/trap-is-undefined-target-is-proxy.js	strict	fail
