test/language/expressions/less-than-or-equal/11.8.3-1.js	sloppy	fail
test/language/expressions/less-than-or-equal/11.8.3-1.js	strict	fail
test/language/expressions/less-than-or-equal/11.8.3-2.js	sloppy	fail
test/language/expressions/less-than-or-equal/11.8.3-2.js	strict	fail
test/language/expressions/less-than-or-equal/11.8.3-3.js	sloppy	fail
test/language/expressions/less-than-or-equal/11.8.3-3.js	strict	fail
test/language/expressions/less-than-or-equal/11.8.3-4.js	sloppy	fail
test/language/expressions/less-than-or-equal/11.8.3-4.js	strict	fail
test/language/expressions/less-than-or-equal/S11.8.3_A1.js	sloppy	fail
test/language/expressions/less-than-or-equal/S11.8.3_A1.js	strict	fail
test/language/expressions/less-than-or-equal/S11.8.3_A2.1_T1.js	sloppy	fail
test/language/expressions/less-than-or-equal/S11.8.3_A2.1_T1.js	strict	fail
test/language/expressions/less-than-or-equal/S11.8.3_A2.1_T2.js	sloppy	fail
test/language/expressions/less-than-or-equal/S11.8.3_A2.1_T2.js	strict	fail
test/language/expressions/less-than-or-equal/S11.8.3_A2.1_T3.js	sloppy	fail
test/language/expressions/less-than-or-equal/S11.8.3_A2.1_T3.js	strict	fail
test/language/expressions/less-than-or-equal/S11.8.3_A2.2_T1.js	sloppy	fail
test/language/expressions/less-than-or-equal/S11.8.3_A2.2_T1.js	strict	fail
test/language/expressions/less-than-or-equal/S11.8.3_A2.3_T1.js	sloppy	fail
test/language/expressions/less-than-or-equal/S11.8.3_A2.3_T1.js	strict	fail
test/language/expressions/less-than-or-equal/S11.8.3_A2.4_T1.js	sloppy	pass
test/language/expressions/less-than-or-equal/S11.8.3_A2.4_T1.js	strict	pass
test/language/expressions/less-than-or-equal/S11.8.3_A2.4_T2.js	sloppy	pass
test/language/expressions/less-than-or-equal/S11.8.3_A2.4_T2.js	strict	pass
test/language/expressions/less-than-or-equal/S11.8.3_A2.4_T3.js	sloppy	fail
test/language/expressions/less-than-or-equal/S11.8.3_A2.4_T3.js	strict	fail
test/language/expressions/less-than-or-equal/S11.8.3_A2.4_T4.js	sloppy	fail
test/language/expressions/less-than-or-equal/S11.8.3_A3.1_T1.1.js	sloppy	fail
test/language/expressions/less-than-or-equal/S11.8.3_A3.1_T1.1.js	strict	fail
test/language/expressions/less-than-or-equal/S11.8.3_A3.1_T1.2.js	sloppy	fail
test/language/expressions/less-than-or-equal/S11.8.3_A3.1_T1.2.js	strict	fail
test/language/expressions/less-than-or-equal/S11.8.3_A3.1_T1.3.js	sloppy	pass
test/language/expressions/less-than-or-equal/S11.8.3_A3.1_T1.3.js	strict	pass
test/language/expressions/less-than-or-equal/S11.8.3_A3.1_T2.1.js	sloppy	fail
test/language/expressions/less-than-or-equal/S11.8.3_A3.1_T2.1.js	strict	fail
test/language/expressions/less-than-or-equal/S11.8.3_A3.1_T2.2.js	sloppy	fail
test/language/expressions/less-than-or-equal/S11.8.3_A3.1_T2.2.js	strict	fail
test/language/expressions/less-than-or-equal/S11.8.3_A3.1_T2.3.js	sloppy	fail
test/language/expressions/less-than-or-equal/S11.8.3_A3.1_T2.3.js	strict	fail
test/language/expressions/less-than-or-equal/S11.8.3_A3.1_T2.4.js	sloppy	fail
test/language/expressions/less-than-or-equal/S11.8.3_A3.1_T2.4.js	strict	fail
test/language/expressions/less-than-or-equal/S11.8.3_A3.1_T2.5.js	sloppy	fail
test/language/expressions/less-than-or-equal/S11.8.3_A3.1_T2.5.js	strict	fail
test/language/expressions/less-than-or-equal/S11.8.3_A3.1_T2.6.js	sloppy	fail
test/language/expressions/less-than-or-equal/S11.8.3_A3.1_T2.6.js	strict	fail
test/language/expressions/less-than-or-equal/S11.8.3_A3.1_T2.7.js	sloppy	fail
test/language/expressions/less-than-or-equal/S11.8.3_A3.1_T2.7.js	strict	fail
test/language/expressions/less-than-or-equal/S11.8.3_A3.1_T2.8.js	sloppy	fail
test/language/expressions/less-than-or-equal/S11.8.3_A3.1_T2.8.js	strict	fail
test/language/expressions/less-than-or-equal/S11.8.3_A3.1_T2.9.js	sloppy	fail
test/language/expressions/less-than-or-equal/S11.8.3_A3.1_T2.9.js	strict	fail
test/language/expressions/less-than-or-equal/S11.8.3_A3.2_T1.1.js	sloppy	fail
test/language/expressions/less-than-or-equal/S11.8.3_A3.2_T1.1.js	strict	fail
test/language/expressions/less-than-or-equal/S11.8.3_A3.2_T1.2.js	sloppy	fail
test/language/expressions/less-than-or-equal/S11.8.3_A3.2_T1.2.js	strict	fail
test/language/expressions/less-than-or-equal/S11.8.3_A4.1.js	sloppy	pass
test/language/expressions/less-than-or-equal/S11.8.3_A4.1.js	strict	pass
test/language/expressions/less-than-or-equal/S11.8.3_A4.10.js	sloppy	pass
test/language/expressions/less-than-or-equal/S11.8.3_A4.10.js	strict	pass
test/language/expressions/less-than-or-equal/S11.8.3_A4.11.js	sloppy	pass
test/language/expressions/less-than-or-equal/S11.8.3_A4.11.js	strict	pass
test/language/expressions/less-than-or-equal/S11.8.3_A4.12_T1.js	sloppy	pass
test/language/expressions/less-than-or-equal/S11.8.3_A4.12_T1.js	strict	pass
test/language/expressions/less-than-or-equal/S11.8.3_A4.12_T2.js	sloppy	pass
test/language/expressions/less-than-or-equal/S11.8.3_A4.12_T2.js	strict	pass
test/language/expressions/less-than-or-equal/S11.8.3_A4.2.js	sloppy	pass
test/language/expressions/less-than-or-equal/S11.8.3_A4.2.js	strict	pass
test/language/expressions/less-than-or-equal/S11.8.3_A4.3.js	sloppy	pass
test/language/expressions/less-than-or-equal/S11.8.3_A4.3.js	strict	pass
test/language/expressions/less-than-or-equal/S11.8.3_A4.4.js	sloppy	pass
test/language/expressions/less-than-or-equal/S11.8.3_A4.4.js	strict	pass
test/language/expressions/less-than-or-equal/S11.8.3_A4.5.js	sloppy	pass
test/language/expressions/less-than-or-equal/S11.8.3_A4.5.js	strict	pass
test/language/expressions/less-than-or-equal/S11.8.3_A4.6.js	sloppy	pass
test/language/expressions/less-than-or-equal/S11.8.3_A4.6.js	strict	pass
test/language/expressions/less-than-or-equal/S11.8.3_A4.7.js	sloppy	pass
test/language/expressions/less-than-or-equal/S11.8.3_A4.7.js	strict	pass
test/language/expressions/less-than-or-equal/S11.8.3_A4.8.js	sloppy	pass
test/language/expressions/less-than-or-equal/S11.8.3_A4.8.js	strict	pass
test/language/expressions/less-than-or-equal/S11.8.3_A4.9.js	sloppy	pass
test/language/expressions/less-than-or-equal/S11.8.3_A4.9.js	strict	pass
test/language/expressions/less-than-or-equal/bigint-and-bigint.js	sloppy	fail
test/language/expressions/less-than-or-equal/bigint-and-bigint.js	strict	fail
test/language/expressions/less-than-or-equal/bigint-and-incomparable-string.js	sloppy	pass
test/language/expressions/less-than-or-equal/bigint-and-incomparable-string.js	strict	pass
test/language/expressions/less-than-or-equal/bigint-and-non-finite.js	sloppy	fail
test/language/expressions/less-than-or-equal/bigint-and-non-finite.js	strict	fail
test/language/expressions/less-than-or-equal/bigint-and-number-extremes.js	sloppy	fail
test/language/expressions/less-than-or-equal/bigint-and-number-extremes.js	strict	fail
test/language/expressions/less-than-or-equal/bigint-and-number.js	sloppy	fail
test/language/expressions/less-than-or-equal/bigint-and-number.js	strict	fail
test/language/expressions/less-than-or-equal/bigint-and-string.js	sloppy	fail
test/language/expressions/less-than-or-equal/bigint-and-string.js	strict	fail
