test/language/expressions/left-shift/S11.7.1_A1.js	sloppy	fail
test/language/expressions/left-shift/S11.7.1_A1.js	strict	fail
test/language/expressions/left-shift/S11.7.1_A2.1_T1.js	sloppy	fail
test/language/expressions/left-shift/S11.7.1_A2.1_T1.js	strict	fail
test/language/expressions/left-shift/S11.7.1_A2.1_T2.js	sloppy	fail
test/language/expressions/left-shift/S11.7.1_A2.1_T2.js	strict	fail
test/language/expressions/left-shift/S11.7.1_A2.1_T3.js	sloppy	fail
test/language/expressions/left-shift/S11.7.1_A2.1_T3.js	strict	fail
test/language/expressions/left-shift/S11.7.1_A2.2_T1.js	sloppy	fail
test/language/expressions/left-shift/S11.7.1_A2.2_T1.js	strict	fail
test/language/expressions/left-shift/S11.7.1_A2.3_T1.js	sloppy	fail
test/language/expressions/left-shift/S11.7.1_A2.3_T1.js	strict	fail
test/language/expressions/left-shift/S11.7.1_A2.4_T1.js	sloppy	pass
test/language/expressions/left-shift/S11.7.1_A2.4_T1.js	strict	pass
test/language/expressions/left-shift/S11.7.1_A2.4_T2.js	sloppy	pass
test/language/expressions/left-shift/S11.7.1_A2.4_T2.js	strict	pass
test/language/expressions/left-shift/S11.7.1_A2.4_T3.js	sloppy	fail
test/language/expressions/left-shift/S11.7.1_A2.4_T3.js	strict	fail
test/language/expressions/left-shift/S11.7.1_A2.4_T4.js	sloppy	fail
test/language/expressions/left-shift/S11.7.1_A3_T1.1.js	sloppy	fail
test/language/expressions/left-shift/S11.7.1_A3_T1.1.js	strict	fail
test/language/expressions/left-shift/S11.7.1_A3_T1.2.js	sloppy	fail
test/language/expressions/left-shift/S11.7.1_A3_T1.2.js	strict	fail
test/language/expressions/left-shift/S11.7.1_A3_T1.3.js	sloppy	fail
test/language/expressions/left-shift/S11.7.1_A3_T1.3.js	strict	fail
test/language/expressions/left-shift/S11.7.1_A3_T1.4.js	sloppy	pass
test/language/expressions/left-shift/S11.7.1_A3_T1.4.js	strict	pass
test/language/expressions/left-shift/S11.7.1_A3_T1.5.js	sloppy	pass
test/language/expressions/left-shift/S11.7.1_A3_T1.5.js	strict	pass
test/language/expressions/left-shift/S11.7.1_A3_T2.1.js	sloppy	fail
test/language/expressions/left-shift/S11.7.1_A3_T2.1.js	strict	fail
test/language/expressions/left-shift/S11.7.1_A3_T2.2.js	sloppy	fail
test/language/expressions/left-shift/S11.7.1_A3_T2.2.js	strict	fail
test/language/expressions/left-shift/S11.7.1_A3_T2.3.js	sloppy	fail
test/language/expressions/left-shift/S11.7.1_A3_T2.3.js	strict	fail
test/language/expressions/left-shift/S11.7.1_A3_T2.4.js	sloppy	fail
test/language/expressions/left-shift/S11.7.1_A3_T2.4.js	strict	fail
test/language/expressions/left-shift/S11.7.1_A3_T2.5.js	sloppy	fail
test/language/expressions/left-shift/S11.7.1_A3_T2.5.js	strict	fail
test/language/expressions/left-shift/S11.7.1_A3_T2.6.js	sloppy	fail
test/language/expressions/left-shift/S11.7.1_A3_T2.6.js	strict	fail
test/language/expressions/left-shift/S11.7.1_A3_T2.7.js	sloppy	fail
test/language/expressions/left-shift/S11.7.1_A3_T2.7.js	strict	fail
test/language/expressions/left-shift/S11.7.1_A3_T2.8.js	sloppy	fail
test/language/expressions/left-shift/S11.7.1_A3_T2.8.js	strict	fail
test/language/expressions/left-shift/S11.7.1_A3_T2.9.js	sloppy	fail
test/language/expressions/left-shift/S11.7.1_A3_T2.9.js	strict	fail
test/language/expressions/left-shift/S11.7.1_A4_T1.js	sloppy	pass
test/language/expressions/left-shift/S11.7.1_A4_T1.js	strict	pass
test/language/expressions/left-shift/S11.7.1_A4_T2.js	sloppy	pass
test/language/expressions/left-shift/S11.7.1_A4_T2.js	strict	pass
test/language/expressions/left-shift/S11.7.1_A4_T3.js	sloppy	pass
test/language/expressions/left-shift/S11.7.1_A4_T3.js	strict	pass
test/language/expressions/left-shift/S11.7.1_A4_T4.js	sloppy	pass
test/language/expressions/left-shift/S11.7.1_A4_T4.js	strict	pass
test/language/expressions/left-shift/S11.7.1_A5.1_T1.js	sloppy	pass
test/language/expressions/left-shift/S11.7.1_A5.1_T1.js	strict	pass
test/language/expressions/left-shift/S11.7.1_A5.2_T1.js	sloppy	pass
test/language/expressions/left-shift/S11.7.1_A5.2_T1.js	strict	pass
test/language/expressions/left-shift/S9.5_A1_T1.js	sloppy	fail
test/language/expressions/left-shift/S9.5_A1_T1.js	strict	fail
test/language/expressions/left-shift/S9.5_A2.1_T1.js	sloppy	pass
test/language/expressions/left-shift/S9.5_A2.1_T1.js	strict	pass
test/language/expressions/left-shift/S9.5_A2.2_T1.js	sloppy	pass
test/language/expressions/left-shift/S9.5_A2.2_T1.js	strict	pass
test/language/expressions/left-shift/S9.5_A2.3_T1.js	sloppy	pass
test/language/expressions/left-shift/S9.5_A2.3_T1.js	strict	pass
test/language/expressions/left-shift/S9.5_A3.1_T1.js	sloppy	fail
test/language/expressions/left-shift/S9.5_A3.1_T1.js	strict	fail
test/language/expressions/left-shift/S9.5_A3.1_T2.js	sloppy	fail
test/language/expressions/left-shift/S9.5_A3.1_T2.js	strict	fail
test/language/expressions/left-shift/S9.5_A3.1_T3.js	sloppy	fail
test/language/expressions/left-shift/S9.5_A3.1_T3.js	strict	fail
test/language/expressions/left-shift/S9.5_A3.2_T1.js	sloppy	pass
test/language/expressions/left-shift/S9.5_A3.2_T1.js	strict	pass
test/language/expressions/left-shift/bigint-and-number.js	sloppy	fail
test/language/expressions/left-shift/bigint-and-number.js	strict	fail
test/language/expressions/left-shift/bigint-errors.js	sloppy	fail
test/language/expressions/left-shift/bigint-errors.js	strict	fail
test/language/expressions/left-shift/bigint-non-primitive.js	sloppy	fail
test/language/expressions/left-shift/bigint-non-primitive.js	strict	fail
test/language/expressions/left-shift/bigint-toprimitive.js	sloppy	fail
test/language/expressions/left-shift/bigint-toprimitive.js	strict	fail
test/language/expressions/left-shift/bigint-wrapped-values.js	sloppy	fail
test/language/expressions/left-shift/bigint-wrapped-values.js	strict	fail
test/language/expressions/left-shift/bigint.js	sloppy	fail
test/language/expressions/left-shift/bigint.js	strict	fail
test/language/expressions/left-shift/order-of-evaluation.js	sloppy	fail
test/language/expressions/left-shift/order-of-evaluation.js	strict	fail
