test/language/statements/switch/S12.11_A1_T1.js	sloppy	pass
test/language/statements/switch/S12.11_A1_T1.js	strict	pass
test/language/statements/switch/S12.11_A1_T2.js	sloppy	fail
test/language/statements/switch/S12.11_A1_T2.js	strict	fail
test/language/statements/switch/S12.11_A1_T3.js	sloppy	pass
test/language/statements/switch/S12.11_A1_T3.js	strict	pass
test/language/statements/switch/S12.11_A1_T4.js	sloppy	fail
test/language/statements/switch/S12.11_A1_T4.js	strict	fail
test/language/statements/switch/S12.11_A2_T1.js	sloppy	pass
test/language/statements/switch/S12.11_A2_T1.js	strict	pass
test/language/statements/switch/S12.11_A3_T1.js	sloppy	pass
test/language/statements/switch/S12.11_A3_T1.js	strict	pass
test/language/statements/switch/S12.11_A3_T2.js	sloppy	pass
test/language/statements/switch/S12.11_A3_T2.js	strict	pass
test/language/statements/switch/S12.11_A3_T3.js	sloppy	pass
test/language/statements/switch/S12.11_A3_T3.js	strict	pass
test/language/statements/switch/S12.11_A3_T4.js	sloppy	pass
test/language/statements/switch/S12.11_A3_T4.js	strict	pass
test/language/statements/switch/S12.11_A3_T5.js	sloppy	pass
test/language/statements/switch/S12.11_A3_T5.js	strict	pass
test/language/statements/switch/S12.11_A4_T1.js	sloppy	pass
test/language/statements/switch/S12.11_A4_T1.js	strict	pass
test/language/statements/switch/cptn-a-abrupt-empty.js	sloppy	fail
test/language/statements/switch/cptn-a-abrupt-empty.js	strict	fail
test/language/statements/switch/cptn-a-fall-thru-abrupt-empty.js	sloppy	fail
test/language/statements/switch/cptn-a-fall-thru-abrupt-empty.js	strict	fail
test/language/statements/switch/cptn-a-fall-thru-nrml.js	sloppy	fail
test/language/statements/switch/cptn-a-fall-thru-nrml.js	strict	fail
test/language/statements/switch/cptn-abrupt-empty.js	sloppy	fail
test/language/statements/switch/cptn-abrupt-empty.js	strict	fail
test/language/statements/switch/cptn-b-abrupt-empty.js	sloppy	fail
test/language/statements/switch/cptn-b-abrupt-empty.js	strict	fail
test/language/statements/switch/cptn-b-fall-thru-abrupt-empty.js	sloppy	fail
test/language/statements/switch/cptn-b-fall-thru-abrupt-empty.js	strict	fail
test/language/statements/switch/cptn-b-fall-thru-nrml.js	sloppy	fail
test/language/statements/switch/cptn-b-fall-thru-nrml.js	strict	fail
test/language/statements/switch/cptn-b-final.js	sloppy	fail
test/language/statements/switch/cptn-b-final.js	strict	fail
test/language/statements/switch/cptn-dflt-abrupt-empty.js	sloppy	fail
test/language/statements/switch/cptn-dflt-abrupt-empty.js	strict	fail
test/language/statements/switch/cptn-dflt-b-abrupt-empty.js	sloppy	fail
test/language/statements/switch/cptn-dflt-b-abrupt-empty.js	strict	fail
test/language/statements/switch/cptn-dflt-b-fall-thru-abrupt-empty.js	sloppy	fail
test/language/statements/switch/cptn-dflt-b-fall-thru-abrupt-empty.js	strict	fail
test/language/statements/switch/cptn-dflt-b-fall-thru-nrml.js	sloppy	fail
test/language/statements/switch/cptn-dflt-b-fall-thru-nrml.js	strict	fail
test/language/statements/switch/cptn-dflt-b-final.js	sloppy	fail
test/language/statements/switch/cptn-dflt-b-final.js	strict	fail
test/language/statements/switch/cptn-dflt-fall-thru-abrupt-empty.js	sloppy	fail
test/language/statements/switch/cptn-dflt-fall-thru-abrupt-empty.js	strict	fail
test/language/statements/switch/cptn-dflt-fall-thru-nrml.js	sloppy	fail
test/language/statements/switch/cptn-dflt-fall-thru-nrml.js	strict	fail
test/language/statements/switch/cptn-dflt-final.js	sloppy	fail
test/language/statements/switch/cptn-dflt-final.js	strict	fail
test/language/statements/switch/cptn-no-dflt-match-abrupt-empty.js	sloppy	fail
test/language/statements/switch/cptn-no-dflt-match-abrupt-empty.js	strict	fail
test/language/statements/switch/cptn-no-dflt-match-fall-thru-abrupt-empty.js	sloppy	fail
test/language/statements/switch/cptn-no-dflt-match-fall-thru-abrupt-empty.js	strict	fail
test/language/statements/switch/cptn-no-dflt-match-fall-thru-nrml.js	sloppy	fail
test/language/statements/switch/cptn-no-dflt-match-fall-thru-nrml.js	strict	fail
test/language/statements/switch/cptn-no-dflt-match-final.js	sloppy	fail
test/language/statements/switch/cptn-no-dflt-match-final.js	strict	fail
test/language/statements/switch/cptn-no-dflt-no-match.js	sloppy	fail
test/language/statements/switch/cptn-no-dflt-no-match.js	strict	fail
test/language/statements/switch/scope-lex-async-function.js	sloppy	pass
test/language/statements/switch/scope-lex-async-function.js	strict	pass
test/language/statements/switch/scope-lex-async-generator.js	sloppy	pass
test/language/statements/switch/scope-lex-async-generator.js	strict	pass
test/language/statements/switch/scope-lex-class.js	sloppy	fail
test/language/statements/switch/scope-lex-class.js	strict	fail
test/language/statements/switch/scope-lex-close-case.js	sloppy	fail
test/language/statements/switch/scope-lex-close-case.js	strict	fail
test/language/statements/switch/scope-lex-close-dflt.js	sloppy	fail
test/language/statements/switch/scope-lex-close-dflt.js	strict	fail
test/language/statements/switch/scope-lex-const.js	sloppy	fail
test/language/statements/switch/scope-lex-const.js	strict	fail
test/language/statements/switch/scope-lex-generator.js	sloppy	pass
test/language/statements/switch/scope-lex-generator.js	strict	pass
test/language/statements/switch/scope-lex-let.js	sloppy	pass
test/language/statements/switch/scope-lex-let.js	strict	pass
test/language/statements/switch/scope-lex-open-case.js	sloppy	fail
test/language/statements/switch/scope-lex-open-case.js	strict	fail
test/language/statements/switch/scope-lex-open-dflt.js	sloppy	fail
test/language/statements/switch/scope-lex-open-dflt.js	strict	fail
test/language/statements/switch/scope-var-none-case.js	sloppy	fail
test/language/statements/switch/scope-var-none-dflt.js	sloppy	fail
test/language/statements/switch/syntax/redeclaration/async-function-name-redeclaration-attempt-with-async-function.js	sloppy	fail
test/language/statements/switch/syntax/redeclaration/async-function-name-redeclaration-attempt-with-async-function.js	strict	fail
test/language/statements/switch/syntax/redeclaration/async-function-name-redeclaration-attempt-with-async-generator.js	sloppy	fail
test/language/statements/switch/syntax/redeclaration/async-function-name-redeclaration-attempt-with-async-generator.js	strict	fail
test/language/statements/switch/syntax/redeclaration/async-function-name-redeclaration-attempt-with-class.js	sloppy	fail
test/language/statements/switch/syntax/redeclaration/async-function-name-redeclaration-attempt-with-class.js	strict	fail
test/language/statements/switch/syntax/redeclaration/async-function-name-redeclaration-attempt-with-const.js	sloppy	fail
test/language/statements/switch/syntax/redeclaration/async-function-name-redeclaration-attempt-with-const.js	strict	fail
test/language/statements/switch/syntax/redeclaration/async-function-name-redeclaration-attempt-with-function.js	sloppy	fail
test/language/statements/switch/syntax/redeclaration/async-function-name-redeclaration-attempt-with-function.js	strict	fail
test/language/statements/switch/syntax/redeclaration/async-function-name-redeclaration-attempt-with-generator.js	sloppy	fail
test/language/statements/switch/syntax/redeclaration/async-function-name-redeclaration-attempt-with-generator.js	strict	fail
test/language/statements/switch/syntax/redeclaration/async-function-name-redeclaration-attempt-with-let.js	sloppy	fail
test/language/statements/switch/syntax/redeclaration/async-function-name-redeclaration-attempt-with-let.js	strict	fail
test/language/statements/switch/syntax/redeclaration/async-function-name-redeclaration-attempt-with-var.js	sloppy	fail
test/language/statements/switch/syntax/redeclaration/async-function-name-redeclaration-attempt-with-var.js	strict	fail
test/language/statements/switch/syntax/redeclaration/async-generator-name-redeclaration-attempt-with-async-function.js	sloppy	fail
test/language/statements/switch/syntax/redeclaration/async-generator-name-redeclaration-attempt-with-async-function.js	strict	fail
test/language/statements/switch/syntax/redeclaration/async-generator-name-redeclaration-attempt-with-async-generator.js	sloppy	fail
test/language/statements/switch/syntax/redeclaration/async-generator-name-redeclaration-attempt-with-async-generator.js	strict	fail
test/language/statements/switch/syntax/redeclaration/async-generator-name-redeclaration-attempt-with-class.js	sloppy	fail
test/language/statements/switch/syntax/redeclaration/async-generator-name-redeclaration-attempt-with-class.js	strict	fail
test/language/statements/switch/syntax/redeclaration/async-generator-name-redeclaration-attempt-with-const.js	sloppy	fail
test/language/statements/switch/syntax/redeclaration/async-generator-name-redeclaration-attempt-with-const.js	strict	fail
test/language/statements/switch/syntax/redeclaration/async-generator-name-redeclaration-attempt-with-function.js	sloppy	fail
test/language/statements/switch/syntax/redeclaration/async-generator-name-redeclaration-attempt-with-function.js	strict	fail
test/language/statements/switch/syntax/redeclaration/async-generator-name-redeclaration-attempt-with-generator.js	sloppy	fail
test/language/statements/switch/syntax/redeclaration/async-generator-name-redeclaration-attempt-with-generator.js	strict	fail
test/language/statements/switch/syntax/redeclaration/async-generator-name-redeclaration-attempt-with-let.js	sloppy	fail
test/language/statements/switch/syntax/redeclaration/async-generator-name-redeclaration-attempt-with-let.js	strict	fail
test/language/statements/switch/syntax/redeclaration/async-generator-name-redeclaration-attempt-with-var.js	sloppy	fail
test/language/statements/switch/syntax/redeclaration/async-generator-name-redeclaration-attempt-with-var.js	strict	fail
test/language/statements/switch/syntax/redeclaration/class-name-redeclaration-attempt-with-async-function.js	sloppy	fail
test/language/statements/switch/syntax/redeclaration/class-name-redeclaration-attempt-with-async-function.js	strict	fail
test/language/statements/switch/syntax/redeclaration/class-name-redeclaration-attempt-with-async-generator.js	sloppy	fail
test/language/statements/switch/syntax/redeclaration/class-name-redeclaration-attempt-with-async-generator.js	strict	fail
test/language/statements/switch/syntax/redeclaration/class-name-redeclaration-attempt-with-class.js	sloppy	fail
test/language/statements/switch/syntax/redeclaration/class-name-redeclaration-attempt-with-class.js	strict	fail
test/language/statements/switch/syntax/redeclaration/class-name-redeclaration-attempt-with-const.js	sloppy	fail
test/language/statements/switch/syntax/redeclaration/class-name-redeclaration-attempt-with-const.js	strict	fail
test/language/statements/switch/syntax/redeclaration/class-name-redeclaration-attempt-with-function.js	sloppy	fail
test/language/statements/switch/syntax/redeclaration/class-name-redeclaration-attempt-with-function.js	strict	fail
test/language/statements/switch/syntax/redeclaration/class-name-redeclaration-attempt-with-generator.js	sloppy	fail
test/language/statements/switch/syntax/redeclaration/class-name-redeclaration-attempt-with-generator.js	strict	fail
test/language/statements/switch/syntax/redeclaration/class-name-redeclaration-attempt-with-let.js	sloppy	fail
test/language/statements/switch/syntax/redeclaration/class-name-redeclaration-attempt-with-let.js	strict	fail
test/language/statements/switch/syntax/redeclaration/class-name-redeclaration-attempt-with-var.js	sloppy	fail
test/language/statements/switch/syntax/redeclaration/class-name-redeclaration-attempt-with-var.js	strict	fail
test/language/statements/switch/syntax/redeclaration/const-name-redeclaration-attempt-with-async-function.js	sloppy	fail
test/language/statements/switch/syntax/redeclaration/const-name-redeclaration-attempt-with-async-function.js	strict	fail
test/language/statements/switch/syntax/redeclaration/const-name-redeclaration-attempt-with-async-generator.js	sloppy	fail
test/language/statements/switch/syntax/redeclaration/const-name-redeclaration-attempt-with-async-generator.js	strict	fail
test/language/statements/switch/syntax/redeclaration/const-name-redeclaration-attempt-with-class.js	sloppy	fail
test/language/statements/switch/syntax/redeclaration/const-name-redeclaration-attempt-with-class.js	strict	fail
test/language/statements/switch/syntax/redeclaration/const-name-redeclaration-attempt-with-const.js	sloppy	fail
test/language/statements/switch/syntax/redeclaration/const-name-redeclaration-attempt-with-const.js	strict	fail
test/language/statements/switch/syntax/redeclaration/const-name-redeclaration-attempt-with-function.js	sloppy	fail
test/language/statements/switch/syntax/redeclaration/const-name-redeclaration-attempt-with-function.js	strict	fail
test/language/statements/switch/syntax/redeclaration/const-name-redeclaration-attempt-with-generator.js	sloppy	fail
test/language/statements/switch/syntax/redeclaration/const-name-redeclaration-attempt-with-generator.js	strict	fail
test/language/statements/switch/syntax/redeclaration/const-name-redeclaration-attempt-with-let.js	sloppy	fail
test/language/statements/switch/syntax/redeclaration/const-name-redeclaration-attempt-with-let.js	strict	fail
test/language/statements/switch/syntax/redeclaration/const-name-redeclaration-attempt-with-var.js	sloppy	fail
test/language/statements/switch/syntax/redeclaration/const-name-redeclaration-attempt-with-var.js	strict	fail
test/language/statements/switch/syntax/redeclaration/function-name-redeclaration-attempt-with-async-function.js	sloppy	fail
test/language/statements/switch/syntax/redeclaration/function-name-redeclaration-attempt-with-async-function.js	strict	fail
test/language/statements/switch/syntax/redeclaration/function-name-redeclaration-attempt-with-async-generator.js	sloppy	fail
test/language/statements/switch/syntax/redeclaration/function-name-redeclaration-attempt-with-async-generator.js	strict	fail
test/language/statements/switch/syntax/redeclaration/function-name-redeclaration-attempt-with-class.js	sloppy	fail
test/language/statements/switch/syntax/redeclaration/function-name-redeclaration-attempt-with-class.js	strict	fail
test/language/statements/switch/syntax/redeclaration/function-name-redeclaration-attempt-with-const.js	sloppy	fail
test/language/statements/switch/syntax/redeclaration/function-name-redeclaration-attempt-with-const.js	strict	fail
test/language/statements/switch/syntax/redeclaration/function-name-redeclaration-attempt-with-function.js	strict	fail
test/language/statements/switch/syntax/redeclaration/function-name-redeclaration-attempt-with-generator.js	sloppy	fail
test/language/statements/switch/syntax/redeclaration/function-name-redeclaration-attempt-with-generator.js	strict	fail
test/language/statements/switch/syntax/redeclaration/function-name-redeclaration-attempt-with-let.js	sloppy	fail
test/language/statements/switch/syntax/redeclaration/function-name-redeclaration-attempt-with-let.js	strict	fail
test/language/statements/switch/syntax/redeclaration/function-name-redeclaration-attempt-with-var.js	sloppy	fail
test/language/statements/switch/syntax/redeclaration/function-name-redeclaration-attempt-with-var.js	strict	fail
test/language/statements/switch/syntax/redeclaration/generator-name-redeclaration-attempt-with-async-function.js	sloppy	fail
test/language/statements/switch/syntax/redeclaration/generator-name-redeclaration-attempt-with-async-function.js	strict	fail
test/language/statements/switch/syntax/redeclaration/generator-name-redeclaration-attempt-with-async-generator.js	sloppy	fail
test/language/statements/switch/syntax/redeclaration/generator-name-redeclaration-attempt-with-async-generator.js	strict	fail
test/language/statements/switch/syntax/redeclaration/generator-name-redeclaration-attempt-with-class.js	sloppy	fail
test/language/statements/switch/syntax/redeclaration/generator-name-redeclaration-attempt-with-class.js	strict	fail
test/language/statements/switch/syntax/redeclaration/generator-name-redeclaration-attempt-with-const.js	sloppy	fail
test/language/statements/switch/syntax/redeclaration/generator-name-redeclaration-attempt-with-const.js	strict	fail
test/language/statements/switch/syntax/redeclaration/generator-name-redeclaration-attempt-with-function.js	sloppy	fail
test/language/statements/switch/syntax/redeclaration/generator-name-redeclaration-attempt-with-function.js	strict	fail
test/language/statements/switch/syntax/redeclaration/generator-name-redeclaration-attempt-with-generator.js	sloppy	fail
test/language/statements/switch/syntax/redeclaration/generator-name-redeclaration-attempt-with-generator.js	strict	fail
test/language/statements/switch/syntax/redeclaration/generator-name-redeclaration-attempt-with-let.js	sloppy	fail
test/language/statements/switch/syntax/redeclaration/generator-name-redeclaration-attempt-with-let.js	strict	fail
test/language/statements/switch/syntax/redeclaration/generator-name-redeclaration-attempt-with-var.js	sloppy	fail
test/language/statements/switch/syntax/redeclaration/generator-name-redeclaration-attempt-with-var.js	strict	fail
test/language/statements/switch/syntax/redeclaration/let-name-redeclaration-attempt-with-async-function.js	sloppy	fail
test/language/statements/switch/syntax/redeclaration/let-name-redeclaration-attempt-with-async-function.js	strict	fail
test/language/statements/switch/syntax/redeclaration/let-name-redeclaration-attempt-with-async-generator.js	sloppy	fail
test/language/statements/switch/syntax/redeclaration/let-name-redeclaration-attempt-with-async-generator.js	strict	fail
test/language/statements/switch/syntax/redeclaration/let-name-redeclaration-attempt-with-class.js	sloppy	fail
test/language/statements/switch/syntax/redeclaration/let-name-redeclaration-attempt-with-class.js	strict	fail
test/language/statements/switch/syntax/redeclaration/let-name-redeclaration-attempt-with-const.js	sloppy	fail
test/language/statements/switch/syntax/redeclaration/let-name-redeclaration-attempt-with-const.js	strict	fail
test/language/statements/switch/syntax/redeclaration/let-name-redeclaration-attempt-with-function.js	sloppy	fail
test/language/statements/switch/syntax/redeclaration/let-name-redeclaration-attempt-with-function.js	strict	fail
test/language/statements/switch/syntax/redeclaration/let-name-redeclaration-attempt-with-generator.js	sloppy	fail
test/language/statements/switch/syntax/redeclaration/let-name-redeclaration-attempt-with-generator.js	strict	fail
test/language/statements/switch/syntax/redeclaration/let-name-redeclaration-attempt-with-let.js	sloppy	fail
test/language/statements/switch/syntax/redeclaration/let-name-redeclaration-attempt-with-let.js	strict	fail
test/language/statements/switch/syntax/redeclaration/let-name-redeclaration-attempt-with-var.js	sloppy	fail
test/language/statements/switch/syntax/redeclaration/let-name-redeclaration-attempt-with-var.js	strict	fail
test/language/statements/switch/syntax/redeclaration/var-name-redeclaration-attempt-with-async-function.js	sloppy	fail
test/language/statements/switch/syntax/redeclaration/var-name-redeclaration-attempt-with-async-function.js	strict	fail
test/language/statements/switch/syntax/redeclaration/var-name-redeclaration-attempt-with-async-generator.js	sloppy	fail
test/language/statements/switch/syntax/redeclaration/var-name-redeclaration-attempt-with-async-generator.js	strict	fail
test/language/statements/switch/syntax/redeclaration/var-name-redeclaration-attempt-with-class.js	sloppy	fail
test/language/statements/switch/syntax/redeclaration/var-name-redeclaration-attempt-with-class.js	strict	fail
test/language/statements/switch/syntax/redeclaration/var-name-redeclaration-attempt-with-const.js	sloppy	fail
test/language/statements/switch/syntax/redeclaration/var-name-redeclaration-attempt-with-const.js	strict	fail
test/language/statements/switch/syntax/redeclaration/var-name-redeclaration-attempt-with-function.js	sloppy	fail
test/language/statements/switch/syntax/redeclaration/var-name-redeclaration-attempt-with-function.js	strict	fail
test/language/statements/switch/syntax/redeclaration/var-name-redeclaration-attempt-with-generator.js	sloppy	fail
test/language/statements/switch/syntax/redeclaration/var-name-redeclaration-attempt-with-generator.js	strict	fail
test/language/statements/switch/syntax/redeclaration/var-name-redeclaration-attempt-with-let.js	sloppy	fail
test/language/statements/switch/syntax/redeclaration/var-name-redeclaration-attempt-with-let.js	strict	fail
test/language/statements/switch/syntax/redeclaration/var-name-redeclaration-attempt-with-var.js	sloppy	pass
test/language/statements/switch/syntax/redeclaration/var-name-redeclaration-attempt-with-var.js	strict	pass
test/language/statements/switch/tco-case-body-dflt.js	strict	fail
test/language/statements/switch/tco-case-body.js	strict	fail
test/language/statements/switch/tco-dftl-body.js	strict	fail
