test/built-ins/Map/Symbol.species/length.js	sloppy	fail
test/built-ins/Map/Symbol.species/length.js	strict	fail
test/built-ins/Map/Symbol.species/return-value.js	sloppy	fail
test/built-ins/Map/Symbol.species/return-value.js	strict	fail
test/built-ins/Map/Symbol.species/symbol-species-name.js	sloppy	fail
test/built-ins/Map/Symbol.species/symbol-species-name.js	strict	fail
test/built-ins/Map/Symbol.species/symbol-species.js	sloppy	fail
test/built-ins/Map/Symbol.species/symbol-species.js	strict	fail
test/built-ins/Map/bigint-number-same-value.js	sloppy	fail
test/built-ins/Map/bigint-number-same-value.js	strict	fail
test/built-ins/Map/constructor.js	sloppy	pass
test/built-ins/Map/constructor.js	strict	pass
test/built-ins/Map/does-not-throw-when-set-is-not-callable.js	sloppy	pass
test/built-ins/Map/does-not-throw-when-set-is-not-callable.js	strict	pass
test/built-ins/Map/get-set-method-failure.js	sloppy	fail
test/built-ins/Map/get-set-method-failure.js	strict	fail
test/built-ins/Map/groupBy/callback-arg.js	sloppy	fail
test/built-ins/Map/groupBy/callback-arg.js	strict	fail
test/built-ins/Map/groupBy/callback-throws.js	sloppy	fail
test/built-ins/Map/groupBy/callback-throws.js	strict	fail
test/built-ins/Map/groupBy/emptyList.js	sloppy	fail
test/built-ins/Map/groupBy/emptyList.js	strict	fail
test/built-ins/Map/groupBy/evenOdd.js	sloppy	fail
test/built-ins/Map/groupBy/evenOdd.js	strict	fail
test/built-ins/Map/groupBy/groupLength.js	sloppy	fail
test/built-ins/Map/groupBy/groupLength.js	strict	fail
test/built-ins/Map/groupBy/invalid-callback.js	sloppy	fail
test/built-ins/Map/groupBy/invalid-callback.js	strict	fail
test/built-ins/Map/groupBy/invalid-iterable.js	sloppy	fail
test/built-ins/Map/groupBy/invalid-iterable.js	strict	fail
test/built-ins/Map/groupBy/iterator-next-throws.js	sloppy	fail
test/built-ins/Map/groupBy/iterator-next-throws.js	strict	fail
test/built-ins/Map/groupBy/length.js	sloppy	fail
test/built-ins/Map/groupBy/length.js	strict	fail
test/built-ins/Map/groupBy/map-instance.js	sloppy	fail
test/built-ins/Map/groupBy/map-instance.js	strict	fail
test/built-ins/Map/groupBy/name.js	sloppy	fail
test/built-ins/Map/groupBy/name.js	strict	fail
test/built-ins/Map/groupBy/negativeZero.js	sloppy	fail
test/built-ins/Map/groupBy/negativeZero.js	strict	fail
test/built-ins/Map/groupBy/string.js	sloppy	fail
test/built-ins/Map/groupBy/string.js	strict	fail
test/built-ins/Map/groupBy/toPropertyKey.js	sloppy	fail
test/built-ins/Map/groupBy/toPropertyKey.js	strict	fail
test/built-ins/Map/is-a-constructor.js	sloppy	fail
test/built-ins/Map/is-a-constructor.js	strict	fail
test/built-ins/Map/iterable-calls-set.js	sloppy	fail
test/built-ins/Map/iterable-calls-set.js	strict	fail
test/built-ins/Map/iterator-close-after-set-failure.js	sloppy	fail
test/built-ins/Map/iterator-close-after-set-failure.js	strict	fail
test/built-ins/Map/iterator-close-failure-after-set-failure.js	sloppy	fail
test/built-ins/Map/iterator-close-failure-after-set-failure.js	strict	fail
test/built-ins/Map/iterator-is-undefined-throws.js	sloppy	fail
test/built-ins/Map/iterator-is-undefined-throws.js	strict	fail
test/built-ins/Map/iterator-item-first-entry-returns-abrupt.js	sloppy	fail
test/built-ins/Map/iterator-item-first-entry-returns-abrupt.js	strict	fail
test/built-ins/Map/iterator-item-second-entry-returns-abrupt.js	sloppy	fail
test/built-ins/Map/iterator-item-second-entry-returns-abrupt.js	strict	fail
test/built-ins/Map/iterator-items-are-not-object-close-iterator.js	sloppy	fail
test/built-ins/Map/iterator-items-are-not-object-close-iterator.js	strict	fail
test/built-ins/Map/iterator-items-are-not-object.js	sloppy	fail
test/built-ins/Map/iterator-items-are-not-object.js	strict	fail
test/built-ins/Map/iterator-next-failure.js	sloppy	fail
test/built-ins/Map/iterator-next-failure.js	strict	fail
test/built-ins/Map/iterator-value-failure.js	sloppy	fail
test/built-ins/Map/iterator-value-failure.js	strict	fail
test/built-ins/Map/length.js	sloppy	fail
test/built-ins/Map/length.js	strict	fail
test/built-ins/Map/map-iterable-empty-does-not-call-set.js	sloppy	pass
test/built-ins/Map/map-iterable-empty-does-not-call-set.js	strict	pass
test/built-ins/Map/map-iterable-throws-when-set-is-not-callable.js	sloppy	fail
test/built-ins/Map/map-iterable-throws-when-set-is-not-callable.js	strict	fail
test/built-ins/Map/map-iterable.js	sloppy	fail
test/built-ins/Map/map-iterable.js	strict	fail
test/built-ins/Map/map-no-iterable-does-not-call-set.js	sloppy	pass
test/built-ins/Map/map-no-iterable-does-not-call-set.js	strict	pass
test/built-ins/Map/map-no-iterable.js	sloppy	pass
test/built-ins/Map/map-no-iterable.js	strict	pass
test/built-ins/Map/map.js	sloppy	fail
test/built-ins/Map/map.js	strict	fail
test/built-ins/Map/name.js	sloppy	fail
test/built-ins/Map/name.js	strict	fail
test/built-ins/Map/newtarget.js	sloppy	pass
test/built-ins/Map/newtarget.js	strict	pass
test/built-ins/Map/properties-of-map-instances.js	sloppy	pass
test/built-ins/Map/properties-of-map-instances.js	strict	pass
test/built-ins/Map/properties-of-the-map-prototype-object.js	sloppy	fail
test/built-ins/Map/properties-of-the-map-prototype-object.js	strict	fail
test/built-ins/Map/proto-from-ctor-realm.js	sloppy	fail
test/built-ins/Map/proto-from-ctor-realm.js	strict	fail
test/built-ins/Map/prototype-of-map.js	sloppy	fail
test/built-ins/Map/prototype-of-map.js	strict	fail
test/built-ins/Map/prototype/Symbol.iterator.js	sloppy	fail
test/built-ins/Map/prototype/Symbol.iterator.js	strict	fail
test/built-ins/Map/prototype/Symbol.iterator/not-a-constructor.js	sloppy	fail
test/built-ins/Map/prototype/Symbol.iterator/not-a-constructor.js	strict	fail
test/built-ins/Map/prototype/Symbol.toStringTag.js	sloppy	fail
test/built-ins/Map/prototype/Symbol.toStringTag.js	strict	fail
test/built-ins/Map/prototype/clear/clear-map.js	sloppy	fail
test/built-ins/Map/prototype/clear/clear-map.js	strict	fail
test/built-ins/Map/prototype/clear/clear.js	sloppy	fail
test/built-ins/Map/prototype/clear/clear.js	strict	fail
test/built-ins/Map/prototype/clear/context-is-not-map-object.js	sloppy	fail
test/built-ins/Map/prototype/clear/context-is-not-map-object.js	strict	fail
test/built-ins/Map/prototype/clear/context-is-not-object.js	sloppy	fail
test/built-ins/Map/prototype/clear/context-is-not-object.js	strict	fail
test/built-ins/Map/prototype/clear/context-is-set-object-throws.js	sloppy	fail
test/built-ins/Map/prototype/clear/context-is-set-object-throws.js	strict	fail
test/built-ins/Map/prototype/clear/context-is-weakmap-object-throws.js	sloppy	fail
test/built-ins/Map/prototype/clear/context-is-weakmap-object-throws.js	strict	fail
test/built-ins/Map/prototype/clear/length.js	sloppy	fail
test/built-ins/Map/prototype/clear/length.js	strict	fail
test/built-ins/Map/prototype/clear/map-data-list-is-preserved.js	sloppy	fail
test/built-ins/Map/prototype/clear/map-data-list-is-preserved.js	strict	fail
test/built-ins/Map/prototype/clear/name.js	sloppy	fail
test/built-ins/Map/prototype/clear/name.js	strict	fail
test/built-ins/Map/prototype/clear/not-a-constructor.js	sloppy	fail
test/built-ins/Map/prototype/clear/not-a-constructor.js	strict	fail
test/built-ins/Map/prototype/clear/returns-undefined.js	sloppy	fail
test/built-ins/Map/prototype/clear/returns-undefined.js	strict	fail
test/built-ins/Map/prototype/constructor.js	sloppy	fail
test/built-ins/Map/prototype/constructor.js	strict	fail
test/built-ins/Map/prototype/delete/context-is-not-map-object.js	sloppy	fail
test/built-ins/Map/prototype/delete/context-is-not-map-object.js	strict	fail
test/built-ins/Map/prototype/delete/context-is-not-object.js	sloppy	fail
test/built-ins/Map/prototype/delete/context-is-not-object.js	strict	fail
test/built-ins/Map/prototype/delete/context-is-set-object-throws.js	sloppy	fail
test/built-ins/Map/prototype/delete/context-is-set-object-throws.js	strict	fail
test/built-ins/Map/prototype/delete/context-is-weakmap-object-throws.js	sloppy	fail
test/built-ins/Map/prototype/delete/context-is-weakmap-object-throws.js	strict	fail
test/built-ins/Map/prototype/delete/delete.js	sloppy	fail
test/built-ins/Map/prototype/delete/delete.js	strict	fail
test/built-ins/Map/prototype/delete/does-not-break-iterators.js	sloppy	fail
test/built-ins/Map/prototype/delete/does-not-break-iterators.js	strict	fail
test/built-ins/Map/prototype/delete/length.js	sloppy	fail
test/built-ins/Map/prototype/delete/length.js	strict	fail
test/built-ins/Map/prototype/delete/name.js	sloppy	fail
test/built-ins/Map/prototype/delete/name.js	strict	fail
test/built-ins/Map/prototype/delete/not-a-constructor.js	sloppy	fail
test/built-ins/Map/prototype/delete/not-a-constructor.js	strict	fail
test/built-ins/Map/prototype/delete/returns-false.js	sloppy	pass
test/built-ins/Map/prototype/delete/returns-false.js	strict	pass
test/built-ins/Map/prototype/delete/returns-true-for-deleted-entry.js	sloppy	fail
test/built-ins/Map/prototype/delete/returns-true-for-deleted-entry.js	strict	fail
test/built-ins/Map/prototype/descriptor.js	sloppy	fail
test/built-ins/Map/prototype/descriptor.js	strict	fail
test/built-ins/Map/prototype/entries/does-not-have-mapdata-internal-slot-set.js	sloppy	fail
test/built-ins/Map/prototype/entries/does-not-have-mapdata-internal-slot-set.js	strict	fail
test/built-ins/Map/prototype/entries/does-not-have-mapdata-internal-slot-weakmap.js	sloppy	fail
test/built-ins/Map/prototype/entries/does-not-have-mapdata-internal-slot-weakmap.js	strict	fail
test/built-ins/Map/prototype/entries/does-not-have-mapdata-internal-slot.js	sloppy	fail
test/built-ins/Map/prototype/entries/does-not-have-mapdata-internal-slot.js	strict	fail
test/built-ins/Map/prototype/entries/entries.js	sloppy	fail
test/built-ins/Map/prototype/entries/entries.js	strict	fail
test/built-ins/Map/prototype/entries/length.js	sloppy	fail
test/built-ins/Map/prototype/entries/length.js	strict	fail
test/built-ins/Map/prototype/entries/name.js	sloppy	fail
test/built-ins/Map/prototype/entries/name.js	strict	fail
test/built-ins/Map/prototype/entries/not-a-constructor.js	sloppy	fail
test/built-ins/Map/prototype/entries/not-a-constructor.js	strict	fail
test/built-ins/Map/prototype/entries/returns-iterator-empty.js	sloppy	fail
test/built-ins/Map/prototype/entries/returns-iterator-empty.js	strict	fail
test/built-ins/Map/prototype/entries/returns-iterator.js	sloppy	fail
test/built-ins/Map/prototype/entries/returns-iterator.js	strict	fail
test/built-ins/Map/prototype/entries/this-not-object-throw.js	sloppy	fail
test/built-ins/Map/prototype/entries/this-not-object-throw.js	strict	fail
test/built-ins/Map/prototype/forEach/callback-parameters.js	sloppy	fail
test/built-ins/Map/prototype/forEach/callback-parameters.js	strict	fail
test/built-ins/Map/prototype/forEach/callback-result-is-abrupt.js	sloppy	fail
test/built-ins/Map/prototype/forEach/callback-result-is-abrupt.js	strict	fail
test/built-ins/Map/prototype/forEach/callback-this-non-strict.js	sloppy	fail
test/built-ins/Map/prototype/forEach/callback-this-strict.js	strict	fail
test/built-ins/Map/prototype/forEach/deleted-values-during-foreach.js	sloppy	fail
test/built-ins/Map/prototype/forEach/deleted-values-during-foreach.js	strict	fail
test/built-ins/Map/prototype/forEach/does-not-have-mapdata-internal-slot-set.js	sloppy	fail
test/built-ins/Map/prototype/forEach/does-not-have-mapdata-internal-slot-set.js	strict	fail
test/built-ins/Map/prototype/forEach/does-not-have-mapdata-internal-slot-weakmap.js	sloppy	fail
test/built-ins/Map/prototype/forEach/does-not-have-mapdata-internal-slot-weakmap.js	strict	fail
test/built-ins/Map/prototype/forEach/does-not-have-mapdata-internal-slot.js	sloppy	fail
test/built-ins/Map/prototype/forEach/does-not-have-mapdata-internal-slot.js	strict	fail
test/built-ins/Map/prototype/forEach/first-argument-is-not-callable.js	sloppy	fail
test/built-ins/Map/prototype/forEach/first-argument-is-not-callable.js	strict	fail
test/built-ins/Map/prototype/forEach/forEach.js	sloppy	fail
test/built-ins/Map/prototype/forEach/forEach.js	strict	fail
test/built-ins/Map/prototype/forEach/iterates-in-key-insertion-order.js	sloppy	fail
test/built-ins/Map/prototype/forEach/iterates-in-key-insertion-order.js	strict	fail
test/built-ins/Map/prototype/forEach/iterates-values-added-after-foreach-begins.js	sloppy	fail
test/built-ins/Map/prototype/forEach/iterates-values-added-after-foreach-begins.js	strict	fail
test/built-ins/Map/prototype/forEach/iterates-values-deleted-then-readded.js	sloppy	fail
test/built-ins/Map/prototype/forEach/iterates-values-deleted-then-readded.js	strict	fail
test/built-ins/Map/prototype/forEach/length.js	sloppy	fail
test/built-ins/Map/prototype/forEach/length.js	strict	fail
test/built-ins/Map/prototype/forEach/name.js	sloppy	fail
test/built-ins/Map/prototype/forEach/name.js	strict	fail
test/built-ins/Map/prototype/forEach/not-a-constructor.js	sloppy	fail
test/built-ins/Map/prototype/forEach/not-a-constructor.js	strict	fail
test/built-ins/Map/prototype/forEach/return-undefined.js	sloppy	fail
test/built-ins/Map/prototype/forEach/return-undefined.js	strict	fail
test/built-ins/Map/prototype/forEach/second-parameter-as-callback-context.js	sloppy	fail
test/built-ins/Map/prototype/forEach/second-parameter-as-callback-context.js	strict	fail
test/built-ins/Map/prototype/forEach/this-not-object-throw.js	sloppy	fail
test/built-ins/Map/prototype/forEach/this-not-object-throw.js	strict	fail
test/built-ins/Map/prototype/get/does-not-have-mapdata-internal-slot-set.js	sloppy	fail
test/built-ins/Map/prototype/get/does-not-have-mapdata-internal-slot-set.js	strict	fail
test/built-ins/Map/prototype/get/does-not-have-mapdata-internal-slot-weakmap.js	sloppy	fail
test/built-ins/Map/prototype/get/does-not-have-mapdata-internal-slot-weakmap.js	strict	fail
test/built-ins/Map/prototype/get/does-not-have-mapdata-internal-slot.js	sloppy	fail
test/built-ins/Map/prototype/get/does-not-have-mapdata-internal-slot.js	strict	fail
test/built-ins/Map/prototype/get/get.js	sloppy	fail
test/built-ins/Map/prototype/get/get.js	strict	fail
test/built-ins/Map/prototype/get/length.js	sloppy	fail
test/built-ins/Map/prototype/get/length.js	strict	fail
test/built-ins/Map/prototype/get/name.js	sloppy	fail
test/built-ins/Map/prototype/get/name.js	strict	fail
test/built-ins/Map/prototype/get/not-a-constructor.js	sloppy	fail
test/built-ins/Map/prototype/get/not-a-constructor.js	strict	fail
test/built-ins/Map/prototype/get/returns-undefined.js	sloppy	fail
test/built-ins/Map/prototype/get/returns-undefined.js	strict	fail
test/built-ins/Map/prototype/get/returns-value-different-key-types.js	sloppy	fail
test/built-ins/Map/prototype/get/returns-value-different-key-types.js	strict	fail
test/built-ins/Map/prototype/get/returns-value-normalized-zero-key.js	sloppy	fail
test/built-ins/Map/prototype/get/returns-value-normalized-zero-key.js	strict	fail
test/built-ins/Map/prototype/get/this-not-object-throw.js	sloppy	fail
test/built-ins/Map/prototype/get/this-not-object-throw.js	strict	fail
test/built-ins/Map/prototype/getOrInsert/append-new-values-normalizes-zero-key.js	sloppy	fail
test/built-ins/Map/prototype/getOrInsert/append-new-values-normalizes-zero-key.js	strict	fail
test/built-ins/Map/prototype/getOrInsert/append-new-values.js	sloppy	fail
test/built-ins/Map/prototype/getOrInsert/append-new-values.js	strict	fail
test/built-ins/Map/prototype/getOrInsert/append-value-if-key-is-not-present-different-key-types.js	sloppy	fail
test/built-ins/Map/prototype/getOrInsert/append-value-if-key-is-not-present-different-key-types.js	strict	fail
test/built-ins/Map/prototype/getOrInsert/does-not-have-mapdata-internal-slot-set.js	sloppy	fail
test/built-ins/Map/prototype/getOrInsert/does-not-have-mapdata-internal-slot-set.js	strict	fail
test/built-ins/Map/prototype/getOrInsert/does-not-have-mapdata-internal-slot-weakmap.js	sloppy	fail
test/built-ins/Map/prototype/getOrInsert/does-not-have-mapdata-internal-slot-weakmap.js	strict	fail
test/built-ins/Map/prototype/getOrInsert/does-not-have-mapdata-internal-slot.js	sloppy	fail
test/built-ins/Map/prototype/getOrInsert/does-not-have-mapdata-internal-slot.js	strict	fail
test/built-ins/Map/prototype/getOrInsert/getOrInsert.js	sloppy	fail
test/built-ins/Map/prototype/getOrInsert/getOrInsert.js	strict	fail
test/built-ins/Map/prototype/getOrInsert/length.js	sloppy	fail
test/built-ins/Map/prototype/getOrInsert/length.js	strict	fail
test/built-ins/Map/prototype/getOrInsert/name.js	sloppy	fail
test/built-ins/Map/prototype/getOrInsert/name.js	strict	fail
test/built-ins/Map/prototype/getOrInsert/not-a-constructor.js	sloppy	fail
test/built-ins/Map/prototype/getOrInsert/not-a-constructor.js	strict	fail
test/built-ins/Map/prototype/getOrInsert/returns-value-if-key-is-not-present-different-key-types.js	sloppy	fail
test/built-ins/Map/prototype/getOrInsert/returns-value-if-key-is-not-present-different-key-types.js	strict	fail
test/built-ins/Map/prototype/getOrInsert/returns-value-if-key-is-present-different-key-types.js	sloppy	fail
test/built-ins/Map/prototype/getOrInsert/returns-value-if-key-is-present-different-key-types.js	strict	fail
test/built-ins/Map/prototype/getOrInsert/returns-value-normalized-zero-key.js	sloppy	fail
test/built-ins/Map/prototype/getOrInsert/returns-value-normalized-zero-key.js	strict	fail
test/built-ins/Map/prototype/getOrInsert/this-not-object-throw.js	sloppy	fail
test/built-ins/Map/prototype/getOrInsert/this-not-object-throw.js	strict	fail
test/built-ins/Map/prototype/getOrInsertComputed/append-new-values-normalizes-zero-key.js	sloppy	fail
test/built-ins/Map/prototype/getOrInsertComputed/append-new-values-normalizes-zero-key.js	strict	fail
test/built-ins/Map/prototype/getOrInsertComputed/append-new-values.js	sloppy	fail
test/built-ins/Map/prototype/getOrInsertComputed/append-new-values.js	strict	fail
test/built-ins/Map/prototype/getOrInsertComputed/append-value-if-key-is-not-present-different-key-types.js	sloppy	fail
test/built-ins/Map/prototype/getOrInsertComputed/append-value-if-key-is-not-present-different-key-types.js	strict	fail
test/built-ins/Map/prototype/getOrInsertComputed/callbackfn-throws.js	sloppy	fail
test/built-ins/Map/prototype/getOrInsertComputed/callbackfn-throws.js	strict	fail
test/built-ins/Map/prototype/getOrInsertComputed/canonical-key-passed-to-callback.js	sloppy	fail
test/built-ins/Map/prototype/getOrInsertComputed/canonical-key-passed-to-callback.js	strict	fail
test/built-ins/Map/prototype/getOrInsertComputed/check-callback-fn-args.js	strict	fail
test/built-ins/Map/prototype/getOrInsertComputed/check-state-after-callback-fn-throws.js	sloppy	fail
test/built-ins/Map/prototype/getOrInsertComputed/check-state-after-callback-fn-throws.js	strict	fail
test/built-ins/Map/prototype/getOrInsertComputed/different-types-function-callbackfn-does-not-throw.js	sloppy	fail
test/built-ins/Map/prototype/getOrInsertComputed/different-types-function-callbackfn-does-not-throw.js	strict	fail
test/built-ins/Map/prototype/getOrInsertComputed/does-not-evaluate-callbackfn-if-key-present.js	sloppy	fail
test/built-ins/Map/prototype/getOrInsertComputed/does-not-evaluate-callbackfn-if-key-present.js	strict	fail
test/built-ins/Map/prototype/getOrInsertComputed/does-not-have-mapdata-internal-slot-set.js	sloppy	fail
test/built-ins/Map/prototype/getOrInsertComputed/does-not-have-mapdata-internal-slot-set.js	strict	fail
test/built-ins/Map/prototype/getOrInsertComputed/does-not-have-mapdata-internal-slot-weakmap.js	sloppy	fail
test/built-ins/Map/prototype/getOrInsertComputed/does-not-have-mapdata-internal-slot-weakmap.js	strict	fail
test/built-ins/Map/prototype/getOrInsertComputed/getOrInsertComputed.js	sloppy	fail
test/built-ins/Map/prototype/getOrInsertComputed/getOrInsertComputed.js	strict	fail
test/built-ins/Map/prototype/getOrInsertComputed/not-a-constructor.js	sloppy	fail
test/built-ins/Map/prototype/getOrInsertComputed/not-a-constructor.js	strict	fail
test/built-ins/Map/prototype/getOrInsertComputed/not-a-function-callbackfn-throws.js	sloppy	fail
test/built-ins/Map/prototype/getOrInsertComputed/not-a-function-callbackfn-throws.js	strict	fail
test/built-ins/Map/prototype/getOrInsertComputed/overwrites-mutation-from-callbackfn.js	sloppy	fail
test/built-ins/Map/prototype/getOrInsertComputed/overwrites-mutation-from-callbackfn.js	strict	fail
test/built-ins/Map/prototype/getOrInsertComputed/returns-value-if-key-is-not-present-different-key-types.js	sloppy	fail
test/built-ins/Map/prototype/getOrInsertComputed/returns-value-if-key-is-not-present-different-key-types.js	strict	fail
test/built-ins/Map/prototype/getOrInsertComputed/returns-value-if-key-is-present-different-key-types.js	sloppy	fail
test/built-ins/Map/prototype/getOrInsertComputed/returns-value-if-key-is-present-different-key-types.js	strict	fail
test/built-ins/Map/prototype/getOrInsertComputed/returns-value-normalized-zero-key.js	sloppy	fail
test/built-ins/Map/prototype/getOrInsertComputed/returns-value-normalized-zero-key.js	strict	fail
test/built-ins/Map/prototype/getOrInsertComputed/this-not-object-throw.js	sloppy	fail
test/built-ins/Map/prototype/getOrInsertComputed/this-not-object-throw.js	strict	fail
test/built-ins/Map/prototype/has/does-not-have-mapdata-internal-slot-set.js	sloppy	fail
test/built-ins/Map/prototype/has/does-not-have-mapdata-internal-slot-set.js	strict	fail
test/built-ins/Map/prototype/has/does-not-have-mapdata-internal-slot-weakmap.js	sloppy	fail
test/built-ins/Map/prototype/has/does-not-have-mapdata-internal-slot-weakmap.js	strict	fail
test/built-ins/Map/prototype/has/does-not-have-mapdata-internal-slot.js	sloppy	fail
test/built-ins/Map/prototype/has/does-not-have-mapdata-internal-slot.js	strict	fail
test/built-ins/Map/prototype/has/has.js	sloppy	fail
test/built-ins/Map/prototype/has/has.js	strict	fail
test/built-ins/Map/prototype/has/length.js	sloppy	fail
test/built-ins/Map/prototype/has/length.js	strict	fail
test/built-ins/Map/prototype/has/name.js	sloppy	fail
test/built-ins/Map/prototype/has/name.js	strict	fail
test/built-ins/Map/prototype/has/normalizes-zero-key.js	sloppy	fail
test/built-ins/Map/prototype/has/normalizes-zero-key.js	strict	fail
test/built-ins/Map/prototype/has/not-a-constructor.js	sloppy	fail
test/built-ins/Map/prototype/has/not-a-constructor.js	strict	fail
test/built-ins/Map/prototype/has/return-false-different-key-types.js	sloppy	fail
test/built-ins/Map/prototype/has/return-false-different-key-types.js	strict	fail
test/built-ins/Map/prototype/has/return-true-different-key-types.js	sloppy	fail
test/built-ins/Map/prototype/has/return-true-different-key-types.js	strict	fail
test/built-ins/Map/prototype/has/this-not-object-throw.js	sloppy	fail
test/built-ins/Map/prototype/has/this-not-object-throw.js	strict	fail
test/built-ins/Map/prototype/keys/does-not-have-mapdata-internal-slot-set.js	sloppy	fail
test/built-ins/Map/prototype/keys/does-not-have-mapdata-internal-slot-set.js	strict	fail
test/built-ins/Map/prototype/keys/does-not-have-mapdata-internal-slot-weakmap.js	sloppy	fail
test/built-ins/Map/prototype/keys/does-not-have-mapdata-internal-slot-weakmap.js	strict	fail
test/built-ins/Map/prototype/keys/does-not-have-mapdata-internal-slot.js	sloppy	fail
test/built-ins/Map/prototype/keys/does-not-have-mapdata-internal-slot.js	strict	fail
test/built-ins/Map/prototype/keys/keys.js	sloppy	fail
test/built-ins/Map/prototype/keys/keys.js	strict	fail
test/built-ins/Map/prototype/keys/length.js	sloppy	fail
test/built-ins/Map/prototype/keys/length.js	strict	fail
test/built-ins/Map/prototype/keys/name.js	sloppy	fail
test/built-ins/Map/prototype/keys/name.js	strict	fail
test/built-ins/Map/prototype/keys/not-a-constructor.js	sloppy	fail
test/built-ins/Map/prototype/keys/not-a-constructor.js	strict	fail
test/built-ins/Map/prototype/keys/returns-iterator-empty.js	sloppy	fail
test/built-ins/Map/prototype/keys/returns-iterator-empty.js	strict	fail
test/built-ins/Map/prototype/keys/returns-iterator.js	sloppy	fail
test/built-ins/Map/prototype/keys/returns-iterator.js	strict	fail
test/built-ins/Map/prototype/keys/this-not-object-throw.js	sloppy	fail
test/built-ins/Map/prototype/keys/this-not-object-throw.js	strict	fail
test/built-ins/Map/prototype/set/append-new-values-normalizes-zero-key.js	sloppy	fail
test/built-ins/Map/prototype/set/append-new-values-normalizes-zero-key.js	strict	fail
test/built-ins/Map/prototype/set/append-new-values-return-map.js	sloppy	fail
test/built-ins/Map/prototype/set/append-new-values-return-map.js	strict	fail
test/built-ins/Map/prototype/set/append-new-values.js	sloppy	fail
test/built-ins/Map/prototype/set/append-new-values.js	strict	fail
test/built-ins/Map/prototype/set/does-not-have-mapdata-internal-slot-set.js	sloppy	fail
test/built-ins/Map/prototype/set/does-not-have-mapdata-internal-slot-set.js	strict	fail
test/built-ins/Map/prototype/set/does-not-have-mapdata-internal-slot-weakmap.js	sloppy	fail
test/built-ins/Map/prototype/set/does-not-have-mapdata-internal-slot-weakmap.js	strict	fail
test/built-ins/Map/prototype/set/does-not-have-mapdata-internal-slot.js	sloppy	fail
test/built-ins/Map/prototype/set/does-not-have-mapdata-internal-slot.js	strict	fail
test/built-ins/Map/prototype/set/length.js	sloppy	fail
test/built-ins/Map/prototype/set/length.js	strict	fail
test/built-ins/Map/prototype/set/name.js	sloppy	fail
test/built-ins/Map/prototype/set/name.js	strict	fail
test/built-ins/Map/prototype/set/not-a-constructor.js	sloppy	fail
test/built-ins/Map/prototype/set/not-a-constructor.js	strict	fail
test/built-ins/Map/prototype/set/replaces-a-value-normalizes-zero-key.js	sloppy	fail
test/built-ins/Map/prototype/set/replaces-a-value-normalizes-zero-key.js	strict	fail
test/built-ins/Map/prototype/set/replaces-a-value-returns-map.js	sloppy	fail
test/built-ins/Map/prototype/set/replaces-a-value-returns-map.js	strict	fail
test/built-ins/Map/prototype/set/replaces-a-value.js	sloppy	fail
test/built-ins/Map/prototype/set/replaces-a-value.js	strict	fail
test/built-ins/Map/prototype/set/set.js	sloppy	fail
test/built-ins/Map/prototype/set/set.js	strict	fail
test/built-ins/Map/prototype/set/this-not-object-throw.js	sloppy	fail
test/built-ins/Map/prototype/set/this-not-object-throw.js	strict	fail
test/built-ins/Map/prototype/size/does-not-have-mapdata-internal-slot-set.js	sloppy	fail
test/built-ins/Map/prototype/size/does-not-have-mapdata-internal-slot-set.js	strict	fail
test/built-ins/Map/prototype/size/does-not-have-mapdata-internal-slot-weakmap.js	sloppy	fail
test/built-ins/Map/prototype/size/does-not-have-mapdata-internal-slot-weakmap.js	strict	fail
test/built-ins/Map/prototype/size/does-not-have-mapdata-internal-slot.js	sloppy	fail
test/built-ins/Map/prototype/size/does-not-have-mapdata-internal-slot.js	strict	fail
test/built-ins/Map/prototype/size/length.js	sloppy	fail
test/built-ins/Map/prototype/size/length.js	strict	fail
test/built-ins/Map/prototype/size/name.js	sloppy	fail
test/built-ins/Map/prototype/size/name.js	strict	fail
test/built-ins/Map/prototype/size/returns-count-of-present-values-before-after-set-clear.js	sloppy	fail
test/built-ins/Map/prototype/size/returns-count-of-present-values-before-after-set-clear.js	strict	fail
test/built-ins/Map/prototype/size/returns-count-of-present-values-before-after-set-delete.js	sloppy	pass
test/built-ins/Map/prototype/size/returns-count-of-present-values-before-after-set-delete.js	strict	pass
test/built-ins/Map/prototype/size/returns-count-of-present-values-by-insertion.js	sloppy	fail
test/built-ins/Map/prototype/size/returns-count-of-present-values-by-insertion.js	strict	fail
test/built-ins/Map/prototype/size/returns-count-of-present-values-by-iterable.js	sloppy	fail
test/built-ins/Map/prototype/size/returns-count-of-present-values-by-iterable.js	strict	fail
test/built-ins/Map/prototype/size/size.js	sloppy	fail
test/built-ins/Map/prototype/size/size.js	strict	fail
test/built-ins/Map/prototype/size/this-not-object-throw.js	sloppy	fail
test/built-ins/Map/prototype/size/this-not-object-throw.js	strict	fail
test/built-ins/Map/prototype/values/does-not-have-mapdata-internal-slot-set.js	sloppy	fail
test/built-ins/Map/prototype/values/does-not-have-mapdata-internal-slot-set.js	strict	fail
test/built-ins/Map/prototype/values/does-not-have-mapdata-internal-slot-weakmap.js	sloppy	fail
test/built-ins/Map/prototype/values/does-not-have-mapdata-internal-slot-weakmap.js	strict	fail
test/built-ins/Map/prototype/values/does-not-have-mapdata-internal-slot.js	sloppy	fail
test/built-ins/Map/prototype/values/does-not-have-mapdata-internal-slot.js	strict	fail
test/built-ins/Map/prototype/values/length.js	sloppy	fail
test/built-ins/Map/prototype/values/length.js	strict	fail
test/built-ins/Map/prototype/values/name.js	sloppy	fail
test/built-ins/Map/prototype/values/name.js	strict	fail
test/built-ins/Map/prototype/values/not-a-constructor.js	sloppy	fail
test/built-ins/Map/prototype/values/not-a-constructor.js	strict	fail
test/built-ins/Map/prototype/values/returns-iterator-empty.js	sloppy	fail
test/built-ins/Map/prototype/values/returns-iterator-empty.js	strict	fail
test/built-ins/Map/prototype/values/returns-iterator.js	sloppy	fail
test/built-ins/Map/prototype/values/returns-iterator.js	strict	fail
test/built-ins/Map/prototype/values/this-not-object-throw.js	sloppy	fail
test/built-ins/Map/prototype/values/this-not-object-throw.js	strict	fail
test/built-ins/Map/prototype/values/values.js	sloppy	fail
test/built-ins/Map/prototype/values/values.js	strict	fail
test/built-ins/Map/undefined-newtarget.js	sloppy	fail
test/built-ins/Map/undefined-newtarget.js	strict	fail
test/built-ins/Map/valid-keys.js	sloppy	fail
test/built-ins/Map/valid-keys.js	strict	fail
