test/built-ins/Reflect/get/get.js	sloppy	fail
test/built-ins/Reflect/get/get.js	strict	fail
test/built-ins/Reflect/get/length.js	sloppy	fail
test/built-ins/Reflect/get/length.js	strict	fail
test/built-ins/Reflect/get/name.js	sloppy	fail
test/built-ins/Reflect/get/name.js	strict	fail
test/built-ins/Reflect/get/not-a-constructor.js	sloppy	fail
test/built-ins/Reflect/get/not-a-constructor.js	strict	fail
test/built-ins/Reflect/get/return-abrupt-from-property-key.js	sloppy	fail
test/built-ins/Reflect/get/return-abrupt-from-property-key.js	strict	fail
test/built-ins/Reflect/get/return-abrupt-from-result.js	sloppy	fail
test/built-ins/Reflect/get/return-abrupt-from-result.js	strict	fail
test/built-ins/Reflect/get/return-value-from-receiver.js	sloppy	fail
test/built-ins/Reflect/get/return-value-from-receiver.js	strict	fail
test/built-ins/Reflect/get/return-value-from-symbol-key.js	sloppy	pass
test/built-ins/Reflect/get/return-value-from-symbol-key.js	strict	pass
test/built-ins/Reflect/get/return-value.js	sloppy	fail
test/built-ins/Reflect/get/return-value.js	strict	fail
test/built-ins/Reflect/get/target-is-not-object-throws.js	sloppy	fail
test/built-ins/Reflect/get/target-is-not-object-throws.js	strict	fail
test/built-ins/Reflect/get/target-is-symbol-throws.js	sloppy	fail
test/built-ins/Reflect/get/target-is-symbol-throws.js	strict	fail
