test/language/expressions/property-accessors/S11.2.1_A1.1.js	sloppy	fail
test/language/expressions/property-accessors/S11.2.1_A1.1.js	strict	fail
test/language/expressions/property-accessors/S11.2.1_A1.2.js	sloppy	fail
test/language/expressions/property-accessors/S11.2.1_A1.2.js	strict	fail
test/language/expressions/property-accessors/S11.2.1_A2.js	sloppy	fail
test/language/expressions/property-accessors/S11.2.1_A2.js	strict	fail
test/language/expressions/property-accessors/S11.2.1_A3_T1.js	sloppy	fail
test/language/expressions/property-accessors/S11.2.1_A3_T1.js	strict	fail
test/language/expressions/property-accessors/S11.2.1_A3_T2.js	sloppy	fail
test/language/expressions/property-accessors/S11.2.1_A3_T2.js	strict	fail
test/language/expressions/property-accessors/S11.2.1_A3_T3.js	sloppy	fail
test/language/expressions/property-accessors/S11.2.1_A3_T3.js	strict	fail
test/language/expressions/property-accessors/S11.2.1_A3_T4.js	sloppy	fail
test/language/expressions/property-accessors/S11.2.1_A3_T4.js	strict	fail
test/language/expressions/property-accessors/S11.2.1_A3_T5.js	sloppy	fail
test/language/expressions/property-accessors/S11.2.1_A3_T5.js	strict	fail
test/language/expressions/property-accessors/S11.2.1_A4_T1.js	sloppy	fail
test/language/expressions/property-accessors/S11.2.1_A4_T1.js	strict	fail
test/language/expressions/property-accessors/S11.2.1_A4_T2.js	sloppy	fail
test/language/expressions/property-accessors/S11.2.1_A4_T2.js	strict	fail
test/language/expressions/property-accessors/S11.2.1_A4_T3.js	sloppy	fail
test/language/expressions/property-accessors/S11.2.1_A4_T3.js	strict	fail
test/language/expressions/property-accessors/S11.2.1_A4_T4.js	sloppy	fail
test/language/expressions/property-accessors/S11.2.1_A4_T4.js	strict	fail
test/language/expressions/property-accessors/S11.2.1_A4_T5.js	sloppy	fail
test/language/expressions/property-accessors/S11.2.1_A4_T5.js	strict	fail
test/language/expressions/property-accessors/S11.2.1_A4_T6.js	sloppy	fail
test/language/expressions/property-accessors/S11.2.1_A4_T6.js	strict	fail
test/language/expressions/property-accessors/S11.2.1_A4_T7.js	sloppy	fail
test/language/expressions/property-accessors/S11.2.1_A4_T7.js	strict	fail
test/language/expressions/property-accessors/S11.2.1_A4_T8.js	sloppy	fail
test/language/expressions/property-accessors/S11.2.1_A4_T8.js	strict	fail
test/language/expressions/property-accessors/S11.2.1_A4_T9.js	sloppy	fail
test/language/expressions/property-accessors/S11.2.1_A4_T9.js	strict	fail
test/language/expressions/property-accessors/S8.12.3_A1.js	sloppy	pass
test/language/expressions/property-accessors/S8.12.3_A1.js	strict	pass
test/language/expressions/property-accessors/S8.12.3_A2.js	sloppy	pass
test/language/expressions/property-accessors/S8.12.3_A2.js	strict	pass
test/language/expressions/property-accessors/S8.12.3_A3.js	sloppy	pass
test/language/expressions/property-accessors/S8.12.3_A3.js	strict	pass
test/language/expressions/property-accessors/non-identifier-name.js	sloppy	pass
test/language/expressions/property-accessors/non-identifier-name.js	strict	pass
