test/built-ins/GeneratorPrototype/throw/from-state-completed.js	sloppy	pass
test/built-ins/GeneratorPrototype/throw/from-state-completed.js	strict	pass
test/built-ins/GeneratorPrototype/throw/from-state-executing.js	sloppy	fail
test/built-ins/GeneratorPrototype/throw/from-state-executing.js	strict	fail
test/built-ins/GeneratorPrototype/throw/from-state-suspended-start.js	sloppy	pass
test/built-ins/GeneratorPrototype/throw/from-state-suspended-start.js	strict	pass
test/built-ins/GeneratorPrototype/throw/length.js	sloppy	fail
test/built-ins/GeneratorPrototype/throw/length.js	strict	fail
test/built-ins/GeneratorPrototype/throw/name.js	sloppy	fail
test/built-ins/GeneratorPrototype/throw/name.js	strict	fail
test/built-ins/GeneratorPrototype/throw/not-a-constructor.js	sloppy	fail
test/built-ins/GeneratorPrototype/throw/not-a-constructor.js	strict	fail
test/built-ins/GeneratorPrototype/throw/property-descriptor.js	sloppy	fail
test/built-ins/GeneratorPrototype/throw/property-descriptor.js	strict	fail
test/built-ins/GeneratorPrototype/throw/this-val-not-generator.js	sloppy	fail
test/built-ins/GeneratorPrototype/throw/this-val-not-generator.js	strict	fail
test/built-ins/GeneratorPrototype/throw/this-val-not-object.js	sloppy	fail
test/built-ins/GeneratorPrototype/throw/this-val-not-object.js	strict	fail
test/built-ins/GeneratorPrototype/throw/try-catch-before-try.js	sloppy	pass
test/built-ins/GeneratorPrototype/throw/try-catch-before-try.js	strict	pass
test/built-ins/GeneratorPrototype/throw/try-catch-following-catch.js	sloppy	pass
test/built-ins/GeneratorPrototype/throw/try-catch-following-catch.js	strict	pass
test/built-ins/GeneratorPrototype/throw/try-catch-within-catch.js	sloppy	pass
test/built-ins/GeneratorPrototype/throw/try-catch-within-catch.js	strict	pass
test/built-ins/GeneratorPrototype/throw/try-catch-within-try.js	sloppy	pass
test/built-ins/GeneratorPrototype/throw/try-catch-within-try.js	strict	pass
test/built-ins/GeneratorPrototype/throw/try-finally-before-try.js	sloppy	pass
test/built-ins/GeneratorPrototype/throw/try-finally-before-try.js	strict	pass
test/built-ins/GeneratorPrototype/throw/try-finally-following-finally.js	sloppy	pass
test/built-ins/GeneratorPrototype/throw/try-finally-following-finally.js	strict	pass
test/built-ins/GeneratorPrototype/throw/try-finally-nested-try-catch-within-catch.js	sloppy	fail
test/built-ins/GeneratorPrototype/throw/try-finally-nested-try-catch-within-catch.js	strict	fail
test/built-ins/GeneratorPrototype/throw/try-finally-nested-try-catch-within-finally.js	sloppy	fail
test/built-ins/GeneratorPrototype/throw/try-finally-nested-try-catch-within-finally.js	strict	fail
test/built-ins/GeneratorPrototype/throw/try-finally-nested-try-catch-within-inner-try.js	sloppy	pass
test/built-ins/GeneratorPrototype/throw/try-finally-nested-try-catch-within-inner-try.js	strict	pass
test/built-ins/GeneratorPrototype/throw/try-finally-nested-try-catch-within-outer-try-after-nested.js	sloppy	fail
test/built-ins/GeneratorPrototype/throw/try-finally-nested-try-catch-within-outer-try-after-nested.js	strict	fail
test/built-ins/GeneratorPrototype/throw/try-finally-nested-try-catch-within-outer-try-before-nested.js	sloppy	fail
test/built-ins/GeneratorPrototype/throw/try-finally-nested-try-catch-within-outer-try-before-nested.js	strict	fail
test/built-ins/GeneratorPrototype/throw/try-finally-within-finally.js	sloppy	pass
test/built-ins/GeneratorPrototype/throw/try-finally-within-finally.js	strict	pass
test/built-ins/GeneratorPrototype/throw/try-finally-within-try.js	sloppy	fail
test/built-ins/GeneratorPrototype/throw/try-finally-within-try.js	strict	fail
