test/language/statements/block/12.1-1.js	sloppy	pass
test/language/statements/block/12.1-1.js	strict	pass
test/language/statements/block/12.1-2.js	sloppy	pass
test/language/statements/block/12.1-2.js	strict	pass
test/language/statements/block/12.1-3.js	sloppy	pass
test/language/statements/block/12.1-3.js	strict	pass
test/language/statements/block/12.1-4.js	sloppy	pass
test/language/statements/block/12.1-4.js	strict	pass
test/language/statements/block/12.1-5.js	sloppy	pass
test/language/statements/block/12.1-5.js	strict	pass
test/language/statements/block/12.1-6.js	sloppy	pass
test/language/statements/block/12.1-6.js	strict	pass
test/language/statements/block/12.1-7.js	sloppy	pass
test/language/statements/block/12.1-7.js	strict	pass
test/language/statements/block/S12.1_A2.js	sloppy	fail
test/language/statements/block/S12.1_A2.js	strict	fail
test/language/statements/block/S12.1_A4_T1.js	sloppy	pass
test/language/statements/block/S12.1_A4_T1.js	strict	pass
test/language/statements/block/S12.1_A4_T2.js	sloppy	pass
test/language/statements/block/S12.1_A4_T2.js	strict	pass
test/language/statements/block/S12.1_A5.js	sloppy	pass
test/language/statements/block/S12.1_A5.js	strict	pass
test/language/statements/block/early-errors/invalid-names-call-expression-bad-reference.js	sloppy	fail
test/language/statements/block/early-errors/invalid-names-call-expression-bad-reference.js	strict	fail
test/language/statements/block/early-errors/invalid-names-call-expression-this.js	sloppy	fail
test/language/statements/block/early-errors/invalid-names-call-expression-this.js	strict	fail
test/language/statements/block/early-errors/invalid-names-member-expression-bad-reference.js	sloppy	fail
test/language/statements/block/early-errors/invalid-names-member-expression-bad-reference.js	strict	fail
test/language/statements/block/early-errors/invalid-names-member-expression-this.js	sloppy	fail
test/language/statements/block/early-errors/invalid-names-member-expression-this.js	strict	fail
test/language/statements/block/labeled-continue.js	sloppy	fail
test/language/statements/block/labeled-continue.js	strict	fail
test/language/statements/block/scope-lex-close.js	sloppy	fail
test/language/statements/block/scope-lex-close.js	strict	fail
test/language/statements/block/scope-lex-open.js	sloppy	fail
test/language/statements/block/scope-lex-open.js	strict	fail
test/language/statements/block/scope-var-none.js	sloppy	pass
test/language/statements/block/scope-var-none.js	strict	pass
test/language/statements/block/tco-stmt-list.js	strict	fail
test/language/statements/block/tco-stmt.js	strict	fail
