test/language/statements/try/12.14-10.js	sloppy	pass
test/language/statements/try/12.14-10.js	strict	pass
test/language/statements/try/12.14-11.js	sloppy	pass
test/language/statements/try/12.14-11.js	strict	pass
test/language/statements/try/12.14-12.js	sloppy	pass
test/language/statements/try/12.14-12.js	strict	pass
test/language/statements/try/12.14-13.js	sloppy	pass
test/language/statements/try/12.14-14.js	sloppy	pass
test/language/statements/try/12.14-15.js	sloppy	pass
test/language/statements/try/12.14-16.js	sloppy	pass
test/language/statements/try/12.14-3.js	sloppy	pass
test/language/statements/try/12.14-3.js	strict	pass
test/language/statements/try/12.14-4.js	sloppy	pass
test/language/statements/try/12.14-4.js	strict	pass
test/language/statements/try/12.14-6.js	sloppy	pass
test/language/statements/try/12.14-6.js	strict	pass
test/language/statements/try/12.14-7.js	sloppy	fail
test/language/statements/try/12.14-7.js	strict	fail
test/language/statements/try/12.14-8.js	sloppy	pass
test/language/statements/try/12.14-8.js	strict	pass
test/language/statements/try/12.14-9.js	sloppy	fail
test/language/statements/try/12.14-9.js	strict	fail
test/language/statements/try/S12.14_A1.js	sloppy	pass
test/language/statements/try/S12.14_A1.js	strict	pass
test/language/statements/try/S12.14_A10_T1.js	sloppy	pass
test/language/statements/try/S12.14_A10_T1.js	strict	pass
test/language/statements/try/S12.14_A10_T2.js	sloppy	fail
test/language/statements/try/S12.14_A10_T2.js	strict	fail
test/language/statements/try/S12.14_A10_T3.js	sloppy	fail
test/language/statements/try/S12.14_A10_T3.js	strict	fail
test/language/statements/try/S12.14_A10_T4.js	sloppy	fail
test/language/statements/try/S12.14_A10_T4.js	strict	fail
test/language/statements/try/S12.14_A10_T5.js	sloppy	fail
test/language/statements/try/S12.14_A10_T5.js	strict	fail
test/language/statements/try/S12.14_A11_T1.js	sloppy	pass
test/language/statements/try/S12.14_A11_T1.js	strict	pass
test/language/statements/try/S12.14_A11_T2.js	sloppy	fail
test/language/statements/try/S12.14_A11_T2.js	strict	fail
test/language/statements/try/S12.14_A11_T3.js	sloppy	fail
test/language/statements/try/S12.14_A11_T3.js	strict	fail
test/language/statements/try/S12.14_A11_T4.js	sloppy	fail
test/language/statements/try/S12.14_A11_T4.js	strict	fail
test/language/statements/try/S12.14_A12_T1.js	sloppy	fail
test/language/statements/try/S12.14_A12_T1.js	strict	fail
test/language/statements/try/S12.14_A12_T2.js	sloppy	fail
test/language/statements/try/S12.14_A12_T2.js	strict	fail
test/language/statements/try/S12.14_A12_T3.js	sloppy	fail
test/language/statements/try/S12.14_A12_T3.js	strict	fail
test/language/statements/try/S12.14_A12_T4.js	sloppy	fail
test/language/statements/try/S12.14_A12_T4.js	strict	fail
test/language/statements/try/S12.14_A13_T1.js	sloppy	pass
test/language/statements/try/S12.14_A13_T1.js	strict	pass
test/language/statements/try/S12.14_A13_T2.js	sloppy	fail
test/language/statements/try/S12.14_A13_T2.js	strict	fail
test/language/statements/try/S12.14_A13_T3.js	sloppy	fail
test/language/statements/try/S12.14_A13_T3.js	strict	fail
test/language/statements/try/S12.14_A14.js	sloppy	fail
test/language/statements/try/S12.14_A15.js	sloppy	fail
test/language/statements/try/S12.14_A15.js	strict	fail
test/language/statements/try/S12.14_A16_T1.js	sloppy	pass
test/language/statements/try/S12.14_A16_T1.js	strict	pass
test/language/statements/try/S12.14_A16_T10.js	sloppy	pass
test/language/statements/try/S12.14_A16_T10.js	strict	pass
test/language/statements/try/S12.14_A16_T11.js	sloppy	pass
test/language/statements/try/S12.14_A16_T11.js	strict	pass
test/language/statements/try/S12.14_A16_T12.js	sloppy	pass
test/language/statements/try/S12.14_A16_T12.js	strict	pass
test/language/statements/try/S12.14_A16_T13.js	sloppy	pass
test/language/statements/try/S12.14_A16_T13.js	strict	pass
test/language/statements/try/S12.14_A16_T14.js	sloppy	pass
test/language/statements/try/S12.14_A16_T14.js	strict	pass
test/language/statements/try/S12.14_A16_T15.js	sloppy	pass
test/language/statements/try/S12.14_A16_T15.js	strict	pass
test/language/statements/try/S12.14_A16_T2.js	sloppy	pass
test/language/statements/try/S12.14_A16_T2.js	strict	pass
test/language/statements/try/S12.14_A16_T3.js	sloppy	pass
test/language/statements/try/S12.14_A16_T3.js	strict	pass
test/language/statements/try/S12.14_A16_T5.js	sloppy	pass
test/language/statements/try/S12.14_A16_T5.js	strict	pass
test/language/statements/try/S12.14_A16_T6.js	sloppy	pass
test/language/statements/try/S12.14_A16_T6.js	strict	pass
test/language/statements/try/S12.14_A16_T7.js	sloppy	pass
test/language/statements/try/S12.14_A16_T7.js	strict	pass
test/language/statements/try/S12.14_A16_T8.js	sloppy	pass
test/language/statements/try/S12.14_A16_T8.js	strict	pass
test/language/statements/try/S12.14_A16_T9.js	sloppy	pass
test/language/statements/try/S12.14_A16_T9.js	strict	pass
test/language/statements/try/S12.14_A17.js	sloppy	fail
test/language/statements/try/S12.14_A17.js	strict	fail
test/language/statements/try/S12.14_A18_T1.js	sloppy	pass
test/language/statements/try/S12.14_A18_T1.js	strict	pass
test/language/statements/try/S12.14_A18_T2.js	sloppy	pass
test/language/statements/try/S12.14_A18_T2.js	strict	pass
test/language/statements/try/S12.14_A18_T3.js	sloppy	pass
test/language/statements/try/S12.14_A18_T3.js	strict	pass
test/language/statements/try/S12.14_A18_T4.js	sloppy	pass
test/language/statements/try/S12.14_A18_T4.js	strict	pass
test/language/statements/try/S12.14_A18_T5.js	sloppy	pass
test/language/statements/try/S12.14_A18_T5.js	strict	pass
test/language/statements/try/S12.14_A18_T6.js	sloppy	pass
test/language/statements/try/S12.14_A18_T6.js	strict	pass
test/language/statements/try/S12.14_A18_T7.js	sloppy	fail
test/language/statements/try/S12.14_A18_T7.js	strict	fail
test/language/statements/try/S12.14_A19_T1.js	sloppy	fail
test/language/statements/try/S12.14_A19_T1.js	strict	fail
test/language/statements/try/S12.14_A19_T2.js	sloppy	fail
test/language/statements/try/S12.14_A19_T2.js	strict	fail
test/language/statements/try/S12.14_A2.js	sloppy	pass
test/language/statements/try/S12.14_A2.js	strict	pass
test/language/statements/try/S12.14_A3.js	sloppy	pass
test/language/statements/try/S12.14_A3.js	strict	pass
test/language/statements/try/S12.14_A4.js	sloppy	fail
test/language/statements/try/S12.14_A5.js	sloppy	pass
test/language/statements/try/S12.14_A5.js	strict	pass
test/language/statements/try/S12.14_A6.js	sloppy	pass
test/language/statements/try/S12.14_A6.js	strict	pass
test/language/statements/try/S12.14_A7_T1.js	sloppy	fail
test/language/statements/try/S12.14_A7_T1.js	strict	fail
test/language/statements/try/S12.14_A7_T2.js	sloppy	fail
test/language/statements/try/S12.14_A7_T2.js	strict	fail
test/language/statements/try/S12.14_A7_T3.js	sloppy	fail
test/language/statements/try/S12.14_A7_T3.js	strict	fail
test/language/statements/try/S12.14_A8.js	sloppy	pass
test/language/statements/try/S12.14_A8.js	strict	pass
test/language/statements/try/S12.14_A9_T1.js	sloppy	pass
test/language/statements/try/S12.14_A9_T1.js	strict	pass
test/language/statements/try/S12.14_A9_T2.js	sloppy	fail
test/language/statements/try/S12.14_A9_T2.js	strict	fail
test/language/statements/try/S12.14_A9_T3.js	sloppy	fail
test/language/statements/try/S12.14_A9_T3.js	strict	fail
test/language/statements/try/S12.14_A9_T4.js	sloppy	fail
test/language/statements/try/S12.14_A9_T4.js	strict	fail
test/language/statements/try/S12.14_A9_T5.js	sloppy	fail
test/language/statements/try/S12.14_A9_T5.js	strict	fail
test/language/statements/try/catch-parameter-boundnames-restriction-arguments-eval-throws.js	strict	fail
test/language/statements/try/catch-parameter-boundnames-restriction-arguments-negative-early.js	strict	fail
test/language/statements/try/catch-parameter-boundnames-restriction-eval-eval-throws.js	strict	fail
test/language/statements/try/catch-parameter-boundnames-restriction-eval-negative-early.js	strict	fail
test/language/statements/try/completion-values-fn-finally-abrupt.js	sloppy	fail
test/language/statements/try/completion-values-fn-finally-abrupt.js	strict	fail
test/language/statements/try/completion-values-fn-finally-normal.js	sloppy	fail
test/language/statements/try/completion-values-fn-finally-normal.js	strict	fail
test/language/statements/try/completion-values-fn-finally-return.js	sloppy	fail
test/language/statements/try/completion-values-fn-finally-return.js	strict	fail
test/language/statements/try/completion-values.js	sloppy	fail
test/language/statements/try/completion-values.js	strict	fail
test/language/statements/try/cptn-catch-empty-break.js	sloppy	fail
test/language/statements/try/cptn-catch-empty-break.js	strict	fail
test/language/statements/try/cptn-catch-empty-continue.js	sloppy	fail
test/language/statements/try/cptn-catch-empty-continue.js	strict	fail
test/language/statements/try/cptn-catch-finally-empty-break.js	sloppy	fail
test/language/statements/try/cptn-catch-finally-empty-break.js	strict	fail
test/language/statements/try/cptn-catch-finally-empty-continue.js	sloppy	fail
test/language/statements/try/cptn-catch-finally-empty-continue.js	strict	fail
test/language/statements/try/cptn-catch.js	sloppy	fail
test/language/statements/try/cptn-catch.js	strict	fail
test/language/statements/try/cptn-finally-empty-break.js	sloppy	fail
test/language/statements/try/cptn-finally-empty-break.js	strict	fail
test/language/statements/try/cptn-finally-empty-continue.js	sloppy	fail
test/language/statements/try/cptn-finally-empty-continue.js	strict	fail
test/language/statements/try/cptn-finally-from-catch.js	sloppy	fail
test/language/statements/try/cptn-finally-from-catch.js	strict	fail
test/language/statements/try/cptn-finally-skip-catch.js	sloppy	fail
test/language/statements/try/cptn-finally-skip-catch.js	strict	fail
test/language/statements/try/cptn-finally-wo-catch.js	sloppy	fail
test/language/statements/try/cptn-finally-wo-catch.js	strict	fail
test/language/statements/try/cptn-try.js	sloppy	fail
test/language/statements/try/cptn-try.js	strict	fail
test/language/statements/try/dstr/ary-init-iter-close.js	sloppy	fail
test/language/statements/try/dstr/ary-init-iter-close.js	strict	fail
test/language/statements/try/dstr/ary-init-iter-get-err-array-prototype.js	sloppy	fail
test/language/statements/try/dstr/ary-init-iter-get-err-array-prototype.js	strict	fail
test/language/statements/try/dstr/ary-init-iter-get-err.js	sloppy	fail
test/language/statements/try/dstr/ary-init-iter-get-err.js	strict	fail
test/language/statements/try/dstr/ary-init-iter-no-close.js	sloppy	pass
test/language/statements/try/dstr/ary-init-iter-no-close.js	strict	pass
test/language/statements/try/dstr/ary-name-iter-val.js	sloppy	fail
test/language/statements/try/dstr/ary-name-iter-val.js	strict	fail
test/language/statements/try/dstr/ary-ptrn-elem-ary-elem-init.js	sloppy	fail
test/language/statements/try/dstr/ary-ptrn-elem-ary-elem-init.js	strict	fail
test/language/statements/try/dstr/ary-ptrn-elem-ary-elem-iter.js	sloppy	fail
test/language/statements/try/dstr/ary-ptrn-elem-ary-elem-iter.js	strict	fail
test/language/statements/try/dstr/ary-ptrn-elem-ary-elision-init.js	sloppy	fail
test/language/statements/try/dstr/ary-ptrn-elem-ary-elision-init.js	strict	fail
test/language/statements/try/dstr/ary-ptrn-elem-ary-elision-iter.js	sloppy	fail
test/language/statements/try/dstr/ary-ptrn-elem-ary-elision-iter.js	strict	fail
test/language/statements/try/dstr/ary-ptrn-elem-ary-empty-init.js	sloppy	fail
test/language/statements/try/dstr/ary-ptrn-elem-ary-empty-init.js	strict	fail
test/language/statements/try/dstr/ary-ptrn-elem-ary-empty-iter.js	sloppy	pass
test/language/statements/try/dstr/ary-ptrn-elem-ary-empty-iter.js	strict	pass
test/language/statements/try/dstr/ary-ptrn-elem-ary-rest-init.js	sloppy	fail
test/language/statements/try/dstr/ary-ptrn-elem-ary-rest-init.js	strict	fail
test/language/statements/try/dstr/ary-ptrn-elem-ary-rest-iter.js	sloppy	fail
test/language/statements/try/dstr/ary-ptrn-elem-ary-rest-iter.js	strict	fail
test/language/statements/try/dstr/ary-ptrn-elem-ary-val-null.js	sloppy	fail
test/language/statements/try/dstr/ary-ptrn-elem-ary-val-null.js	strict	fail
test/language/statements/try/dstr/ary-ptrn-elem-id-init-exhausted.js	sloppy	fail
test/language/statements/try/dstr/ary-ptrn-elem-id-init-exhausted.js	strict	fail
test/language/statements/try/dstr/ary-ptrn-elem-id-init-fn-name-arrow.js	sloppy	fail
test/language/statements/try/dstr/ary-ptrn-elem-id-init-fn-name-arrow.js	strict	fail
test/language/statements/try/dstr/ary-ptrn-elem-id-init-fn-name-class.js	sloppy	fail
test/language/statements/try/dstr/ary-ptrn-elem-id-init-fn-name-class.js	strict	fail
test/language/statements/try/dstr/ary-ptrn-elem-id-init-fn-name-cover.js	sloppy	fail
test/language/statements/try/dstr/ary-ptrn-elem-id-init-fn-name-cover.js	strict	fail
test/language/statements/try/dstr/ary-ptrn-elem-id-init-fn-name-fn.js	sloppy	fail
test/language/statements/try/dstr/ary-ptrn-elem-id-init-fn-name-fn.js	strict	fail
test/language/statements/try/dstr/ary-ptrn-elem-id-init-fn-name-gen.js	sloppy	fail
test/language/statements/try/dstr/ary-ptrn-elem-id-init-fn-name-gen.js	strict	fail
test/language/statements/try/dstr/ary-ptrn-elem-id-init-hole.js	sloppy	fail
test/language/statements/try/dstr/ary-ptrn-elem-id-init-hole.js	strict	fail
test/language/statements/try/dstr/ary-ptrn-elem-id-init-skipped.js	sloppy	fail
test/language/statements/try/dstr/ary-ptrn-elem-id-init-skipped.js	strict	fail
test/language/statements/try/dstr/ary-ptrn-elem-id-init-throws.js	sloppy	fail
test/language/statements/try/dstr/ary-ptrn-elem-id-init-throws.js	strict	fail
test/language/statements/try/dstr/ary-ptrn-elem-id-init-undef.js	sloppy	fail
test/language/statements/try/dstr/ary-ptrn-elem-id-init-undef.js	strict	fail
test/language/statements/try/dstr/ary-ptrn-elem-id-init-unresolvable.js	sloppy	fail
test/language/statements/try/dstr/ary-ptrn-elem-id-init-unresolvable.js	strict	fail
test/language/statements/try/dstr/ary-ptrn-elem-id-iter-complete.js	sloppy	fail
test/language/statements/try/dstr/ary-ptrn-elem-id-iter-complete.js	strict	fail
test/language/statements/try/dstr/ary-ptrn-elem-id-iter-done.js	sloppy	fail
test/language/statements/try/dstr/ary-ptrn-elem-id-iter-done.js	strict	fail
test/language/statements/try/dstr/ary-ptrn-elem-id-iter-step-err.js	sloppy	fail
test/language/statements/try/dstr/ary-ptrn-elem-id-iter-step-err.js	strict	fail
test/language/statements/try/dstr/ary-ptrn-elem-id-iter-val-array-prototype.js	sloppy	fail
test/language/statements/try/dstr/ary-ptrn-elem-id-iter-val-array-prototype.js	strict	fail
test/language/statements/try/dstr/ary-ptrn-elem-id-iter-val-err.js	sloppy	fail
test/language/statements/try/dstr/ary-ptrn-elem-id-iter-val-err.js	strict	fail
test/language/statements/try/dstr/ary-ptrn-elem-id-iter-val.js	sloppy	fail
test/language/statements/try/dstr/ary-ptrn-elem-id-iter-val.js	strict	fail
test/language/statements/try/dstr/ary-ptrn-elem-obj-id-init.js	sloppy	fail
test/language/statements/try/dstr/ary-ptrn-elem-obj-id-init.js	strict	fail
test/language/statements/try/dstr/ary-ptrn-elem-obj-id.js	sloppy	fail
test/language/statements/try/dstr/ary-ptrn-elem-obj-id.js	strict	fail
test/language/statements/try/dstr/ary-ptrn-elem-obj-prop-id-init.js	sloppy	fail
test/language/statements/try/dstr/ary-ptrn-elem-obj-prop-id-init.js	strict	fail
test/language/statements/try/dstr/ary-ptrn-elem-obj-prop-id.js	sloppy	fail
test/language/statements/try/dstr/ary-ptrn-elem-obj-prop-id.js	strict	fail
test/language/statements/try/dstr/ary-ptrn-elem-obj-val-null.js	sloppy	fail
test/language/statements/try/dstr/ary-ptrn-elem-obj-val-null.js	strict	fail
test/language/statements/try/dstr/ary-ptrn-elem-obj-val-undef.js	sloppy	fail
test/language/statements/try/dstr/ary-ptrn-elem-obj-val-undef.js	strict	fail
test/language/statements/try/dstr/ary-ptrn-elision-exhausted.js	sloppy	fail
test/language/statements/try/dstr/ary-ptrn-elision-exhausted.js	strict	fail
test/language/statements/try/dstr/ary-ptrn-elision-step-err.js	sloppy	fail
test/language/statements/try/dstr/ary-ptrn-elision-step-err.js	strict	fail
test/language/statements/try/dstr/ary-ptrn-elision.js	sloppy	fail
test/language/statements/try/dstr/ary-ptrn-elision.js	strict	fail
test/language/statements/try/dstr/ary-ptrn-empty.js	sloppy	fail
test/language/statements/try/dstr/ary-ptrn-empty.js	strict	fail
test/language/statements/try/dstr/ary-ptrn-rest-ary-elem.js	sloppy	fail
test/language/statements/try/dstr/ary-ptrn-rest-ary-elem.js	strict	fail
test/language/statements/try/dstr/ary-ptrn-rest-ary-elision.js	sloppy	fail
test/language/statements/try/dstr/ary-ptrn-rest-ary-elision.js	strict	fail
test/language/statements/try/dstr/ary-ptrn-rest-ary-empty.js	sloppy	fail
test/language/statements/try/dstr/ary-ptrn-rest-ary-empty.js	strict	fail
test/language/statements/try/dstr/ary-ptrn-rest-ary-rest.js	sloppy	fail
test/language/statements/try/dstr/ary-ptrn-rest-ary-rest.js	strict	fail
test/language/statements/try/dstr/ary-ptrn-rest-id-direct.js	sloppy	fail
test/language/statements/try/dstr/ary-ptrn-rest-id-direct.js	strict	fail
test/language/statements/try/dstr/ary-ptrn-rest-id-elision-next-err.js	sloppy	fail
test/language/statements/try/dstr/ary-ptrn-rest-id-elision-next-err.js	strict	fail
test/language/statements/try/dstr/ary-ptrn-rest-id-elision.js	sloppy	fail
test/language/statements/try/dstr/ary-ptrn-rest-id-elision.js	strict	fail
test/language/statements/try/dstr/ary-ptrn-rest-id-exhausted.js	sloppy	fail
test/language/statements/try/dstr/ary-ptrn-rest-id-exhausted.js	strict	fail
test/language/statements/try/dstr/ary-ptrn-rest-id-iter-step-err.js	sloppy	fail
test/language/statements/try/dstr/ary-ptrn-rest-id-iter-step-err.js	strict	fail
test/language/statements/try/dstr/ary-ptrn-rest-id-iter-val-err.js	sloppy	fail
test/language/statements/try/dstr/ary-ptrn-rest-id-iter-val-err.js	strict	fail
test/language/statements/try/dstr/ary-ptrn-rest-id.js	sloppy	fail
test/language/statements/try/dstr/ary-ptrn-rest-id.js	strict	fail
test/language/statements/try/dstr/ary-ptrn-rest-init-ary.js	sloppy	fail
test/language/statements/try/dstr/ary-ptrn-rest-init-ary.js	strict	fail
test/language/statements/try/dstr/ary-ptrn-rest-init-id.js	sloppy	fail
test/language/statements/try/dstr/ary-ptrn-rest-init-id.js	strict	fail
test/language/statements/try/dstr/ary-ptrn-rest-init-obj.js	sloppy	fail
test/language/statements/try/dstr/ary-ptrn-rest-init-obj.js	strict	fail
test/language/statements/try/dstr/ary-ptrn-rest-not-final-ary.js	sloppy	pass
test/language/statements/try/dstr/ary-ptrn-rest-not-final-ary.js	strict	pass
test/language/statements/try/dstr/ary-ptrn-rest-not-final-id.js	sloppy	pass
test/language/statements/try/dstr/ary-ptrn-rest-not-final-id.js	strict	pass
test/language/statements/try/dstr/ary-ptrn-rest-not-final-obj.js	sloppy	pass
test/language/statements/try/dstr/ary-ptrn-rest-not-final-obj.js	strict	pass
test/language/statements/try/dstr/ary-ptrn-rest-obj-id.js	sloppy	fail
test/language/statements/try/dstr/ary-ptrn-rest-obj-id.js	strict	fail
test/language/statements/try/dstr/ary-ptrn-rest-obj-prop-id.js	sloppy	fail
test/language/statements/try/dstr/ary-ptrn-rest-obj-prop-id.js	strict	fail
test/language/statements/try/dstr/obj-init-null.js	sloppy	fail
test/language/statements/try/dstr/obj-init-null.js	strict	fail
test/language/statements/try/dstr/obj-init-undefined.js	sloppy	fail
test/language/statements/try/dstr/obj-init-undefined.js	strict	fail
test/language/statements/try/dstr/obj-ptrn-empty.js	sloppy	pass
test/language/statements/try/dstr/obj-ptrn-empty.js	strict	pass
test/language/statements/try/dstr/obj-ptrn-id-get-value-err.js	sloppy	fail
test/language/statements/try/dstr/obj-ptrn-id-get-value-err.js	strict	fail
test/language/statements/try/dstr/obj-ptrn-id-init-fn-name-arrow.js	sloppy	fail
test/language/statements/try/dstr/obj-ptrn-id-init-fn-name-arrow.js	strict	fail
test/language/statements/try/dstr/obj-ptrn-id-init-fn-name-class.js	sloppy	fail
test/language/statements/try/dstr/obj-ptrn-id-init-fn-name-class.js	strict	fail
test/language/statements/try/dstr/obj-ptrn-id-init-fn-name-cover.js	sloppy	fail
test/language/statements/try/dstr/obj-ptrn-id-init-fn-name-cover.js	strict	fail
test/language/statements/try/dstr/obj-ptrn-id-init-fn-name-fn.js	sloppy	fail
test/language/statements/try/dstr/obj-ptrn-id-init-fn-name-fn.js	strict	fail
test/language/statements/try/dstr/obj-ptrn-id-init-fn-name-gen.js	sloppy	fail
test/language/statements/try/dstr/obj-ptrn-id-init-fn-name-gen.js	strict	fail
test/language/statements/try/dstr/obj-ptrn-id-init-skipped.js	sloppy	fail
test/language/statements/try/dstr/obj-ptrn-id-init-skipped.js	strict	fail
test/language/statements/try/dstr/obj-ptrn-id-init-throws.js	sloppy	fail
test/language/statements/try/dstr/obj-ptrn-id-init-throws.js	strict	fail
test/language/statements/try/dstr/obj-ptrn-id-init-unresolvable.js	sloppy	fail
test/language/statements/try/dstr/obj-ptrn-id-init-unresolvable.js	strict	fail
test/language/statements/try/dstr/obj-ptrn-id-trailing-comma.js	sloppy	fail
test/language/statements/try/dstr/obj-ptrn-id-trailing-comma.js	strict	fail
test/language/statements/try/dstr/obj-ptrn-list-err.js	sloppy	fail
test/language/statements/try/dstr/obj-ptrn-list-err.js	strict	fail
test/language/statements/try/dstr/obj-ptrn-prop-ary-init.js	sloppy	fail
test/language/statements/try/dstr/obj-ptrn-prop-ary-init.js	strict	fail
test/language/statements/try/dstr/obj-ptrn-prop-ary-trailing-comma.js	sloppy	fail
test/language/statements/try/dstr/obj-ptrn-prop-ary-trailing-comma.js	strict	fail
test/language/statements/try/dstr/obj-ptrn-prop-ary-value-null.js	sloppy	fail
test/language/statements/try/dstr/obj-ptrn-prop-ary-value-null.js	strict	fail
test/language/statements/try/dstr/obj-ptrn-prop-ary.js	sloppy	fail
test/language/statements/try/dstr/obj-ptrn-prop-ary.js	strict	fail
test/language/statements/try/dstr/obj-ptrn-prop-eval-err.js	sloppy	fail
test/language/statements/try/dstr/obj-ptrn-prop-eval-err.js	strict	fail
test/language/statements/try/dstr/obj-ptrn-prop-id-get-value-err.js	sloppy	fail
test/language/statements/try/dstr/obj-ptrn-prop-id-get-value-err.js	strict	fail
test/language/statements/try/dstr/obj-ptrn-prop-id-init-skipped.js	sloppy	fail
test/language/statements/try/dstr/obj-ptrn-prop-id-init-skipped.js	strict	fail
test/language/statements/try/dstr/obj-ptrn-prop-id-init-throws.js	sloppy	fail
test/language/statements/try/dstr/obj-ptrn-prop-id-init-throws.js	strict	fail
test/language/statements/try/dstr/obj-ptrn-prop-id-init-unresolvable.js	sloppy	fail
test/language/statements/try/dstr/obj-ptrn-prop-id-init-unresolvable.js	strict	fail
test/language/statements/try/dstr/obj-ptrn-prop-id-init.js	sloppy	fail
test/language/statements/try/dstr/obj-ptrn-prop-id-init.js	strict	fail
test/language/statements/try/dstr/obj-ptrn-prop-id-trailing-comma.js	sloppy	fail
test/language/statements/try/dstr/obj-ptrn-prop-id-trailing-comma.js	strict	fail
test/language/statements/try/dstr/obj-ptrn-prop-id.js	sloppy	fail
test/language/statements/try/dstr/obj-ptrn-prop-id.js	strict	fail
test/language/statements/try/dstr/obj-ptrn-prop-obj-init.js	sloppy	fail
test/language/statements/try/dstr/obj-ptrn-prop-obj-init.js	strict	fail
test/language/statements/try/dstr/obj-ptrn-prop-obj-value-null.js	sloppy	fail
test/language/statements/try/dstr/obj-ptrn-prop-obj-value-null.js	strict	fail
test/language/statements/try/dstr/obj-ptrn-prop-obj-value-undef.js	sloppy	fail
test/language/statements/try/dstr/obj-ptrn-prop-obj-value-undef.js	strict	fail
test/language/statements/try/dstr/obj-ptrn-prop-obj.js	sloppy	fail
test/language/statements/try/dstr/obj-ptrn-prop-obj.js	strict	fail
test/language/statements/try/dstr/obj-ptrn-rest-getter.js	sloppy	fail
test/language/statements/try/dstr/obj-ptrn-rest-getter.js	strict	fail
test/language/statements/try/dstr/obj-ptrn-rest-skip-non-enumerable.js	sloppy	fail
test/language/statements/try/dstr/obj-ptrn-rest-skip-non-enumerable.js	strict	fail
test/language/statements/try/dstr/obj-ptrn-rest-val-obj.js	sloppy	fail
test/language/statements/try/dstr/obj-ptrn-rest-val-obj.js	strict	fail
test/language/statements/try/early-catch-duplicates.js	sloppy	fail
test/language/statements/try/early-catch-duplicates.js	strict	fail
test/language/statements/try/early-catch-function.js	sloppy	fail
test/language/statements/try/early-catch-function.js	strict	fail
test/language/statements/try/early-catch-lex.js	sloppy	fail
test/language/statements/try/early-catch-lex.js	strict	fail
test/language/statements/try/optional-catch-binding-finally.js	sloppy	pass
test/language/statements/try/optional-catch-binding-finally.js	strict	pass
test/language/statements/try/optional-catch-binding-lexical.js	sloppy	fail
test/language/statements/try/optional-catch-binding-lexical.js	strict	fail
test/language/statements/try/optional-catch-binding-parens.js	sloppy	pass
test/language/statements/try/optional-catch-binding-parens.js	strict	pass
test/language/statements/try/optional-catch-binding-throws.js	sloppy	pass
test/language/statements/try/optional-catch-binding-throws.js	strict	pass
test/language/statements/try/optional-catch-binding.js	sloppy	pass
test/language/statements/try/optional-catch-binding.js	strict	pass
test/language/statements/try/scope-catch-block-lex-close.js	sloppy	fail
test/language/statements/try/scope-catch-block-lex-close.js	strict	fail
test/language/statements/try/scope-catch-block-lex-open.js	sloppy	fail
test/language/statements/try/scope-catch-block-lex-open.js	strict	fail
test/language/statements/try/scope-catch-block-var-none.js	sloppy	pass
test/language/statements/try/scope-catch-block-var-none.js	strict	pass
test/language/statements/try/scope-catch-param-lex-close.js	sloppy	fail
test/language/statements/try/scope-catch-param-lex-close.js	strict	fail
test/language/statements/try/scope-catch-param-lex-open.js	sloppy	fail
test/language/statements/try/scope-catch-param-lex-open.js	strict	fail
test/language/statements/try/scope-catch-param-var-none.js	sloppy	fail
test/language/statements/try/static-init-await-binding-invalid.js	sloppy	fail
test/language/statements/try/static-init-await-binding-invalid.js	strict	fail
test/language/statements/try/static-init-await-binding-valid.js	sloppy	pass
test/language/statements/try/static-init-await-binding-valid.js	strict	pass
test/language/statements/try/tco-catch-finally.js	strict	fail
test/language/statements/try/tco-catch.js	strict	fail
test/language/statements/try/tco-finally.js	strict	fail
