test/language/statements/while/S12.6.2_A1.js	sloppy	pass
test/language/statements/while/S12.6.2_A1.js	strict	pass
test/language/statements/while/S12.6.2_A10.js	sloppy	fail
test/language/statements/while/S12.6.2_A10.js	strict	fail
test/language/statements/while/S12.6.2_A11.js	sloppy	pass
test/language/statements/while/S12.6.2_A11.js	strict	pass
test/language/statements/while/S12.6.2_A14_T1.js	sloppy	pass
test/language/statements/while/S12.6.2_A14_T1.js	strict	pass
test/language/statements/while/S12.6.2_A14_T2.js	sloppy	pass
test/language/statements/while/S12.6.2_A14_T2.js	strict	pass
test/language/statements/while/S12.6.2_A15.js	sloppy	pass
test/language/statements/while/S12.6.2_A15.js	strict	pass
test/language/statements/while/S12.6.2_A2.js	sloppy	fail
test/language/statements/while/S12.6.2_A2.js	strict	fail
test/language/statements/while/S12.6.2_A3.js	sloppy	fail
test/language/statements/while/S12.6.2_A3.js	strict	fail
test/language/statements/while/S12.6.2_A4_T1.js	sloppy	pass
test/language/statements/while/S12.6.2_A4_T1.js	strict	pass
test/language/statements/while/S12.6.2_A4_T2.js	sloppy	fail
test/language/statements/while/S12.6.2_A4_T2.js	strict	fail
test/language/statements/while/S12.6.2_A4_T3.js	sloppy	fail
test/language/statements/while/S12.6.2_A4_T3.js	strict	fail
test/language/statements/while/S12.6.2_A4_T4.js	sloppy	fail
test/language/statements/while/S12.6.2_A4_T4.js	strict	fail
test/language/statements/while/S12.6.2_A4_T5.js	sloppy	fail
test/language/statements/while/S12.6.2_A4_T5.js	strict	fail
test/language/statements/while/S12.6.2_A5.js	sloppy	fail
test/language/statements/while/S12.6.2_A5.js	strict	fail
test/language/statements/while/S12.6.2_A6_T1.js	sloppy	pass
test/language/statements/while/S12.6.2_A6_T1.js	strict	pass
test/language/statements/while/S12.6.2_A6_T2.js	sloppy	pass
test/language/statements/while/S12.6.2_A6_T2.js	strict	pass
test/language/statements/while/S12.6.2_A6_T3.js	sloppy	pass
test/language/statements/while/S12.6.2_A6_T3.js	strict	pass
test/language/statements/while/S12.6.2_A6_T4.js	sloppy	pass
test/language/statements/while/S12.6.2_A6_T4.js	strict	pass
test/language/statements/while/S12.6.2_A6_T5.js	sloppy	pass
test/language/statements/while/S12.6.2_A6_T5.js	strict	pass
test/language/statements/while/S12.6.2_A6_T6.js	sloppy	pass
test/language/statements/while/S12.6.2_A6_T6.js	strict	pass
test/language/statements/while/S12.6.2_A7.js	sloppy	fail
test/language/statements/while/S12.6.2_A7.js	strict	fail
test/language/statements/while/S12.6.2_A8.js	sloppy	fail
test/language/statements/while/S12.6.2_A8.js	strict	fail
test/language/statements/while/S12.6.2_A9.js	sloppy	fail
test/language/statements/while/S12.6.2_A9.js	strict	fail
test/language/statements/while/cptn-abrupt-empty.js	sloppy	fail
test/language/statements/while/cptn-abrupt-empty.js	strict	fail
test/language/statements/while/cptn-iter.js	sloppy	fail
test/language/statements/while/cptn-iter.js	strict	fail
test/language/statements/while/cptn-no-iter.js	sloppy	fail
test/language/statements/while/cptn-no-iter.js	strict	fail
test/language/statements/while/decl-async-fun.js	sloppy	fail
test/language/statements/while/decl-async-fun.js	strict	fail
test/language/statements/while/decl-async-gen.js	sloppy	fail
test/language/statements/while/decl-async-gen.js	strict	fail
test/language/statements/while/decl-cls.js	sloppy	fail
test/language/statements/while/decl-cls.js	strict	fail
test/language/statements/while/decl-const.js	sloppy	pass
test/language/statements/while/decl-const.js	strict	pass
test/language/statements/while/decl-fun.js	sloppy	fail
test/language/statements/while/decl-fun.js	strict	fail
test/language/statements/while/decl-gen.js	sloppy	fail
test/language/statements/while/decl-gen.js	strict	fail
test/language/statements/while/decl-let.js	sloppy	pass
test/language/statements/while/decl-let.js	strict	pass
test/language/statements/while/labelled-fn-stmt.js	sloppy	fail
test/language/statements/while/labelled-fn-stmt.js	strict	fail
test/language/statements/while/let-array-with-newline.js	sloppy	fail
test/language/statements/while/let-block-with-newline.js	sloppy	pass
test/language/statements/while/let-identifier-with-newline.js	sloppy	fail
test/language/statements/while/tco-body.js	strict	fail
