test/language/statements/continue/12.7-1.js	sloppy	pass
test/language/statements/continue/12.7-1.js	strict	pass
test/language/statements/continue/S12.7_A1_T1.js	sloppy	fail
test/language/statements/continue/S12.7_A1_T1.js	strict	fail
test/language/statements/continue/S12.7_A1_T2.js	sloppy	fail
test/language/statements/continue/S12.7_A1_T2.js	strict	fail
test/language/statements/continue/S12.7_A1_T3.js	sloppy	fail
test/language/statements/continue/S12.7_A1_T3.js	strict	fail
test/language/statements/continue/S12.7_A1_T4.js	sloppy	fail
test/language/statements/continue/S12.7_A1_T4.js	strict	fail
test/language/statements/continue/S12.7_A5_T1.js	sloppy	fail
test/language/statements/continue/S12.7_A5_T1.js	strict	fail
test/language/statements/continue/S12.7_A5_T2.js	sloppy	fail
test/language/statements/continue/S12.7_A5_T2.js	strict	fail
test/language/statements/continue/S12.7_A5_T3.js	sloppy	fail
test/language/statements/continue/S12.7_A5_T3.js	strict	fail
test/language/statements/continue/S12.7_A6.js	sloppy	fail
test/language/statements/continue/S12.7_A6.js	strict	fail
test/language/statements/continue/S12.7_A7.js	sloppy	fail
test/language/statements/continue/S12.7_A7.js	strict	fail
test/language/statements/continue/S12.7_A8_T1.js	sloppy	fail
test/language/statements/continue/S12.7_A8_T1.js	strict	fail
test/language/statements/continue/S12.7_A8_T2.js	sloppy	fail
test/language/statements/continue/S12.7_A8_T2.js	strict	fail
test/language/statements/continue/S12.7_A9_T1.js	sloppy	fail
test/language/statements/continue/S12.7_A9_T1.js	strict	fail
test/language/statements/continue/S12.7_A9_T2.js	sloppy	fail
test/language/statements/continue/S12.7_A9_T2.js	strict	fail
test/language/statements/continue/labeled-continue.js	sloppy	fail
test/language/statements/continue/labeled-continue.js	strict	fail
test/language/statements/continue/line-terminators.js	sloppy	fail
test/language/statements/continue/line-terminators.js	strict	fail
test/language/statements/continue/nested-let-bound-for-loops-inner-continue.js	sloppy	pass
test/language/statements/continue/nested-let-bound-for-loops-inner-continue.js	strict	pass
test/language/statements/continue/nested-let-bound-for-loops-labeled-continue.js	sloppy	fail
test/language/statements/continue/nested-let-bound-for-loops-labeled-continue.js	strict	fail
test/language/statements/continue/nested-let-bound-for-loops-outer-continue.js	sloppy	pass
test/language/statements/continue/nested-let-bound-for-loops-outer-continue.js	strict	pass
test/language/statements/continue/no-label-continue.js	sloppy	pass
test/language/statements/continue/no-label-continue.js	strict	pass
test/language/statements/continue/shadowing-loop-variable-in-same-scope-as-continue.js	sloppy	fail
test/language/statements/continue/shadowing-loop-variable-in-same-scope-as-continue.js	strict	fail
test/language/statements/continue/simple-and-labeled.js	sloppy	fail
test/language/statements/continue/simple-and-labeled.js	strict	fail
test/language/statements/continue/static-init-with-label.js	sloppy	fail
test/language/statements/continue/static-init-with-label.js	strict	fail
test/language/statements/continue/static-init-without-label.js	sloppy	fail
test/language/statements/continue/static-init-without-label.js	strict	fail
