test/language/expressions/prefix-decrement/11.4.5-2-2gs.js	strict	fail
test/language/expressions/prefix-decrement/11.4.5-2-3-s.js	sloppy	fail
test/language/expressions/prefix-decrement/11.4.5-2-3-s.js	strict	fail
test/language/expressions/prefix-decrement/S11.4.5_A2.1_T1.js	sloppy	pass
test/language/expressions/prefix-decrement/S11.4.5_A2.1_T1.js	strict	pass
test/language/expressions/prefix-decrement/S11.4.5_A2.1_T2.js	sloppy	fail
test/language/expressions/prefix-decrement/S11.4.5_A2.1_T2.js	strict	fail
test/language/expressions/prefix-decrement/S11.4.5_A2.2_T1.js	sloppy	fail
test/language/expressions/prefix-decrement/S11.4.5_A2.2_T1.js	strict	fail
test/language/expressions/prefix-decrement/S11.4.5_A3_T1.js	sloppy	fail
test/language/expressions/prefix-decrement/S11.4.5_A3_T1.js	strict	fail
test/language/expressions/prefix-decrement/S11.4.5_A3_T2.js	sloppy	fail
test/language/expressions/prefix-decrement/S11.4.5_A3_T2.js	strict	fail
test/language/expressions/prefix-decrement/S11.4.5_A3_T3.js	sloppy	fail
test/language/expressions/prefix-decrement/S11.4.5_A3_T3.js	strict	fail
test/language/expressions/prefix-decrement/S11.4.5_A3_T4.js	sloppy	pass
test/language/expressions/prefix-decrement/S11.4.5_A3_T4.js	strict	pass
test/language/expressions/prefix-decrement/S11.4.5_A3_T5.js	sloppy	fail
test/language/expressions/prefix-decrement/S11.4.5_A3_T5.js	strict	fail
test/language/expressions/prefix-decrement/S11.4.5_A4_T1.js	sloppy	fail
test/language/expressions/prefix-decrement/S11.4.5_A4_T1.js	strict	fail
test/language/expressions/prefix-decrement/S11.4.5_A4_T2.js	sloppy	fail
test/language/expressions/prefix-decrement/S11.4.5_A4_T2.js	strict	fail
test/language/expressions/prefix-decrement/S11.4.5_A4_T3.js	sloppy	fail
test/language/expressions/prefix-decrement/S11.4.5_A4_T3.js	strict	fail
test/language/expressions/prefix-decrement/S11.4.5_A4_T4.js	sloppy	pass
test/language/expressions/prefix-decrement/S11.4.5_A4_T4.js	strict	pass
test/language/expressions/prefix-decrement/S11.4.5_A4_T5.js	sloppy	fail
test/language/expressions/prefix-decrement/S11.4.5_A4_T5.js	strict	fail
test/language/expressions/prefix-decrement/S11.4.5_A5_T1.js	sloppy	fail
test/language/expressions/prefix-decrement/S11.4.5_A5_T2.js	sloppy	fail
test/language/expressions/prefix-decrement/S11.4.5_A5_T3.js	sloppy	fail
test/language/expressions/prefix-decrement/S11.4.5_A6_T1.js	sloppy	fail
test/language/expressions/prefix-decrement/S11.4.5_A6_T1.js	strict	fail
test/language/expressions/prefix-decrement/S11.4.5_A6_T2.js	sloppy	fail
test/language/expressions/prefix-decrement/S11.4.5_A6_T2.js	strict	fail
test/language/expressions/prefix-decrement/S11.4.5_A6_T3.js	sloppy	fail
test/language/expressions/prefix-decrement/S11.4.5_A6_T3.js	strict	fail
test/language/expressions/prefix-decrement/arguments-nostrict.js	sloppy	pass
test/language/expressions/prefix-decrement/arguments.js	strict	fail
test/language/expressions/prefix-decrement/bigint.js	sloppy	fail
test/language/expressions/prefix-decrement/bigint.js	strict	fail
test/language/expressions/prefix-decrement/eval-nostrict.js	sloppy	fail
test/language/expressions/prefix-decrement/eval.js	strict	fail
test/language/expressions/prefix-decrement/operator-prefix-decrement-x-calls-putvalue-lhs-newvalue--1.js	sloppy	fail
test/language/expressions/prefix-decrement/operator-prefix-decrement-x-calls-putvalue-lhs-newvalue-.js	sloppy	fail
test/language/expressions/prefix-decrement/target-cover-id.js	sloppy	pass
test/language/expressions/prefix-decrement/target-cover-id.js	strict	pass
test/language/expressions/prefix-decrement/target-cover-newtarget.js	sloppy	pass
test/language/expressions/prefix-decrement/target-cover-newtarget.js	strict	pass
test/language/expressions/prefix-decrement/target-cover-yieldexpr.js	sloppy	pass
test/language/expressions/prefix-decrement/target-cover-yieldexpr.js	strict	pass
test/language/expressions/prefix-decrement/target-newtarget.js	sloppy	pass
test/language/expressions/prefix-decrement/target-newtarget.js	strict	pass
test/language/expressions/prefix-decrement/this.js	sloppy	pass
test/language/expressions/prefix-decrement/this.js	strict	pass
test/language/expressions/prefix-decrement/whitespace.js	sloppy	pass
test/language/expressions/prefix-decrement/whitespace.js	strict	pass
