test/language/expressions/strict-equals/S11.9.4_A1.js	sloppy	fail
test/language/expressions/strict-equals/S11.9.4_A1.js	strict	fail
test/language/expressions/strict-equals/S11.9.4_A2.1_T1.js	sloppy	fail
test/language/expressions/strict-equals/S11.9.4_A2.1_T1.js	strict	fail
test/language/expressions/strict-equals/S11.9.4_A2.1_T2.js	sloppy	fail
test/language/expressions/strict-equals/S11.9.4_A2.1_T2.js	strict	fail
test/language/expressions/strict-equals/S11.9.4_A2.1_T3.js	sloppy	fail
test/language/expressions/strict-equals/S11.9.4_A2.1_T3.js	strict	fail
test/language/expressions/strict-equals/S11.9.4_A2.4_T1.js	sloppy	pass
test/language/expressions/strict-equals/S11.9.4_A2.4_T1.js	strict	pass
test/language/expressions/strict-equals/S11.9.4_A2.4_T2.js	sloppy	pass
test/language/expressions/strict-equals/S11.9.4_A2.4_T2.js	strict	pass
test/language/expressions/strict-equals/S11.9.4_A2.4_T3.js	sloppy	fail
test/language/expressions/strict-equals/S11.9.4_A2.4_T3.js	strict	fail
test/language/expressions/strict-equals/S11.9.4_A2.4_T4.js	sloppy	fail
test/language/expressions/strict-equals/S11.9.4_A3.js	sloppy	pass
test/language/expressions/strict-equals/S11.9.4_A3.js	strict	pass
test/language/expressions/strict-equals/S11.9.4_A4.1_T1.js	sloppy	fail
test/language/expressions/strict-equals/S11.9.4_A4.1_T1.js	strict	fail
test/language/expressions/strict-equals/S11.9.4_A4.1_T2.js	sloppy	fail
test/language/expressions/strict-equals/S11.9.4_A4.1_T2.js	strict	fail
test/language/expressions/strict-equals/S11.9.4_A4.2.js	sloppy	pass
test/language/expressions/strict-equals/S11.9.4_A4.2.js	strict	pass
test/language/expressions/strict-equals/S11.9.4_A4.3.js	sloppy	pass
test/language/expressions/strict-equals/S11.9.4_A4.3.js	strict	pass
test/language/expressions/strict-equals/S11.9.4_A5.js	sloppy	pass
test/language/expressions/strict-equals/S11.9.4_A5.js	strict	pass
test/language/expressions/strict-equals/S11.9.4_A6.1.js	sloppy	fail
test/language/expressions/strict-equals/S11.9.4_A6.1.js	strict	fail
test/language/expressions/strict-equals/S11.9.4_A6.2.js	sloppy	pass
test/language/expressions/strict-equals/S11.9.4_A6.2.js	strict	pass
test/language/expressions/strict-equals/S11.9.4_A7.js	sloppy	fail
test/language/expressions/strict-equals/S11.9.4_A7.js	strict	fail
test/language/expressions/strict-equals/S11.9.4_A8_T1.js	sloppy	fail
test/language/expressions/strict-equals/S11.9.4_A8_T1.js	strict	fail
test/language/expressions/strict-equals/S11.9.4_A8_T2.js	sloppy	fail
test/language/expressions/strict-equals/S11.9.4_A8_T2.js	strict	fail
test/language/expressions/strict-equals/S11.9.4_A8_T3.js	sloppy	fail
test/language/expressions/strict-equals/S11.9.4_A8_T3.js	strict	fail
test/language/expressions/strict-equals/S11.9.4_A8_T4.js	sloppy	fail
test/language/expressions/strict-equals/S11.9.4_A8_T4.js	strict	fail
test/language/expressions/strict-equals/S11.9.4_A8_T5.js	sloppy	pass
test/language/expressions/strict-equals/S11.9.4_A8_T5.js	strict	pass
test/language/expressions/strict-equals/bigint-and-bigint.js	sloppy	fail
test/language/expressions/strict-equals/bigint-and-bigint.js	strict	fail
test/language/expressions/strict-equals/bigint-and-boolean.js	sloppy	pass
test/language/expressions/strict-equals/bigint-and-boolean.js	strict	pass
test/language/expressions/strict-equals/bigint-and-incomparable-primitive.js	sloppy	fail
test/language/expressions/strict-equals/bigint-and-incomparable-primitive.js	strict	fail
test/language/expressions/strict-equals/bigint-and-non-finite.js	sloppy	pass
test/language/expressions/strict-equals/bigint-and-non-finite.js	strict	pass
test/language/expressions/strict-equals/bigint-and-number-extremes.js	sloppy	fail
test/language/expressions/strict-equals/bigint-and-number-extremes.js	strict	fail
test/language/expressions/strict-equals/bigint-and-number.js	sloppy	pass
test/language/expressions/strict-equals/bigint-and-number.js	strict	pass
test/language/expressions/strict-equals/bigint-and-object.js	sloppy	fail
test/language/expressions/strict-equals/bigint-and-object.js	strict	fail
test/language/expressions/strict-equals/bigint-and-string.js	sloppy	pass
test/language/expressions/strict-equals/bigint-and-string.js	strict	pass
