test/language/expressions/in/S11.8.7_A1.js	sloppy	fail
test/language/expressions/in/S11.8.7_A1.js	strict	fail
test/language/expressions/in/S11.8.7_A2.1_T1.js	sloppy	pass
test/language/expressions/in/S11.8.7_A2.1_T1.js	strict	pass
test/language/expressions/in/S11.8.7_A2.1_T2.js	sloppy	fail
test/language/expressions/in/S11.8.7_A2.1_T2.js	strict	fail
test/language/expressions/in/S11.8.7_A2.1_T3.js	sloppy	fail
test/language/expressions/in/S11.8.7_A2.1_T3.js	strict	fail
test/language/expressions/in/S11.8.7_A2.4_T1.js	sloppy	pass
test/language/expressions/in/S11.8.7_A2.4_T1.js	strict	pass
test/language/expressions/in/S11.8.7_A2.4_T2.js	sloppy	pass
test/language/expressions/in/S11.8.7_A2.4_T2.js	strict	pass
test/language/expressions/in/S11.8.7_A2.4_T3.js	sloppy	fail
test/language/expressions/in/S11.8.7_A2.4_T3.js	strict	fail
test/language/expressions/in/S11.8.7_A2.4_T4.js	sloppy	fail
test/language/expressions/in/S11.8.7_A3.js	sloppy	fail
test/language/expressions/in/S11.8.7_A3.js	strict	fail
test/language/expressions/in/S11.8.7_A4.js	sloppy	pass
test/language/expressions/in/S11.8.7_A4.js	strict	pass
test/language/expressions/in/S8.12.6_A1.js	sloppy	pass
test/language/expressions/in/S8.12.6_A1.js	strict	pass
test/language/expressions/in/S8.12.6_A2_T1.js	sloppy	fail
test/language/expressions/in/S8.12.6_A2_T1.js	strict	fail
test/language/expressions/in/S8.12.6_A2_T2.js	sloppy	fail
test/language/expressions/in/S8.12.6_A2_T2.js	strict	fail
test/language/expressions/in/S8.12.6_A3.js	sloppy	pass
test/language/expressions/in/S8.12.6_A3.js	strict	pass
test/language/expressions/in/private-field-in-nested.js	sloppy	fail
test/language/expressions/in/private-field-in-nested.js	strict	fail
test/language/expressions/in/private-field-in.js	sloppy	pass
test/language/expressions/in/private-field-in.js	strict	pass
test/language/expressions/in/private-field-invalid-assignment-reference.js	sloppy	pass
test/language/expressions/in/private-field-invalid-assignment-reference.js	strict	pass
test/language/expressions/in/private-field-invalid-assignment-target.js	sloppy	pass
test/language/expressions/in/private-field-invalid-assignment-target.js	strict	pass
test/language/expressions/in/private-field-invalid-identifier-complex.js	sloppy	fail
test/language/expressions/in/private-field-invalid-identifier-complex.js	strict	fail
test/language/expressions/in/private-field-invalid-identifier-simple.js	sloppy	fail
test/language/expressions/in/private-field-invalid-identifier-simple.js	strict	fail
test/language/expressions/in/private-field-invalid-rhs.js	sloppy	fail
test/language/expressions/in/private-field-invalid-rhs.js	strict	fail
test/language/expressions/in/private-field-presence-accessor-shadowed.js	sloppy	fail
test/language/expressions/in/private-field-presence-accessor-shadowed.js	strict	fail
test/language/expressions/in/private-field-presence-accessor.js	sloppy	fail
test/language/expressions/in/private-field-presence-accessor.js	strict	fail
test/language/expressions/in/private-field-presence-field-shadowed.js	sloppy	fail
test/language/expressions/in/private-field-presence-field-shadowed.js	strict	fail
test/language/expressions/in/private-field-presence-field.js	sloppy	fail
test/language/expressions/in/private-field-presence-field.js	strict	fail
test/language/expressions/in/private-field-presence-method-shadowed.js	sloppy	fail
test/language/expressions/in/private-field-presence-method-shadowed.js	strict	fail
test/language/expressions/in/private-field-presence-method.js	sloppy	fail
test/language/expressions/in/private-field-presence-method.js	strict	fail
test/language/expressions/in/private-field-rhs-await-absent.js	sloppy	fail
test/language/expressions/in/private-field-rhs-await-absent.js	strict	fail
test/language/expressions/in/private-field-rhs-await-present.js	sloppy	fail
test/language/expressions/in/private-field-rhs-await-present.js	strict	fail
test/language/expressions/in/private-field-rhs-non-object.js	sloppy	fail
test/language/expressions/in/private-field-rhs-non-object.js	strict	fail
test/language/expressions/in/private-field-rhs-unresolvable.js	sloppy	fail
test/language/expressions/in/private-field-rhs-unresolvable.js	strict	fail
test/language/expressions/in/private-field-rhs-yield-absent.js	sloppy	fail
test/language/expressions/in/private-field-rhs-yield-absent.js	strict	fail
test/language/expressions/in/private-field-rhs-yield-present.js	sloppy	fail
test/language/expressions/in/private-field-rhs-yield-present.js	strict	fail
test/language/expressions/in/rhs-yield-absent-non-strict.js	sloppy	fail
test/language/expressions/in/rhs-yield-absent-strict.js	strict	fail
test/language/expressions/in/rhs-yield-present.js	sloppy	fail
test/language/expressions/in/rhs-yield-present.js	strict	fail
