test/language/expressions/logical-and/S11.11.1_A1.js	sloppy	fail
test/language/expressions/logical-and/S11.11.1_A1.js	strict	fail
test/language/expressions/logical-and/S11.11.1_A2.1_T1.js	sloppy	fail
test/language/expressions/logical-and/S11.11.1_A2.1_T1.js	strict	fail
test/language/expressions/logical-and/S11.11.1_A2.1_T2.js	sloppy	fail
test/language/expressions/logical-and/S11.11.1_A2.1_T2.js	strict	fail
test/language/expressions/logical-and/S11.11.1_A2.1_T3.js	sloppy	fail
test/language/expressions/logical-and/S11.11.1_A2.1_T3.js	strict	fail
test/language/expressions/logical-and/S11.11.1_A2.1_T4.js	sloppy	pass
test/language/expressions/logical-and/S11.11.1_A2.1_T4.js	strict	pass
test/language/expressions/logical-and/S11.11.1_A2.4_T1.js	sloppy	pass
test/language/expressions/logical-and/S11.11.1_A2.4_T1.js	strict	pass
test/language/expressions/logical-and/S11.11.1_A2.4_T2.js	sloppy	pass
test/language/expressions/logical-and/S11.11.1_A2.4_T2.js	strict	pass
test/language/expressions/logical-and/S11.11.1_A2.4_T3.js	sloppy	fail
test/language/expressions/logical-and/S11.11.1_A3_T1.js	sloppy	pass
test/language/expressions/logical-and/S11.11.1_A3_T1.js	strict	pass
test/language/expressions/logical-and/S11.11.1_A3_T2.js	sloppy	pass
test/language/expressions/logical-and/S11.11.1_A3_T2.js	strict	pass
test/language/expressions/logical-and/S11.11.1_A3_T3.js	sloppy	pass
test/language/expressions/logical-and/S11.11.1_A3_T3.js	strict	pass
test/language/expressions/logical-and/S11.11.1_A3_T4.js	sloppy	pass
test/language/expressions/logical-and/S11.11.1_A3_T4.js	strict	pass
test/language/expressions/logical-and/S11.11.1_A4_T1.js	sloppy	fail
test/language/expressions/logical-and/S11.11.1_A4_T1.js	strict	fail
test/language/expressions/logical-and/S11.11.1_A4_T2.js	sloppy	fail
test/language/expressions/logical-and/S11.11.1_A4_T2.js	strict	fail
test/language/expressions/logical-and/S11.11.1_A4_T3.js	sloppy	fail
test/language/expressions/logical-and/S11.11.1_A4_T3.js	strict	fail
test/language/expressions/logical-and/S11.11.1_A4_T4.js	sloppy	pass
test/language/expressions/logical-and/S11.11.1_A4_T4.js	strict	pass
test/language/expressions/logical-and/symbol-logical-and-evaluation.js	sloppy	fail
test/language/expressions/logical-and/symbol-logical-and-evaluation.js	strict	fail
test/language/expressions/logical-and/tco-right.js	strict	fail
