test/language/expressions/delete/11.4.1-0-1.js	sloppy	pass
test/language/expressions/delete/11.4.1-2-2.js	sloppy	pass
test/language/expressions/delete/11.4.1-2-2.js	strict	pass
test/language/expressions/delete/11.4.1-3-1.js	sloppy	pass
test/language/expressions/delete/11.4.1-3-2.js	sloppy	fail
test/language/expressions/delete/11.4.1-3-2.js	strict	fail
test/language/expressions/delete/11.4.1-3-3.js	sloppy	pass
test/language/expressions/delete/11.4.1-3-3.js	strict	pass
test/language/expressions/delete/11.4.1-4-a-1-s.js	strict	fail
test/language/expressions/delete/11.4.1-4-a-2-s.js	strict	fail
test/language/expressions/delete/11.4.1-4-a-3-s.js	sloppy	fail
test/language/expressions/delete/11.4.1-4-a-3-s.js	strict	fail
test/language/expressions/delete/11.4.1-4-a-4-s.js	sloppy	fail
test/language/expressions/delete/11.4.1-4-a-4-s.js	strict	fail
test/language/expressions/delete/11.4.1-4.a-1.js	sloppy	fail
test/language/expressions/delete/11.4.1-4.a-1.js	strict	fail
test/language/expressions/delete/11.4.1-4.a-10.js	sloppy	pass
test/language/expressions/delete/11.4.1-4.a-10.js	strict	pass
test/language/expressions/delete/11.4.1-4.a-11.js	sloppy	fail
test/language/expressions/delete/11.4.1-4.a-12.js	sloppy	fail
test/language/expressions/delete/11.4.1-4.a-13.js	sloppy	fail
test/language/expressions/delete/11.4.1-4.a-14.js	sloppy	pass
test/language/expressions/delete/11.4.1-4.a-14.js	strict	pass
test/language/expressions/delete/11.4.1-4.a-15.js	sloppy	pass
test/language/expressions/delete/11.4.1-4.a-15.js	strict	pass
test/language/expressions/delete/11.4.1-4.a-16.js	sloppy	fail
test/language/expressions/delete/11.4.1-4.a-17.js	sloppy	fail
test/language/expressions/delete/11.4.1-4.a-17.js	strict	fail
test/language/expressions/delete/11.4.1-4.a-2.js	sloppy	fail
test/language/expressions/delete/11.4.1-4.a-2.js	strict	fail
test/language/expressions/delete/11.4.1-4.a-3-s.js	strict	fail
test/language/expressions/delete/11.4.1-4.a-3.js	sloppy	fail
test/language/expressions/delete/11.4.1-4.a-4.js	sloppy	fail
test/language/expressions/delete/11.4.1-4.a-5.js	sloppy	fail
test/language/expressions/delete/11.4.1-4.a-6.js	sloppy	fail
test/language/expressions/delete/11.4.1-4.a-7.js	sloppy	fail
test/language/expressions/delete/11.4.1-4.a-8-s.js	strict	fail
test/language/expressions/delete/11.4.1-4.a-8.js	sloppy	pass
test/language/expressions/delete/11.4.1-4.a-9-s.js	strict	fail
test/language/expressions/delete/11.4.1-4.a-9.js	sloppy	fail
test/language/expressions/delete/11.4.1-5-1.js	sloppy	fail
test/language/expressions/delete/11.4.1-5-2.js	sloppy	fail
test/language/expressions/delete/11.4.1-5-3.js	sloppy	fail
test/language/expressions/delete/11.4.1-5-a-27-s.js	strict	fail
test/language/expressions/delete/11.4.1-5-a-28-s.js	sloppy	pass
test/language/expressions/delete/11.4.1-5-a-28-s.js	strict	pass
test/language/expressions/delete/11.4.4-4.a-3-s.js	strict	fail
test/language/expressions/delete/S11.4.1_A2.1.js	sloppy	pass
test/language/expressions/delete/S11.4.1_A2.1.js	strict	pass
test/language/expressions/delete/S11.4.1_A2.2_T1.js	sloppy	pass
test/language/expressions/delete/S11.4.1_A2.2_T2.js	sloppy	pass
test/language/expressions/delete/S11.4.1_A2.2_T2.js	strict	pass
test/language/expressions/delete/S11.4.1_A2.2_T3.js	sloppy	pass
test/language/expressions/delete/S11.4.1_A2.2_T3.js	strict	pass
test/language/expressions/delete/S11.4.1_A3.1.js	sloppy	fail
test/language/expressions/delete/S11.4.1_A3.2_T1.js	sloppy	fail
test/language/expressions/delete/S11.4.1_A3.2_T2.js	sloppy	pass
test/language/expressions/delete/S11.4.1_A3.2_T2.js	strict	pass
test/language/expressions/delete/S11.4.1_A3.2_T3.js	sloppy	pass
test/language/expressions/delete/S11.4.1_A3.2_T3.js	strict	pass
test/language/expressions/delete/S11.4.1_A3.3_T1.js	sloppy	fail
test/language/expressions/delete/S11.4.1_A3.3_T2.js	sloppy	pass
test/language/expressions/delete/S11.4.1_A3.3_T2.js	strict	pass
test/language/expressions/delete/S11.4.1_A3.3_T3.js	sloppy	pass
test/language/expressions/delete/S11.4.1_A3.3_T3.js	strict	pass
test/language/expressions/delete/S11.4.1_A3.3_T4.js	sloppy	fail
test/language/expressions/delete/S11.4.1_A3.3_T5.js	sloppy	fail
test/language/expressions/delete/S11.4.1_A3.3_T6.js	sloppy	pass
test/language/expressions/delete/S11.4.1_A4.js	sloppy	pass
test/language/expressions/delete/S11.4.1_A5.js	strict	fail
test/language/expressions/delete/S8.12.7_A1.js	sloppy	fail
test/language/expressions/delete/S8.12.7_A2_T1.js	sloppy	pass
test/language/expressions/delete/S8.12.7_A2_T1.js	strict	pass
test/language/expressions/delete/S8.12.7_A2_T2.js	sloppy	pass
test/language/expressions/delete/S8.12.7_A2_T2.js	strict	pass
test/language/expressions/delete/S8.12.7_A3.js	sloppy	pass
test/language/expressions/delete/S8.12.7_A3.js	strict	pass
test/language/expressions/delete/delete-unresolvable-base-object-reference-throws-typeerror.js	sloppy	fail
test/language/expressions/delete/delete-unresolvable-base-object-reference-throws-typeerror.js	strict	fail
test/language/expressions/delete/identifier-strict-recursive.js	strict	fail
test/language/expressions/delete/identifier-strict.js	strict	fail
test/language/expressions/delete/member-computed-reference-null.js	sloppy	fail
test/language/expressions/delete/member-computed-reference-null.js	strict	fail
test/language/expressions/delete/member-computed-reference-undefined.js	sloppy	fail
test/language/expressions/delete/member-computed-reference-undefined.js	strict	fail
test/language/expressions/delete/member-identifier-reference-null.js	sloppy	fail
test/language/expressions/delete/member-identifier-reference-null.js	strict	fail
test/language/expressions/delete/member-identifier-reference-undefined.js	sloppy	fail
test/language/expressions/delete/member-identifier-reference-undefined.js	strict	fail
test/language/expressions/delete/non-reference-return-true.js	sloppy	pass
test/language/expressions/delete/non-reference-return-true.js	strict	pass
test/language/expressions/delete/super-property-method.js	sloppy	fail
test/language/expressions/delete/super-property-method.js	strict	fail
test/language/expressions/delete/super-property-null-base.js	sloppy	fail
test/language/expressions/delete/super-property-null-base.js	strict	fail
test/language/expressions/delete/super-property-topropertykey.js	sloppy	fail
test/language/expressions/delete/super-property-topropertykey.js	strict	fail
test/language/expressions/delete/super-property-uninitialized-this.js	sloppy	fail
test/language/expressions/delete/super-property-uninitialized-this.js	strict	fail
test/language/expressions/delete/super-property.js	sloppy	fail
test/language/expressions/delete/super-property.js	strict	fail
test/language/expressions/delete/white-space-line-terminator-between-delete-unaryexpression-allowed.js	sloppy	pass
test/language/expressions/delete/white-space-line-terminator-between-delete-unaryexpression-allowed.js	strict	pass
