test/language/statements/generators/arguments-with-arguments-fn.js	sloppy	fail
test/language/statements/generators/arguments-with-arguments-lex.js	sloppy	fail
test/language/statements/generators/array-destructuring-param-strict-body.js	sloppy	fail
test/language/statements/generators/array-destructuring-param-strict-body.js	strict	fail
test/language/statements/generators/cptn-decl.js	sloppy	fail
test/language/statements/generators/cptn-decl.js	strict	fail
test/language/statements/generators/declaration.js	sloppy	pass
test/language/statements/generators/declaration.js	strict	pass
test/language/statements/generators/default-proto.js	sloppy	fail
test/language/statements/generators/default-proto.js	strict	fail
test/language/statements/generators/dflt-params-abrupt.js	sloppy	fail
test/language/statements/generators/dflt-params-abrupt.js	strict	fail
test/language/statements/generators/dflt-params-arg-val-not-undefined.js	sloppy	pass
test/language/statements/generators/dflt-params-arg-val-not-undefined.js	strict	pass
test/language/statements/generators/dflt-params-arg-val-undefined.js	sloppy	pass
test/language/statements/generators/dflt-params-arg-val-undefined.js	strict	pass
test/language/statements/generators/dflt-params-duplicates.js	sloppy	fail
test/language/statements/generators/dflt-params-duplicates.js	strict	fail
test/language/statements/generators/dflt-params-ref-later.js	sloppy	fail
test/language/statements/generators/dflt-params-ref-later.js	strict	fail
test/language/statements/generators/dflt-params-ref-prior.js	sloppy	pass
test/language/statements/generators/dflt-params-ref-prior.js	strict	pass
test/language/statements/generators/dflt-params-ref-self.js	sloppy	fail
test/language/statements/generators/dflt-params-ref-self.js	strict	fail
test/language/statements/generators/dflt-params-rest.js	sloppy	fail
test/language/statements/generators/dflt-params-rest.js	strict	fail
test/language/statements/generators/dflt-params-trailing-comma.js	sloppy	fail
test/language/statements/generators/dflt-params-trailing-comma.js	strict	fail
test/language/statements/generators/dstr/ary-init-iter-close.js	sloppy	fail
test/language/statements/generators/dstr/ary-init-iter-close.js	strict	fail
test/language/statements/generators/dstr/ary-init-iter-get-err-array-prototype.js	sloppy	fail
test/language/statements/generators/dstr/ary-init-iter-get-err-array-prototype.js	strict	fail
test/language/statements/generators/dstr/ary-init-iter-get-err.js	sloppy	fail
test/language/statements/generators/dstr/ary-init-iter-get-err.js	strict	fail
test/language/statements/generators/dstr/ary-init-iter-no-close.js	sloppy	fail
test/language/statements/generators/dstr/ary-init-iter-no-close.js	strict	fail
test/language/statements/generators/dstr/ary-name-iter-val.js	sloppy	fail
test/language/statements/generators/dstr/ary-name-iter-val.js	strict	fail
test/language/statements/generators/dstr/ary-ptrn-elem-ary-elem-init.js	sloppy	fail
test/language/statements/generators/dstr/ary-ptrn-elem-ary-elem-init.js	strict	fail
test/language/statements/generators/dstr/ary-ptrn-elem-ary-elem-iter.js	sloppy	fail
test/language/statements/generators/dstr/ary-ptrn-elem-ary-elem-iter.js	strict	fail
test/language/statements/generators/dstr/ary-ptrn-elem-ary-elision-init.js	sloppy	fail
test/language/statements/generators/dstr/ary-ptrn-elem-ary-elision-init.js	strict	fail
test/language/statements/generators/dstr/ary-ptrn-elem-ary-elision-iter.js	sloppy	fail
test/language/statements/generators/dstr/ary-ptrn-elem-ary-elision-iter.js	strict	fail
test/language/statements/generators/dstr/ary-ptrn-elem-ary-empty-init.js	sloppy	fail
test/language/statements/generators/dstr/ary-ptrn-elem-ary-empty-init.js	strict	fail
test/language/statements/generators/dstr/ary-ptrn-elem-ary-empty-iter.js	sloppy	fail
test/language/statements/generators/dstr/ary-ptrn-elem-ary-empty-iter.js	strict	fail
test/language/statements/generators/dstr/ary-ptrn-elem-ary-rest-init.js	sloppy	fail
test/language/statements/generators/dstr/ary-ptrn-elem-ary-rest-init.js	strict	fail
test/language/statements/generators/dstr/ary-ptrn-elem-ary-rest-iter.js	sloppy	fail
test/language/statements/generators/dstr/ary-ptrn-elem-ary-rest-iter.js	strict	fail
test/language/statements/generators/dstr/ary-ptrn-elem-ary-val-null.js	sloppy	fail
test/language/statements/generators/dstr/ary-ptrn-elem-ary-val-null.js	strict	fail
test/language/statements/generators/dstr/ary-ptrn-elem-id-init-exhausted.js	sloppy	fail
test/language/statements/generators/dstr/ary-ptrn-elem-id-init-exhausted.js	strict	fail
test/language/statements/generators/dstr/ary-ptrn-elem-id-init-fn-name-arrow.js	sloppy	fail
test/language/statements/generators/dstr/ary-ptrn-elem-id-init-fn-name-arrow.js	strict	fail
test/language/statements/generators/dstr/ary-ptrn-elem-id-init-fn-name-class.js	sloppy	fail
test/language/statements/generators/dstr/ary-ptrn-elem-id-init-fn-name-class.js	strict	fail
test/language/statements/generators/dstr/ary-ptrn-elem-id-init-fn-name-cover.js	sloppy	fail
test/language/statements/generators/dstr/ary-ptrn-elem-id-init-fn-name-cover.js	strict	fail
test/language/statements/generators/dstr/ary-ptrn-elem-id-init-fn-name-fn.js	sloppy	fail
test/language/statements/generators/dstr/ary-ptrn-elem-id-init-fn-name-fn.js	strict	fail
test/language/statements/generators/dstr/ary-ptrn-elem-id-init-fn-name-gen.js	sloppy	fail
test/language/statements/generators/dstr/ary-ptrn-elem-id-init-fn-name-gen.js	strict	fail
test/language/statements/generators/dstr/ary-ptrn-elem-id-init-hole.js	sloppy	fail
test/language/statements/generators/dstr/ary-ptrn-elem-id-init-hole.js	strict	fail
test/language/statements/generators/dstr/ary-ptrn-elem-id-init-skipped.js	sloppy	fail
test/language/statements/generators/dstr/ary-ptrn-elem-id-init-skipped.js	strict	fail
test/language/statements/generators/dstr/ary-ptrn-elem-id-init-throws.js	sloppy	fail
test/language/statements/generators/dstr/ary-ptrn-elem-id-init-throws.js	strict	fail
test/language/statements/generators/dstr/ary-ptrn-elem-id-init-undef.js	sloppy	fail
test/language/statements/generators/dstr/ary-ptrn-elem-id-init-undef.js	strict	fail
test/language/statements/generators/dstr/ary-ptrn-elem-id-init-unresolvable.js	sloppy	fail
test/language/statements/generators/dstr/ary-ptrn-elem-id-init-unresolvable.js	strict	fail
test/language/statements/generators/dstr/ary-ptrn-elem-id-iter-complete.js	sloppy	fail
test/language/statements/generators/dstr/ary-ptrn-elem-id-iter-complete.js	strict	fail
test/language/statements/generators/dstr/ary-ptrn-elem-id-iter-done.js	sloppy	fail
test/language/statements/generators/dstr/ary-ptrn-elem-id-iter-done.js	strict	fail
test/language/statements/generators/dstr/ary-ptrn-elem-id-iter-step-err.js	sloppy	fail
test/language/statements/generators/dstr/ary-ptrn-elem-id-iter-step-err.js	strict	fail
test/language/statements/generators/dstr/ary-ptrn-elem-id-iter-val-array-prototype.js	sloppy	fail
test/language/statements/generators/dstr/ary-ptrn-elem-id-iter-val-array-prototype.js	strict	fail
test/language/statements/generators/dstr/ary-ptrn-elem-id-iter-val-err.js	sloppy	fail
test/language/statements/generators/dstr/ary-ptrn-elem-id-iter-val-err.js	strict	fail
test/language/statements/generators/dstr/ary-ptrn-elem-id-iter-val.js	sloppy	fail
test/language/statements/generators/dstr/ary-ptrn-elem-id-iter-val.js	strict	fail
test/language/statements/generators/dstr/ary-ptrn-elem-obj-id-init.js	sloppy	fail
test/language/statements/generators/dstr/ary-ptrn-elem-obj-id-init.js	strict	fail
test/language/statements/generators/dstr/ary-ptrn-elem-obj-id.js	sloppy	fail
test/language/statements/generators/dstr/ary-ptrn-elem-obj-id.js	strict	fail
test/language/statements/generators/dstr/ary-ptrn-elem-obj-prop-id-init.js	sloppy	fail
test/language/statements/generators/dstr/ary-ptrn-elem-obj-prop-id-init.js	strict	fail
test/language/statements/generators/dstr/ary-ptrn-elem-obj-prop-id.js	sloppy	fail
test/language/statements/generators/dstr/ary-ptrn-elem-obj-prop-id.js	strict	fail
test/language/statements/generators/dstr/ary-ptrn-elem-obj-val-null.js	sloppy	fail
test/language/statements/generators/dstr/ary-ptrn-elem-obj-val-null.js	strict	fail
test/language/statements/generators/dstr/ary-ptrn-elem-obj-val-undef.js	sloppy	fail
test/language/statements/generators/dstr/ary-ptrn-elem-obj-val-undef.js	strict	fail
test/language/statements/generators/dstr/ary-ptrn-elision-exhausted.js	sloppy	fail
test/language/statements/generators/dstr/ary-ptrn-elision-exhausted.js	strict	fail
test/language/statements/generators/dstr/ary-ptrn-elision-step-err.js	sloppy	fail
test/language/statements/generators/dstr/ary-ptrn-elision-step-err.js	strict	fail
test/language/statements/generators/dstr/ary-ptrn-elision.js	sloppy	fail
test/language/statements/generators/dstr/ary-ptrn-elision.js	strict	fail
test/language/statements/generators/dstr/ary-ptrn-empty.js	sloppy	fail
test/language/statements/generators/dstr/ary-ptrn-empty.js	strict	fail
test/language/statements/generators/dstr/ary-ptrn-rest-ary-elem.js	sloppy	fail
test/language/statements/generators/dstr/ary-ptrn-rest-ary-elem.js	strict	fail
test/language/statements/generators/dstr/ary-ptrn-rest-ary-elision.js	sloppy	fail
test/language/statements/generators/dstr/ary-ptrn-rest-ary-elision.js	strict	fail
test/language/statements/generators/dstr/ary-ptrn-rest-ary-empty.js	sloppy	fail
test/language/statements/generators/dstr/ary-ptrn-rest-ary-empty.js	strict	fail
test/language/statements/generators/dstr/ary-ptrn-rest-ary-rest.js	sloppy	fail
test/language/statements/generators/dstr/ary-ptrn-rest-ary-rest.js	strict	fail
test/language/statements/generators/dstr/ary-ptrn-rest-id-direct.js	sloppy	fail
test/language/statements/generators/dstr/ary-ptrn-rest-id-direct.js	strict	fail
test/language/statements/generators/dstr/ary-ptrn-rest-id-elision-next-err.js	sloppy	fail
test/language/statements/generators/dstr/ary-ptrn-rest-id-elision-next-err.js	strict	fail
test/language/statements/generators/dstr/ary-ptrn-rest-id-elision.js	sloppy	fail
test/language/statements/generators/dstr/ary-ptrn-rest-id-elision.js	strict	fail
test/language/statements/generators/dstr/ary-ptrn-rest-id-exhausted.js	sloppy	fail
test/language/statements/generators/dstr/ary-ptrn-rest-id-exhausted.js	strict	fail
test/language/statements/generators/dstr/ary-ptrn-rest-id-iter-step-err.js	sloppy	fail
test/language/statements/generators/dstr/ary-ptrn-rest-id-iter-step-err.js	strict	fail
test/language/statements/generators/dstr/ary-ptrn-rest-id-iter-val-err.js	sloppy	fail
test/language/statements/generators/dstr/ary-ptrn-rest-id-iter-val-err.js	strict	fail
test/language/statements/generators/dstr/ary-ptrn-rest-id.js	sloppy	fail
test/language/statements/generators/dstr/ary-ptrn-rest-id.js	strict	fail
test/language/statements/generators/dstr/ary-ptrn-rest-init-ary.js	sloppy	fail
test/language/statements/generators/dstr/ary-ptrn-rest-init-ary.js	strict	fail
test/language/statements/generators/dstr/ary-ptrn-rest-init-id.js	sloppy	fail
test/language/statements/generators/dstr/ary-ptrn-rest-init-id.js	strict	fail
test/language/statements/generators/dstr/ary-ptrn-rest-init-obj.js	sloppy	fail
test/language/statements/generators/dstr/ary-ptrn-rest-init-obj.js	strict	fail
test/language/statements/generators/dstr/ary-ptrn-rest-not-final-ary.js	sloppy	pass
test/language/statements/generators/dstr/ary-ptrn-rest-not-final-ary.js	strict	pass
test/language/statements/generators/dstr/ary-ptrn-rest-not-final-id.js	sloppy	pass
test/language/statements/generators/dstr/ary-ptrn-rest-not-final-id.js	strict	pass
test/language/statements/generators/dstr/ary-ptrn-rest-not-final-obj.js	sloppy	pass
test/language/statements/generators/dstr/ary-ptrn-rest-not-final-obj.js	strict	pass
test/language/statements/generators/dstr/ary-ptrn-rest-obj-id.js	sloppy	fail
test/language/statements/generators/dstr/ary-ptrn-rest-obj-id.js	strict	fail
test/language/statements/generators/dstr/ary-ptrn-rest-obj-prop-id.js	sloppy	fail
test/language/statements/generators/dstr/ary-ptrn-rest-obj-prop-id.js	strict	fail
test/language/statements/generators/dstr/dflt-ary-init-iter-close.js	sloppy	fail
test/language/statements/generators/dstr/dflt-ary-init-iter-close.js	strict	fail
test/language/statements/generators/dstr/dflt-ary-init-iter-get-err-array-prototype.js	sloppy	fail
test/language/statements/generators/dstr/dflt-ary-init-iter-get-err-array-prototype.js	strict	fail
test/language/statements/generators/dstr/dflt-ary-init-iter-get-err.js	sloppy	fail
test/language/statements/generators/dstr/dflt-ary-init-iter-get-err.js	strict	fail
test/language/statements/generators/dstr/dflt-ary-init-iter-no-close.js	sloppy	fail
test/language/statements/generators/dstr/dflt-ary-init-iter-no-close.js	strict	fail
test/language/statements/generators/dstr/dflt-ary-name-iter-val.js	sloppy	fail
test/language/statements/generators/dstr/dflt-ary-name-iter-val.js	strict	fail
test/language/statements/generators/dstr/dflt-ary-ptrn-elem-ary-elem-init.js	sloppy	fail
test/language/statements/generators/dstr/dflt-ary-ptrn-elem-ary-elem-init.js	strict	fail
test/language/statements/generators/dstr/dflt-ary-ptrn-elem-ary-elem-iter.js	sloppy	fail
test/language/statements/generators/dstr/dflt-ary-ptrn-elem-ary-elem-iter.js	strict	fail
test/language/statements/generators/dstr/dflt-ary-ptrn-elem-ary-elision-init.js	sloppy	fail
test/language/statements/generators/dstr/dflt-ary-ptrn-elem-ary-elision-init.js	strict	fail
test/language/statements/generators/dstr/dflt-ary-ptrn-elem-ary-elision-iter.js	sloppy	fail
test/language/statements/generators/dstr/dflt-ary-ptrn-elem-ary-elision-iter.js	strict	fail
test/language/statements/generators/dstr/dflt-ary-ptrn-elem-ary-empty-init.js	sloppy	fail
test/language/statements/generators/dstr/dflt-ary-ptrn-elem-ary-empty-init.js	strict	fail
test/language/statements/generators/dstr/dflt-ary-ptrn-elem-ary-empty-iter.js	sloppy	fail
test/language/statements/generators/dstr/dflt-ary-ptrn-elem-ary-empty-iter.js	strict	fail
test/language/statements/generators/dstr/dflt-ary-ptrn-elem-ary-rest-init.js	sloppy	fail
test/language/statements/generators/dstr/dflt-ary-ptrn-elem-ary-rest-init.js	strict	fail
test/language/statements/generators/dstr/dflt-ary-ptrn-elem-ary-rest-iter.js	sloppy	fail
test/language/statements/generators/dstr/dflt-ary-ptrn-elem-ary-rest-iter.js	strict	fail
test/language/statements/generators/dstr/dflt-ary-ptrn-elem-ary-val-null.js	sloppy	fail
test/language/statements/generators/dstr/dflt-ary-ptrn-elem-ary-val-null.js	strict	fail
test/language/statements/generators/dstr/dflt-ary-ptrn-elem-id-init-exhausted.js	sloppy	fail
test/language/statements/generators/dstr/dflt-ary-ptrn-elem-id-init-exhausted.js	strict	fail
test/language/statements/generators/dstr/dflt-ary-ptrn-elem-id-init-fn-name-arrow.js	sloppy	fail
test/language/statements/generators/dstr/dflt-ary-ptrn-elem-id-init-fn-name-arrow.js	strict	fail
test/language/statements/generators/dstr/dflt-ary-ptrn-elem-id-init-fn-name-class.js	sloppy	fail
test/language/statements/generators/dstr/dflt-ary-ptrn-elem-id-init-fn-name-class.js	strict	fail
test/language/statements/generators/dstr/dflt-ary-ptrn-elem-id-init-fn-name-cover.js	sloppy	fail
test/language/statements/generators/dstr/dflt-ary-ptrn-elem-id-init-fn-name-cover.js	strict	fail
test/language/statements/generators/dstr/dflt-ary-ptrn-elem-id-init-fn-name-fn.js	sloppy	fail
test/language/statements/generators/dstr/dflt-ary-ptrn-elem-id-init-fn-name-fn.js	strict	fail
test/language/statements/generators/dstr/dflt-ary-ptrn-elem-id-init-fn-name-gen.js	sloppy	fail
test/language/statements/generators/dstr/dflt-ary-ptrn-elem-id-init-fn-name-gen.js	strict	fail
test/language/statements/generators/dstr/dflt-ary-ptrn-elem-id-init-hole.js	sloppy	fail
test/language/statements/generators/dstr/dflt-ary-ptrn-elem-id-init-hole.js	strict	fail
test/language/statements/generators/dstr/dflt-ary-ptrn-elem-id-init-skipped.js	sloppy	fail
test/language/statements/generators/dstr/dflt-ary-ptrn-elem-id-init-skipped.js	strict	fail
test/language/statements/generators/dstr/dflt-ary-ptrn-elem-id-init-throws.js	sloppy	fail
test/language/statements/generators/dstr/dflt-ary-ptrn-elem-id-init-throws.js	strict	fail
test/language/statements/generators/dstr/dflt-ary-ptrn-elem-id-init-undef.js	sloppy	fail
test/language/statements/generators/dstr/dflt-ary-ptrn-elem-id-init-undef.js	strict	fail
test/language/statements/generators/dstr/dflt-ary-ptrn-elem-id-init-unresolvable.js	sloppy	fail
test/language/statements/generators/dstr/dflt-ary-ptrn-elem-id-init-unresolvable.js	strict	fail
test/language/statements/generators/dstr/dflt-ary-ptrn-elem-id-iter-complete.js	sloppy	fail
test/language/statements/generators/dstr/dflt-ary-ptrn-elem-id-iter-complete.js	strict	fail
test/language/statements/generators/dstr/dflt-ary-ptrn-elem-id-iter-done.js	sloppy	fail
test/language/statements/generators/dstr/dflt-ary-ptrn-elem-id-iter-done.js	strict	fail
test/language/statements/generators/dstr/dflt-ary-ptrn-elem-id-iter-step-err.js	sloppy	fail
test/language/statements/generators/dstr/dflt-ary-ptrn-elem-id-iter-step-err.js	strict	fail
test/language/statements/generators/dstr/dflt-ary-ptrn-elem-id-iter-val-array-prototype.js	sloppy	fail
test/language/statements/generators/dstr/dflt-ary-ptrn-elem-id-iter-val-array-prototype.js	strict	fail
test/language/statements/generators/dstr/dflt-ary-ptrn-elem-id-iter-val-err.js	sloppy	fail
test/language/statements/generators/dstr/dflt-ary-ptrn-elem-id-iter-val-err.js	strict	fail
test/language/statements/generators/dstr/dflt-ary-ptrn-elem-id-iter-val.js	sloppy	fail
test/language/statements/generators/dstr/dflt-ary-ptrn-elem-id-iter-val.js	strict	fail
test/language/statements/generators/dstr/dflt-ary-ptrn-elem-obj-id-init.js	sloppy	fail
test/language/statements/generators/dstr/dflt-ary-ptrn-elem-obj-id-init.js	strict	fail
test/language/statements/generators/dstr/dflt-ary-ptrn-elem-obj-id.js	sloppy	fail
test/language/statements/generators/dstr/dflt-ary-ptrn-elem-obj-id.js	strict	fail
test/language/statements/generators/dstr/dflt-ary-ptrn-elem-obj-prop-id-init.js	sloppy	fail
test/language/statements/generators/dstr/dflt-ary-ptrn-elem-obj-prop-id-init.js	strict	fail
test/language/statements/generators/dstr/dflt-ary-ptrn-elem-obj-prop-id.js	sloppy	fail
test/language/statements/generators/dstr/dflt-ary-ptrn-elem-obj-prop-id.js	strict	fail
test/language/statements/generators/dstr/dflt-ary-ptrn-elem-obj-val-null.js	sloppy	fail
test/language/statements/generators/dstr/dflt-ary-ptrn-elem-obj-val-null.js	strict	fail
test/language/statements/generators/dstr/dflt-ary-ptrn-elem-obj-val-undef.js	sloppy	fail
test/language/statements/generators/dstr/dflt-ary-ptrn-elem-obj-val-undef.js	strict	fail
test/language/statements/generators/dstr/dflt-ary-ptrn-elision-exhausted.js	sloppy	fail
test/language/statements/generators/dstr/dflt-ary-ptrn-elision-exhausted.js	strict	fail
test/language/statements/generators/dstr/dflt-ary-ptrn-elision-step-err.js	sloppy	fail
test/language/statements/generators/dstr/dflt-ary-ptrn-elision-step-err.js	strict	fail
test/language/statements/generators/dstr/dflt-ary-ptrn-elision.js	sloppy	fail
test/language/statements/generators/dstr/dflt-ary-ptrn-elision.js	strict	fail
test/language/statements/generators/dstr/dflt-ary-ptrn-empty.js	sloppy	fail
test/language/statements/generators/dstr/dflt-ary-ptrn-empty.js	strict	fail
test/language/statements/generators/dstr/dflt-ary-ptrn-rest-ary-elem.js	sloppy	fail
test/language/statements/generators/dstr/dflt-ary-ptrn-rest-ary-elem.js	strict	fail
test/language/statements/generators/dstr/dflt-ary-ptrn-rest-ary-elision.js	sloppy	fail
test/language/statements/generators/dstr/dflt-ary-ptrn-rest-ary-elision.js	strict	fail
test/language/statements/generators/dstr/dflt-ary-ptrn-rest-ary-empty.js	sloppy	fail
test/language/statements/generators/dstr/dflt-ary-ptrn-rest-ary-empty.js	strict	fail
test/language/statements/generators/dstr/dflt-ary-ptrn-rest-ary-rest.js	sloppy	fail
test/language/statements/generators/dstr/dflt-ary-ptrn-rest-ary-rest.js	strict	fail
test/language/statements/generators/dstr/dflt-ary-ptrn-rest-id-direct.js	sloppy	fail
test/language/statements/generators/dstr/dflt-ary-ptrn-rest-id-direct.js	strict	fail
test/language/statements/generators/dstr/dflt-ary-ptrn-rest-id-elision-next-err.js	sloppy	fail
test/language/statements/generators/dstr/dflt-ary-ptrn-rest-id-elision-next-err.js	strict	fail
test/language/statements/generators/dstr/dflt-ary-ptrn-rest-id-elision.js	sloppy	fail
test/language/statements/generators/dstr/dflt-ary-ptrn-rest-id-elision.js	strict	fail
test/language/statements/generators/dstr/dflt-ary-ptrn-rest-id-exhausted.js	sloppy	fail
test/language/statements/generators/dstr/dflt-ary-ptrn-rest-id-exhausted.js	strict	fail
test/language/statements/generators/dstr/dflt-ary-ptrn-rest-id-iter-step-err.js	sloppy	fail
test/language/statements/generators/dstr/dflt-ary-ptrn-rest-id-iter-step-err.js	strict	fail
test/language/statements/generators/dstr/dflt-ary-ptrn-rest-id-iter-val-err.js	sloppy	fail
test/language/statements/generators/dstr/dflt-ary-ptrn-rest-id-iter-val-err.js	strict	fail
test/language/statements/generators/dstr/dflt-ary-ptrn-rest-id.js	sloppy	fail
test/language/statements/generators/dstr/dflt-ary-ptrn-rest-id.js	strict	fail
test/language/statements/generators/dstr/dflt-ary-ptrn-rest-init-ary.js	sloppy	fail
test/language/statements/generators/dstr/dflt-ary-ptrn-rest-init-ary.js	strict	fail
test/language/statements/generators/dstr/dflt-ary-ptrn-rest-init-id.js	sloppy	fail
test/language/statements/generators/dstr/dflt-ary-ptrn-rest-init-id.js	strict	fail
test/language/statements/generators/dstr/dflt-ary-ptrn-rest-init-obj.js	sloppy	fail
test/language/statements/generators/dstr/dflt-ary-ptrn-rest-init-obj.js	strict	fail
test/language/statements/generators/dstr/dflt-ary-ptrn-rest-not-final-ary.js	sloppy	pass
test/language/statements/generators/dstr/dflt-ary-ptrn-rest-not-final-ary.js	strict	pass
test/language/statements/generators/dstr/dflt-ary-ptrn-rest-not-final-id.js	sloppy	pass
test/language/statements/generators/dstr/dflt-ary-ptrn-rest-not-final-id.js	strict	pass
test/language/statements/generators/dstr/dflt-ary-ptrn-rest-not-final-obj.js	sloppy	pass
test/language/statements/generators/dstr/dflt-ary-ptrn-rest-not-final-obj.js	strict	pass
test/language/statements/generators/dstr/dflt-ary-ptrn-rest-obj-id.js	sloppy	fail
test/language/statements/generators/dstr/dflt-ary-ptrn-rest-obj-id.js	strict	fail
test/language/statements/generators/dstr/dflt-ary-ptrn-rest-obj-prop-id.js	sloppy	fail
test/language/statements/generators/dstr/dflt-ary-ptrn-rest-obj-prop-id.js	strict	fail
test/language/statements/generators/dstr/dflt-obj-init-null.js	sloppy	fail
test/language/statements/generators/dstr/dflt-obj-init-null.js	strict	fail
test/language/statements/generators/dstr/dflt-obj-init-undefined.js	sloppy	fail
test/language/statements/generators/dstr/dflt-obj-init-undefined.js	strict	fail
test/language/statements/generators/dstr/dflt-obj-ptrn-empty.js	sloppy	fail
test/language/statements/generators/dstr/dflt-obj-ptrn-empty.js	strict	fail
test/language/statements/generators/dstr/dflt-obj-ptrn-id-get-value-err.js	sloppy	fail
test/language/statements/generators/dstr/dflt-obj-ptrn-id-get-value-err.js	strict	fail
test/language/statements/generators/dstr/dflt-obj-ptrn-id-init-fn-name-arrow.js	sloppy	fail
test/language/statements/generators/dstr/dflt-obj-ptrn-id-init-fn-name-arrow.js	strict	fail
test/language/statements/generators/dstr/dflt-obj-ptrn-id-init-fn-name-class.js	sloppy	fail
test/language/statements/generators/dstr/dflt-obj-ptrn-id-init-fn-name-class.js	strict	fail
test/language/statements/generators/dstr/dflt-obj-ptrn-id-init-fn-name-cover.js	sloppy	fail
test/language/statements/generators/dstr/dflt-obj-ptrn-id-init-fn-name-cover.js	strict	fail
test/language/statements/generators/dstr/dflt-obj-ptrn-id-init-fn-name-fn.js	sloppy	fail
test/language/statements/generators/dstr/dflt-obj-ptrn-id-init-fn-name-fn.js	strict	fail
test/language/statements/generators/dstr/dflt-obj-ptrn-id-init-fn-name-gen.js	sloppy	fail
test/language/statements/generators/dstr/dflt-obj-ptrn-id-init-fn-name-gen.js	strict	fail
test/language/statements/generators/dstr/dflt-obj-ptrn-id-init-skipped.js	sloppy	fail
test/language/statements/generators/dstr/dflt-obj-ptrn-id-init-skipped.js	strict	fail
test/language/statements/generators/dstr/dflt-obj-ptrn-id-init-throws.js	sloppy	fail
test/language/statements/generators/dstr/dflt-obj-ptrn-id-init-throws.js	strict	fail
test/language/statements/generators/dstr/dflt-obj-ptrn-id-init-unresolvable.js	sloppy	fail
test/language/statements/generators/dstr/dflt-obj-ptrn-id-init-unresolvable.js	strict	fail
test/language/statements/generators/dstr/dflt-obj-ptrn-id-trailing-comma.js	sloppy	fail
test/language/statements/generators/dstr/dflt-obj-ptrn-id-trailing-comma.js	strict	fail
test/language/statements/generators/dstr/dflt-obj-ptrn-list-err.js	sloppy	fail
test/language/statements/generators/dstr/dflt-obj-ptrn-list-err.js	strict	fail
test/language/statements/generators/dstr/dflt-obj-ptrn-prop-ary-init.js	sloppy	fail
test/language/statements/generators/dstr/dflt-obj-ptrn-prop-ary-init.js	strict	fail
test/language/statements/generators/dstr/dflt-obj-ptrn-prop-ary-trailing-comma.js	sloppy	fail
test/language/statements/generators/dstr/dflt-obj-ptrn-prop-ary-trailing-comma.js	strict	fail
test/language/statements/generators/dstr/dflt-obj-ptrn-prop-ary-value-null.js	sloppy	fail
test/language/statements/generators/dstr/dflt-obj-ptrn-prop-ary-value-null.js	strict	fail
test/language/statements/generators/dstr/dflt-obj-ptrn-prop-ary.js	sloppy	fail
test/language/statements/generators/dstr/dflt-obj-ptrn-prop-ary.js	strict	fail
test/language/statements/generators/dstr/dflt-obj-ptrn-prop-eval-err.js	sloppy	fail
test/language/statements/generators/dstr/dflt-obj-ptrn-prop-eval-err.js	strict	fail
test/language/statements/generators/dstr/dflt-obj-ptrn-prop-id-get-value-err.js	sloppy	fail
test/language/statements/generators/dstr/dflt-obj-ptrn-prop-id-get-value-err.js	strict	fail
test/language/statements/generators/dstr/dflt-obj-ptrn-prop-id-init-skipped.js	sloppy	fail
test/language/statements/generators/dstr/dflt-obj-ptrn-prop-id-init-skipped.js	strict	fail
test/language/statements/generators/dstr/dflt-obj-ptrn-prop-id-init-throws.js	sloppy	fail
test/language/statements/generators/dstr/dflt-obj-ptrn-prop-id-init-throws.js	strict	fail
test/language/statements/generators/dstr/dflt-obj-ptrn-prop-id-init-unresolvable.js	sloppy	fail
test/language/statements/generators/dstr/dflt-obj-ptrn-prop-id-init-unresolvable.js	strict	fail
test/language/statements/generators/dstr/dflt-obj-ptrn-prop-id-init.js	sloppy	fail
test/language/statements/generators/dstr/dflt-obj-ptrn-prop-id-init.js	strict	fail
test/language/statements/generators/dstr/dflt-obj-ptrn-prop-id-trailing-comma.js	sloppy	fail
test/language/statements/generators/dstr/dflt-obj-ptrn-prop-id-trailing-comma.js	strict	fail
test/language/statements/generators/dstr/dflt-obj-ptrn-prop-id.js	sloppy	fail
test/language/statements/generators/dstr/dflt-obj-ptrn-prop-id.js	strict	fail
test/language/statements/generators/dstr/dflt-obj-ptrn-prop-obj-init.js	sloppy	fail
test/language/statements/generators/dstr/dflt-obj-ptrn-prop-obj-init.js	strict	fail
test/language/statements/generators/dstr/dflt-obj-ptrn-prop-obj-value-null.js	sloppy	fail
test/language/statements/generators/dstr/dflt-obj-ptrn-prop-obj-value-null.js	strict	fail
test/language/statements/generators/dstr/dflt-obj-ptrn-prop-obj-value-undef.js	sloppy	fail
test/language/statements/generators/dstr/dflt-obj-ptrn-prop-obj-value-undef.js	strict	fail
test/language/statements/generators/dstr/dflt-obj-ptrn-prop-obj.js	sloppy	fail
test/language/statements/generators/dstr/dflt-obj-ptrn-prop-obj.js	strict	fail
test/language/statements/generators/dstr/dflt-obj-ptrn-rest-getter.js	sloppy	fail
test/language/statements/generators/dstr/dflt-obj-ptrn-rest-getter.js	strict	fail
test/language/statements/generators/dstr/dflt-obj-ptrn-rest-skip-non-enumerable.js	sloppy	fail
test/language/statements/generators/dstr/dflt-obj-ptrn-rest-skip-non-enumerable.js	strict	fail
test/language/statements/generators/dstr/dflt-obj-ptrn-rest-val-obj.js	sloppy	fail
test/language/statements/generators/dstr/dflt-obj-ptrn-rest-val-obj.js	strict	fail
test/language/statements/generators/dstr/obj-init-null.js	sloppy	fail
test/language/statements/generators/dstr/obj-init-null.js	strict	fail
test/language/statements/generators/dstr/obj-init-undefined.js	sloppy	fail
test/language/statements/generators/dstr/obj-init-undefined.js	strict	fail
test/language/statements/generators/dstr/obj-ptrn-empty.js	sloppy	fail
test/language/statements/generators/dstr/obj-ptrn-empty.js	strict	fail
test/language/statements/generators/dstr/obj-ptrn-id-get-value-err.js	sloppy	fail
test/language/statements/generators/dstr/obj-ptrn-id-get-value-err.js	strict	fail
test/language/statements/generators/dstr/obj-ptrn-id-init-fn-name-arrow.js	sloppy	fail
test/language/statements/generators/dstr/obj-ptrn-id-init-fn-name-arrow.js	strict	fail
test/language/statements/generators/dstr/obj-ptrn-id-init-fn-name-class.js	sloppy	fail
test/language/statements/generators/dstr/obj-ptrn-id-init-fn-name-class.js	strict	fail
test/language/statements/generators/dstr/obj-ptrn-id-init-fn-name-cover.js	sloppy	fail
test/language/statements/generators/dstr/obj-ptrn-id-init-fn-name-cover.js	strict	fail
test/language/statements/generators/dstr/obj-ptrn-id-init-fn-name-fn.js	sloppy	fail
test/language/statements/generators/dstr/obj-ptrn-id-init-fn-name-fn.js	strict	fail
test/language/statements/generators/dstr/obj-ptrn-id-init-fn-name-gen.js	sloppy	fail
test/language/statements/generators/dstr/obj-ptrn-id-init-fn-name-gen.js	strict	fail
test/language/statements/generators/dstr/obj-ptrn-id-init-skipped.js	sloppy	fail
test/language/statements/generators/dstr/obj-ptrn-id-init-skipped.js	strict	fail
test/language/statements/generators/dstr/obj-ptrn-id-init-throws.js	sloppy	fail
test/language/statements/generators/dstr/obj-ptrn-id-init-throws.js	strict	fail
test/language/statements/generators/dstr/obj-ptrn-id-init-unresolvable.js	sloppy	fail
test/language/statements/generators/dstr/obj-ptrn-id-init-unresolvable.js	strict	fail
test/language/statements/generators/dstr/obj-ptrn-id-trailing-comma.js	sloppy	fail
test/language/statements/generators/dstr/obj-ptrn-id-trailing-comma.js	strict	fail
test/language/statements/generators/dstr/obj-ptrn-list-err.js	sloppy	fail
test/language/statements/generators/dstr/obj-ptrn-list-err.js	strict	fail
test/language/statements/generators/dstr/obj-ptrn-prop-ary-init.js	sloppy	fail
test/language/statements/generators/dstr/obj-ptrn-prop-ary-init.js	strict	fail
test/language/statements/generators/dstr/obj-ptrn-prop-ary-trailing-comma.js	sloppy	fail
test/language/statements/generators/dstr/obj-ptrn-prop-ary-trailing-comma.js	strict	fail
test/language/statements/generators/dstr/obj-ptrn-prop-ary-value-null.js	sloppy	fail
test/language/statements/generators/dstr/obj-ptrn-prop-ary-value-null.js	strict	fail
test/language/statements/generators/dstr/obj-ptrn-prop-ary.js	sloppy	fail
test/language/statements/generators/dstr/obj-ptrn-prop-ary.js	strict	fail
test/language/statements/generators/dstr/obj-ptrn-prop-eval-err.js	sloppy	fail
test/language/statements/generators/dstr/obj-ptrn-prop-eval-err.js	strict	fail
test/language/statements/generators/dstr/obj-ptrn-prop-id-get-value-err.js	sloppy	fail
test/language/statements/generators/dstr/obj-ptrn-prop-id-get-value-err.js	strict	fail
test/language/statements/generators/dstr/obj-ptrn-prop-id-init-skipped.js	sloppy	fail
test/language/statements/generators/dstr/obj-ptrn-prop-id-init-skipped.js	strict	fail
test/language/statements/generators/dstr/obj-ptrn-prop-id-init-throws.js	sloppy	fail
test/language/statements/generators/dstr/obj-ptrn-prop-id-init-throws.js	strict	fail
test/language/statements/generators/dstr/obj-ptrn-prop-id-init-unresolvable.js	sloppy	fail
test/language/statements/generators/dstr/obj-ptrn-prop-id-init-unresolvable.js	strict	fail
test/language/statements/generators/dstr/obj-ptrn-prop-id-init.js	sloppy	fail
test/language/statements/generators/dstr/obj-ptrn-prop-id-init.js	strict	fail
test/language/statements/generators/dstr/obj-ptrn-prop-id-trailing-comma.js	sloppy	fail
test/language/statements/generators/dstr/obj-ptrn-prop-id-trailing-comma.js	strict	fail
test/language/statements/generators/dstr/obj-ptrn-prop-id.js	sloppy	fail
test/language/statements/generators/dstr/obj-ptrn-prop-id.js	strict	fail
test/language/statements/generators/dstr/obj-ptrn-prop-obj-init.js	sloppy	fail
test/language/statements/generators/dstr/obj-ptrn-prop-obj-init.js	strict	fail
test/language/statements/generators/dstr/obj-ptrn-prop-obj-value-null.js	sloppy	fail
test/language/statements/generators/dstr/obj-ptrn-prop-obj-value-null.js	strict	fail
test/language/statements/generators/dstr/obj-ptrn-prop-obj-value-undef.js	sloppy	fail
test/language/statements/generators/dstr/obj-ptrn-prop-obj-value-undef.js	strict	fail
test/language/statements/generators/dstr/obj-ptrn-prop-obj.js	sloppy	fail
test/language/statements/generators/dstr/obj-ptrn-prop-obj.js	strict	fail
test/language/statements/generators/dstr/obj-ptrn-rest-getter.js	sloppy	fail
test/language/statements/generators/dstr/obj-ptrn-rest-getter.js	strict	fail
test/language/statements/generators/dstr/obj-ptrn-rest-skip-non-enumerable.js	sloppy	fail
test/language/statements/generators/dstr/obj-ptrn-rest-skip-non-enumerable.js	strict	fail
test/language/statements/generators/dstr/obj-ptrn-rest-val-obj.js	sloppy	fail
test/language/statements/generators/dstr/obj-ptrn-rest-val-obj.js	strict	fail
test/language/statements/generators/eval-var-scope-syntax-err.js	sloppy	fail
test/language/statements/generators/forbidden-ext/b1/gen-func-decl-forbidden-ext-direct-access-prop-arguments.js	sloppy	fail
test/language/statements/generators/forbidden-ext/b1/gen-func-decl-forbidden-ext-direct-access-prop-caller.js	sloppy	fail
test/language/statements/generators/forbidden-ext/b2/gen-func-decl-forbidden-ext-indirect-access-own-prop-caller-get.js	sloppy	fail
test/language/statements/generators/forbidden-ext/b2/gen-func-decl-forbidden-ext-indirect-access-own-prop-caller-value.js	sloppy	fail
test/language/statements/generators/forbidden-ext/b2/gen-func-decl-forbidden-ext-indirect-access-prop-caller.js	sloppy	fail
test/language/statements/generators/generator-created-after-decl-inst.js	sloppy	pass
test/language/statements/generators/generator-created-after-decl-inst.js	strict	pass
test/language/statements/generators/has-instance.js	sloppy	fail
test/language/statements/generators/has-instance.js	strict	fail
test/language/statements/generators/invoke-as-constructor.js	sloppy	fail
test/language/statements/generators/invoke-as-constructor.js	strict	fail
test/language/statements/generators/length-dflt.js	sloppy	fail
test/language/statements/generators/length-dflt.js	strict	fail
test/language/statements/generators/length-property-descriptor.js	sloppy	fail
test/language/statements/generators/length-property-descriptor.js	strict	fail
test/language/statements/generators/name.js	sloppy	fail
test/language/statements/generators/name.js	strict	fail
test/language/statements/generators/no-yield.js	sloppy	pass
test/language/statements/generators/no-yield.js	strict	pass
test/language/statements/generators/object-destructuring-param-strict-body.js	sloppy	fail
test/language/statements/generators/object-destructuring-param-strict-body.js	strict	fail
test/language/statements/generators/param-dflt-yield.js	sloppy	fail
test/language/statements/generators/param-dflt-yield.js	strict	fail
test/language/statements/generators/params-dflt-args-unmapped.js	sloppy	fail
test/language/statements/generators/params-dflt-args-unmapped.js	strict	fail
test/language/statements/generators/params-dflt-ref-arguments.js	sloppy	fail
test/language/statements/generators/params-dflt-ref-arguments.js	strict	fail
test/language/statements/generators/params-trailing-comma-multiple.js	sloppy	fail
test/language/statements/generators/params-trailing-comma-multiple.js	strict	fail
test/language/statements/generators/params-trailing-comma-single.js	sloppy	fail
test/language/statements/generators/params-trailing-comma-single.js	strict	fail
test/language/statements/generators/prototype-own-properties.js	sloppy	fail
test/language/statements/generators/prototype-own-properties.js	strict	fail
test/language/statements/generators/prototype-property-descriptor.js	sloppy	fail
test/language/statements/generators/prototype-property-descriptor.js	strict	fail
test/language/statements/generators/prototype-relation-to-function.js	sloppy	fail
test/language/statements/generators/prototype-relation-to-function.js	strict	fail
test/language/statements/generators/prototype-typeof.js	sloppy	pass
test/language/statements/generators/prototype-typeof.js	strict	pass
test/language/statements/generators/prototype-uniqueness.js	sloppy	pass
test/language/statements/generators/prototype-uniqueness.js	strict	pass
test/language/statements/generators/prototype-value.js	sloppy	fail
test/language/statements/generators/prototype-value.js	strict	fail
test/language/statements/generators/rest-param-strict-body.js	sloppy	fail
test/language/statements/generators/rest-param-strict-body.js	strict	fail
test/language/statements/generators/rest-params-trailing-comma-early-error.js	sloppy	pass
test/language/statements/generators/rest-params-trailing-comma-early-error.js	strict	pass
test/language/statements/generators/restricted-properties.js	sloppy	fail
test/language/statements/generators/restricted-properties.js	strict	fail
test/language/statements/generators/return.js	sloppy	pass
test/language/statements/generators/return.js	strict	pass
test/language/statements/generators/scope-body-lex-distinct.js	sloppy	fail
test/language/statements/generators/scope-param-elem-var-close.js	sloppy	fail
test/language/statements/generators/scope-param-elem-var-open.js	sloppy	fail
test/language/statements/generators/scope-param-rest-elem-var-close.js	sloppy	fail
test/language/statements/generators/scope-param-rest-elem-var-open.js	sloppy	fail
test/language/statements/generators/scope-paramsbody-var-close.js	sloppy	pass
test/language/statements/generators/scope-paramsbody-var-close.js	strict	pass
test/language/statements/generators/scope-paramsbody-var-open.js	sloppy	pass
test/language/statements/generators/scope-paramsbody-var-open.js	strict	pass
test/language/statements/generators/unscopables-with-in-nested-fn.js	sloppy	fail
test/language/statements/generators/unscopables-with.js	sloppy	fail
test/language/statements/generators/use-strict-with-non-simple-param.js	sloppy	fail
test/language/statements/generators/use-strict-with-non-simple-param.js	strict	fail
test/language/statements/generators/yield-as-binding-identifier-escaped.js	sloppy	fail
test/language/statements/generators/yield-as-binding-identifier-escaped.js	strict	fail
test/language/statements/generators/yield-as-binding-identifier.js	sloppy	pass
test/language/statements/generators/yield-as-binding-identifier.js	strict	pass
test/language/statements/generators/yield-as-function-expression-binding-identifier.js	sloppy	fail
test/language/statements/generators/yield-as-generator-declaration-binding-identifier.js	sloppy	fail
test/language/statements/generators/yield-as-identifier-in-nested-function.js	sloppy	pass
test/language/statements/generators/yield-as-identifier-reference-escaped.js	sloppy	fail
test/language/statements/generators/yield-as-identifier-reference-escaped.js	strict	fail
test/language/statements/generators/yield-as-identifier-reference.js	sloppy	pass
test/language/statements/generators/yield-as-identifier-reference.js	strict	pass
test/language/statements/generators/yield-as-label-identifier-escaped.js	sloppy	fail
test/language/statements/generators/yield-as-label-identifier-escaped.js	strict	fail
test/language/statements/generators/yield-as-label-identifier.js	sloppy	pass
test/language/statements/generators/yield-as-label-identifier.js	strict	pass
test/language/statements/generators/yield-as-literal-property-name.js	sloppy	fail
test/language/statements/generators/yield-as-literal-property-name.js	strict	fail
test/language/statements/generators/yield-as-logical-or-expression.js	sloppy	pass
test/language/statements/generators/yield-as-logical-or-expression.js	strict	pass
test/language/statements/generators/yield-as-parameter.js	sloppy	pass
test/language/statements/generators/yield-as-parameter.js	strict	pass
test/language/statements/generators/yield-as-property-name.js	sloppy	pass
test/language/statements/generators/yield-as-property-name.js	strict	pass
test/language/statements/generators/yield-as-statement.js	sloppy	pass
test/language/statements/generators/yield-as-statement.js	strict	pass
test/language/statements/generators/yield-as-yield-operand.js	sloppy	pass
test/language/statements/generators/yield-as-yield-operand.js	strict	pass
test/language/statements/generators/yield-identifier-non-strict.js	sloppy	pass
test/language/statements/generators/yield-identifier-spread-non-strict.js	sloppy	fail
test/language/statements/generators/yield-identifier-spread-strict.js	strict	pass
test/language/statements/generators/yield-identifier-strict.js	strict	pass
test/language/statements/generators/yield-newline.js	sloppy	pass
test/language/statements/generators/yield-newline.js	strict	pass
test/language/statements/generators/yield-spread-arr-multiple.js	sloppy	pass
test/language/statements/generators/yield-spread-arr-multiple.js	strict	pass
test/language/statements/generators/yield-spread-arr-single.js	sloppy	pass
test/language/statements/generators/yield-spread-arr-single.js	strict	pass
test/language/statements/generators/yield-spread-obj.js	sloppy	pass
test/language/statements/generators/yield-spread-obj.js	strict	pass
test/language/statements/generators/yield-star-after-newline.js	sloppy	pass
test/language/statements/generators/yield-star-after-newline.js	strict	pass
test/language/statements/generators/yield-star-before-newline.js	sloppy	pass
test/language/statements/generators/yield-star-before-newline.js	strict	pass
test/language/statements/generators/yield-weak-binding.js	sloppy	pass
test/language/statements/generators/yield-weak-binding.js	strict	pass
