test/language/expressions/bitwise-not/S11.4.8_A1.js	sloppy	fail
test/language/expressions/bitwise-not/S11.4.8_A1.js	strict	fail
test/language/expressions/bitwise-not/S11.4.8_A2.1_T1.js	sloppy	fail
test/language/expressions/bitwise-not/S11.4.8_A2.1_T1.js	strict	fail
test/language/expressions/bitwise-not/S11.4.8_A2.1_T2.js	sloppy	fail
test/language/expressions/bitwise-not/S11.4.8_A2.1_T2.js	strict	fail
test/language/expressions/bitwise-not/S11.4.8_A2.2_T1.js	sloppy	fail
test/language/expressions/bitwise-not/S11.4.8_A2.2_T1.js	strict	fail
test/language/expressions/bitwise-not/S11.4.8_A3_T1.js	sloppy	fail
test/language/expressions/bitwise-not/S11.4.8_A3_T1.js	strict	fail
test/language/expressions/bitwise-not/S11.4.8_A3_T2.js	sloppy	fail
test/language/expressions/bitwise-not/S11.4.8_A3_T2.js	strict	fail
test/language/expressions/bitwise-not/S11.4.8_A3_T3.js	sloppy	fail
test/language/expressions/bitwise-not/S11.4.8_A3_T3.js	strict	fail
test/language/expressions/bitwise-not/S11.4.8_A3_T4.js	sloppy	pass
test/language/expressions/bitwise-not/S11.4.8_A3_T4.js	strict	pass
test/language/expressions/bitwise-not/S11.4.8_A3_T5.js	sloppy	pass
test/language/expressions/bitwise-not/S11.4.8_A3_T5.js	strict	pass
test/language/expressions/bitwise-not/S9.5_A2.1_T2.js	sloppy	pass
test/language/expressions/bitwise-not/S9.5_A2.1_T2.js	strict	pass
test/language/expressions/bitwise-not/S9.5_A2.2_T2.js	sloppy	pass
test/language/expressions/bitwise-not/S9.5_A2.2_T2.js	strict	pass
test/language/expressions/bitwise-not/S9.5_A2.3_T2.js	sloppy	pass
test/language/expressions/bitwise-not/S9.5_A2.3_T2.js	strict	pass
test/language/expressions/bitwise-not/S9.5_A3.1_T4.js	sloppy	fail
test/language/expressions/bitwise-not/S9.5_A3.1_T4.js	strict	fail
test/language/expressions/bitwise-not/S9.5_A3.2_T2.js	sloppy	pass
test/language/expressions/bitwise-not/S9.5_A3.2_T2.js	strict	pass
test/language/expressions/bitwise-not/bigint-non-primitive.js	sloppy	fail
test/language/expressions/bitwise-not/bigint-non-primitive.js	strict	fail
test/language/expressions/bitwise-not/bigint.js	sloppy	fail
test/language/expressions/bitwise-not/bigint.js	strict	fail
