test/built-ins/Array/prototype/slice/15.4.4.10-10-c-ii-1.js	sloppy	fail
test/built-ins/Array/prototype/slice/15.4.4.10-10-c-ii-1.js	strict	fail
test/built-ins/Array/prototype/slice/S15.4.4.10_A1.1_T1.js	sloppy	fail
test/built-ins/Array/prototype/slice/S15.4.4.10_A1.1_T1.js	strict	fail
test/built-ins/Array/prototype/slice/S15.4.4.10_A1.1_T2.js	sloppy	fail
test/built-ins/Array/prototype/slice/S15.4.4.10_A1.1_T2.js	strict	fail
test/built-ins/Array/prototype/slice/S15.4.4.10_A1.1_T3.js	sloppy	fail
test/built-ins/Array/prototype/slice/S15.4.4.10_A1.1_T3.js	strict	fail
test/built-ins/Array/prototype/slice/S15.4.4.10_A1.1_T4.js	sloppy	fail
test/built-ins/Array/prototype/slice/S15.4.4.10_A1.1_T4.js	strict	fail
test/built-ins/Array/prototype/slice/S15.4.4.10_A1.1_T5.js	sloppy	fail
test/built-ins/Array/prototype/slice/S15.4.4.10_A1.1_T5.js	strict	fail
test/built-ins/Array/prototype/slice/S15.4.4.10_A1.1_T6.js	sloppy	fail
test/built-ins/Array/prototype/slice/S15.4.4.10_A1.1_T6.js	strict	fail
test/built-ins/Array/prototype/slice/S15.4.4.10_A1.1_T7.js	sloppy	fail
test/built-ins/Array/prototype/slice/S15.4.4.10_A1.1_T7.js	strict	fail
test/built-ins/Array/prototype/slice/S15.4.4.10_A1.2_T1.js	sloppy	fail
test/built-ins/Array/prototype/slice/S15.4.4.10_A1.2_T1.js	strict	fail
test/built-ins/Array/prototype/slice/S15.4.4.10_A1.2_T2.js	sloppy	fail
test/built-ins/Array/prototype/slice/S15.4.4.10_A1.2_T2.js	strict	fail
test/built-ins/Array/prototype/slice/S15.4.4.10_A1.2_T3.js	sloppy	fail
test/built-ins/Array/prototype/slice/S15.4.4.10_A1.2_T3.js	strict	fail
test/built-ins/Array/prototype/slice/S15.4.4.10_A1.2_T4.js	sloppy	fail
test/built-ins/Array/prototype/slice/S15.4.4.10_A1.2_T4.js	strict	fail
test/built-ins/Array/prototype/slice/S15.4.4.10_A1.3_T1.js	sloppy	fail
test/built-ins/Array/prototype/slice/S15.4.4.10_A1.3_T1.js	strict	fail
test/built-ins/Array/prototype/slice/S15.4.4.10_A1.3_T2.js	sloppy	fail
test/built-ins/Array/prototype/slice/S15.4.4.10_A1.3_T2.js	strict	fail
test/built-ins/Array/prototype/slice/S15.4.4.10_A1.3_T3.js	sloppy	fail
test/built-ins/Array/prototype/slice/S15.4.4.10_A1.3_T3.js	strict	fail
test/built-ins/Array/prototype/slice/S15.4.4.10_A1.3_T4.js	sloppy	fail
test/built-ins/Array/prototype/slice/S15.4.4.10_A1.3_T4.js	strict	fail
test/built-ins/Array/prototype/slice/S15.4.4.10_A1.4_T1.js	sloppy	fail
test/built-ins/Array/prototype/slice/S15.4.4.10_A1.4_T1.js	strict	fail
test/built-ins/Array/prototype/slice/S15.4.4.10_A1.4_T2.js	sloppy	fail
test/built-ins/Array/prototype/slice/S15.4.4.10_A1.4_T2.js	strict	fail
test/built-ins/Array/prototype/slice/S15.4.4.10_A1.4_T3.js	sloppy	fail
test/built-ins/Array/prototype/slice/S15.4.4.10_A1.4_T3.js	strict	fail
test/built-ins/Array/prototype/slice/S15.4.4.10_A1.4_T4.js	sloppy	fail
test/built-ins/Array/prototype/slice/S15.4.4.10_A1.4_T4.js	strict	fail
test/built-ins/Array/prototype/slice/S15.4.4.10_A1.5_T1.js	sloppy	fail
test/built-ins/Array/prototype/slice/S15.4.4.10_A1.5_T1.js	strict	fail
test/built-ins/Array/prototype/slice/S15.4.4.10_A1.5_T2.js	sloppy	fail
test/built-ins/Array/prototype/slice/S15.4.4.10_A1.5_T2.js	strict	fail
test/built-ins/Array/prototype/slice/S15.4.4.10_A2.1_T1.js	sloppy	fail
test/built-ins/Array/prototype/slice/S15.4.4.10_A2.1_T1.js	strict	fail
test/built-ins/Array/prototype/slice/S15.4.4.10_A2.1_T2.js	sloppy	fail
test/built-ins/Array/prototype/slice/S15.4.4.10_A2.1_T2.js	strict	fail
test/built-ins/Array/prototype/slice/S15.4.4.10_A2.1_T3.js	sloppy	fail
test/built-ins/Array/prototype/slice/S15.4.4.10_A2.1_T3.js	strict	fail
test/built-ins/Array/prototype/slice/S15.4.4.10_A2.1_T4.js	sloppy	fail
test/built-ins/Array/prototype/slice/S15.4.4.10_A2.1_T4.js	strict	fail
test/built-ins/Array/prototype/slice/S15.4.4.10_A2.1_T5.js	sloppy	fail
test/built-ins/Array/prototype/slice/S15.4.4.10_A2.1_T5.js	strict	fail
test/built-ins/Array/prototype/slice/S15.4.4.10_A2.2_T1.js	sloppy	fail
test/built-ins/Array/prototype/slice/S15.4.4.10_A2.2_T1.js	strict	fail
test/built-ins/Array/prototype/slice/S15.4.4.10_A2.2_T2.js	sloppy	fail
test/built-ins/Array/prototype/slice/S15.4.4.10_A2.2_T2.js	strict	fail
test/built-ins/Array/prototype/slice/S15.4.4.10_A2.2_T3.js	sloppy	fail
test/built-ins/Array/prototype/slice/S15.4.4.10_A2.2_T3.js	strict	fail
test/built-ins/Array/prototype/slice/S15.4.4.10_A2.2_T4.js	sloppy	fail
test/built-ins/Array/prototype/slice/S15.4.4.10_A2.2_T4.js	strict	fail
test/built-ins/Array/prototype/slice/S15.4.4.10_A2.2_T5.js	sloppy	fail
test/built-ins/Array/prototype/slice/S15.4.4.10_A2.2_T5.js	strict	fail
test/built-ins/Array/prototype/slice/S15.4.4.10_A2_T1.js	sloppy	fail
test/built-ins/Array/prototype/slice/S15.4.4.10_A2_T1.js	strict	fail
test/built-ins/Array/prototype/slice/S15.4.4.10_A2_T2.js	sloppy	fail
test/built-ins/Array/prototype/slice/S15.4.4.10_A2_T2.js	strict	fail
test/built-ins/Array/prototype/slice/S15.4.4.10_A2_T3.js	sloppy	fail
test/built-ins/Array/prototype/slice/S15.4.4.10_A2_T3.js	strict	fail
test/built-ins/Array/prototype/slice/S15.4.4.10_A2_T4.js	sloppy	fail
test/built-ins/Array/prototype/slice/S15.4.4.10_A2_T4.js	strict	fail
test/built-ins/Array/prototype/slice/S15.4.4.10_A2_T5.js	sloppy	fail
test/built-ins/Array/prototype/slice/S15.4.4.10_A2_T5.js	strict	fail
test/built-ins/Array/prototype/slice/S15.4.4.10_A2_T6.js	sloppy	fail
test/built-ins/Array/prototype/slice/S15.4.4.10_A2_T6.js	strict	fail
test/built-ins/Array/prototype/slice/S15.4.4.10_A3_T1.js	sloppy	fail
test/built-ins/Array/prototype/slice/S15.4.4.10_A3_T1.js	strict	fail
test/built-ins/Array/prototype/slice/S15.4.4.10_A3_T2.js	sloppy	fail
test/built-ins/Array/prototype/slice/S15.4.4.10_A3_T2.js	strict	fail
test/built-ins/Array/prototype/slice/S15.4.4.10_A3_T3.js	sloppy	fail
test/built-ins/Array/prototype/slice/S15.4.4.10_A3_T3.js	strict	fail
test/built-ins/Array/prototype/slice/S15.4.4.10_A4_T1.js	sloppy	fail
test/built-ins/Array/prototype/slice/S15.4.4.10_A4_T1.js	strict	fail
test/built-ins/Array/prototype/slice/call-with-boolean.js	sloppy	fail
test/built-ins/Array/prototype/slice/call-with-boolean.js	strict	fail
test/built-ins/Array/prototype/slice/coerced-start-end-grow.js	sloppy	fail
test/built-ins/Array/prototype/slice/coerced-start-end-grow.js	strict	fail
test/built-ins/Array/prototype/slice/coerced-start-end-shrink.js	sloppy	fail
test/built-ins/Array/prototype/slice/coerced-start-end-shrink.js	strict	fail
test/built-ins/Array/prototype/slice/create-ctor-non-object.js	sloppy	fail
test/built-ins/Array/prototype/slice/create-ctor-non-object.js	strict	fail
test/built-ins/Array/prototype/slice/create-ctor-poisoned.js	sloppy	fail
test/built-ins/Array/prototype/slice/create-ctor-poisoned.js	strict	fail
test/built-ins/Array/prototype/slice/create-non-array-invalid-len.js	sloppy	fail
test/built-ins/Array/prototype/slice/create-non-array-invalid-len.js	strict	fail
test/built-ins/Array/prototype/slice/create-non-array.js	sloppy	fail
test/built-ins/Array/prototype/slice/create-non-array.js	strict	fail
test/built-ins/Array/prototype/slice/create-proto-from-ctor-realm-array.js	sloppy	fail
test/built-ins/Array/prototype/slice/create-proto-from-ctor-realm-array.js	strict	fail
test/built-ins/Array/prototype/slice/create-proto-from-ctor-realm-non-array.js	sloppy	fail
test/built-ins/Array/prototype/slice/create-proto-from-ctor-realm-non-array.js	strict	fail
test/built-ins/Array/prototype/slice/create-proxied-array-invalid-len.js	sloppy	fail
test/built-ins/Array/prototype/slice/create-proxied-array-invalid-len.js	strict	fail
test/built-ins/Array/prototype/slice/create-proxy.js	sloppy	fail
test/built-ins/Array/prototype/slice/create-proxy.js	strict	fail
test/built-ins/Array/prototype/slice/create-revoked-proxy.js	sloppy	fail
test/built-ins/Array/prototype/slice/create-revoked-proxy.js	strict	fail
test/built-ins/Array/prototype/slice/create-species-abrupt.js	sloppy	fail
test/built-ins/Array/prototype/slice/create-species-abrupt.js	strict	fail
test/built-ins/Array/prototype/slice/create-species-neg-zero.js	sloppy	fail
test/built-ins/Array/prototype/slice/create-species-neg-zero.js	strict	fail
test/built-ins/Array/prototype/slice/create-species-non-ctor.js	sloppy	fail
test/built-ins/Array/prototype/slice/create-species-non-ctor.js	strict	fail
test/built-ins/Array/prototype/slice/create-species-null.js	sloppy	pass
test/built-ins/Array/prototype/slice/create-species-null.js	strict	pass
test/built-ins/Array/prototype/slice/create-species-poisoned.js	sloppy	fail
test/built-ins/Array/prototype/slice/create-species-poisoned.js	strict	fail
test/built-ins/Array/prototype/slice/create-species-undef.js	sloppy	pass
test/built-ins/Array/prototype/slice/create-species-undef.js	strict	pass
test/built-ins/Array/prototype/slice/create-species.js	sloppy	fail
test/built-ins/Array/prototype/slice/create-species.js	strict	fail
test/built-ins/Array/prototype/slice/length-exceeding-integer-limit-proxied-array.js	sloppy	fail
test/built-ins/Array/prototype/slice/length-exceeding-integer-limit-proxied-array.js	strict	fail
test/built-ins/Array/prototype/slice/length-exceeding-integer-limit.js	sloppy	fail
test/built-ins/Array/prototype/slice/length-exceeding-integer-limit.js	strict	fail
test/built-ins/Array/prototype/slice/length.js	sloppy	fail
test/built-ins/Array/prototype/slice/length.js	strict	fail
test/built-ins/Array/prototype/slice/name.js	sloppy	fail
test/built-ins/Array/prototype/slice/name.js	strict	fail
test/built-ins/Array/prototype/slice/not-a-constructor.js	sloppy	fail
test/built-ins/Array/prototype/slice/not-a-constructor.js	strict	fail
test/built-ins/Array/prototype/slice/prop-desc.js	sloppy	fail
test/built-ins/Array/prototype/slice/prop-desc.js	strict	fail
test/built-ins/Array/prototype/slice/resizable-buffer.js	sloppy	fail
test/built-ins/Array/prototype/slice/resizable-buffer.js	strict	fail
test/built-ins/Array/prototype/slice/target-array-non-extensible.js	sloppy	fail
test/built-ins/Array/prototype/slice/target-array-non-extensible.js	strict	fail
test/built-ins/Array/prototype/slice/target-array-with-non-configurable-property.js	sloppy	fail
test/built-ins/Array/prototype/slice/target-array-with-non-configurable-property.js	strict	fail
test/built-ins/Array/prototype/slice/target-array-with-non-writable-property.js	sloppy	fail
test/built-ins/Array/prototype/slice/target-array-with-non-writable-property.js	strict	fail
