test/language/statements/return/12.9-1.js	sloppy	pass
test/language/statements/return/12.9-1.js	strict	pass
test/language/statements/return/S12.9_A1_T1.js	sloppy	fail
test/language/statements/return/S12.9_A1_T1.js	strict	fail
test/language/statements/return/S12.9_A1_T10.js	sloppy	fail
test/language/statements/return/S12.9_A1_T10.js	strict	fail
test/language/statements/return/S12.9_A1_T2.js	sloppy	fail
test/language/statements/return/S12.9_A1_T2.js	strict	fail
test/language/statements/return/S12.9_A1_T3.js	sloppy	fail
test/language/statements/return/S12.9_A1_T3.js	strict	fail
test/language/statements/return/S12.9_A1_T4.js	sloppy	fail
test/language/statements/return/S12.9_A1_T4.js	strict	fail
test/language/statements/return/S12.9_A1_T5.js	sloppy	fail
test/language/statements/return/S12.9_A1_T5.js	strict	fail
test/language/statements/return/S12.9_A1_T6.js	sloppy	fail
test/language/statements/return/S12.9_A1_T6.js	strict	fail
test/language/statements/return/S12.9_A1_T7.js	sloppy	fail
test/language/statements/return/S12.9_A1_T7.js	strict	fail
test/language/statements/return/S12.9_A1_T8.js	sloppy	fail
test/language/statements/return/S12.9_A1_T8.js	strict	fail
test/language/statements/return/S12.9_A1_T9.js	sloppy	fail
test/language/statements/return/S12.9_A1_T9.js	strict	fail
test/language/statements/return/S12.9_A3.js	sloppy	pass
test/language/statements/return/S12.9_A3.js	strict	pass
test/language/statements/return/S12.9_A4.js	sloppy	pass
test/language/statements/return/S12.9_A4.js	strict	pass
test/language/statements/return/S12.9_A5.js	sloppy	pass
test/language/statements/return/S12.9_A5.js	strict	pass
test/language/statements/return/line-terminators.js	sloppy	pass
test/language/statements/return/line-terminators.js	strict	pass
test/language/statements/return/tco.js	strict	fail
