test/language/expressions/array/11.1.4-0.js	sloppy	pass
test/language/expressions/array/11.1.4-0.js	strict	pass
test/language/expressions/array/11.1.4_4-5-1.js	sloppy	fail
test/language/expressions/array/11.1.4_4-5-1.js	strict	fail
test/language/expressions/array/11.1.4_5-6-1.js	sloppy	fail
test/language/expressions/array/11.1.4_5-6-1.js	strict	fail
test/language/expressions/array/S11.1.4_A1.1.js	sloppy	fail
test/language/expressions/array/S11.1.4_A1.1.js	strict	fail
test/language/expressions/array/S11.1.4_A1.2.js	sloppy	fail
test/language/expressions/array/S11.1.4_A1.2.js	strict	fail
test/language/expressions/array/S11.1.4_A1.3.js	sloppy	fail
test/language/expressions/array/S11.1.4_A1.3.js	strict	fail
test/language/expressions/array/S11.1.4_A1.4.js	sloppy	fail
test/language/expressions/array/S11.1.4_A1.4.js	strict	fail
test/language/expressions/array/S11.1.4_A1.5.js	sloppy	fail
test/language/expressions/array/S11.1.4_A1.5.js	strict	fail
test/language/expressions/array/S11.1.4_A1.6.js	sloppy	fail
test/language/expressions/array/S11.1.4_A1.6.js	strict	fail
test/language/expressions/array/S11.1.4_A1.7.js	sloppy	fail
test/language/expressions/array/S11.1.4_A1.7.js	strict	fail
test/language/expressions/array/S11.1.4_A2.js	sloppy	fail
test/language/expressions/array/S11.1.4_A2.js	strict	fail
test/language/expressions/array/spread-err-mult-err-expr-throws.js	sloppy	fail
test/language/expressions/array/spread-err-mult-err-expr-throws.js	strict	fail
test/language/expressions/array/spread-err-mult-err-iter-get-value.js	sloppy	fail
test/language/expressions/array/spread-err-mult-err-iter-get-value.js	strict	fail
test/language/expressions/array/spread-err-mult-err-itr-get-call.js	sloppy	fail
test/language/expressions/array/spread-err-mult-err-itr-get-call.js	strict	fail
test/language/expressions/array/spread-err-mult-err-itr-get-get.js	sloppy	fail
test/language/expressions/array/spread-err-mult-err-itr-get-get.js	strict	fail
test/language/expressions/array/spread-err-mult-err-itr-step.js	sloppy	fail
test/language/expressions/array/spread-err-mult-err-itr-step.js	strict	fail
test/language/expressions/array/spread-err-mult-err-itr-value.js	sloppy	fail
test/language/expressions/array/spread-err-mult-err-itr-value.js	strict	fail
test/language/expressions/array/spread-err-mult-err-obj-unresolvable.js	sloppy	fail
test/language/expressions/array/spread-err-mult-err-obj-unresolvable.js	strict	fail
test/language/expressions/array/spread-err-mult-err-unresolvable.js	sloppy	fail
test/language/expressions/array/spread-err-mult-err-unresolvable.js	strict	fail
test/language/expressions/array/spread-err-sngl-err-expr-throws.js	sloppy	fail
test/language/expressions/array/spread-err-sngl-err-expr-throws.js	strict	fail
test/language/expressions/array/spread-err-sngl-err-itr-get-call.js	sloppy	fail
test/language/expressions/array/spread-err-sngl-err-itr-get-call.js	strict	fail
test/language/expressions/array/spread-err-sngl-err-itr-get-get.js	sloppy	fail
test/language/expressions/array/spread-err-sngl-err-itr-get-get.js	strict	fail
test/language/expressions/array/spread-err-sngl-err-itr-get-value.js	sloppy	fail
test/language/expressions/array/spread-err-sngl-err-itr-get-value.js	strict	fail
test/language/expressions/array/spread-err-sngl-err-itr-step.js	sloppy	fail
test/language/expressions/array/spread-err-sngl-err-itr-step.js	strict	fail
test/language/expressions/array/spread-err-sngl-err-itr-value.js	sloppy	fail
test/language/expressions/array/spread-err-sngl-err-itr-value.js	strict	fail
test/language/expressions/array/spread-err-sngl-err-obj-unresolvable.js	sloppy	fail
test/language/expressions/array/spread-err-sngl-err-obj-unresolvable.js	strict	fail
test/language/expressions/array/spread-err-sngl-err-unresolvable.js	sloppy	fail
test/language/expressions/array/spread-err-sngl-err-unresolvable.js	strict	fail
test/language/expressions/array/spread-mult-empty.js	sloppy	fail
test/language/expressions/array/spread-mult-empty.js	strict	fail
test/language/expressions/array/spread-mult-expr.js	sloppy	fail
test/language/expressions/array/spread-mult-expr.js	strict	fail
test/language/expressions/array/spread-mult-iter.js	sloppy	fail
test/language/expressions/array/spread-mult-iter.js	strict	fail
test/language/expressions/array/spread-mult-literal.js	sloppy	fail
test/language/expressions/array/spread-mult-literal.js	strict	fail
test/language/expressions/array/spread-mult-obj-ident.js	sloppy	fail
test/language/expressions/array/spread-mult-obj-ident.js	strict	fail
test/language/expressions/array/spread-mult-obj-null.js	sloppy	fail
test/language/expressions/array/spread-mult-obj-null.js	strict	fail
test/language/expressions/array/spread-mult-obj-undefined.js	sloppy	fail
test/language/expressions/array/spread-mult-obj-undefined.js	strict	fail
test/language/expressions/array/spread-obj-getter-descriptor.js	sloppy	fail
test/language/expressions/array/spread-obj-getter-descriptor.js	strict	fail
test/language/expressions/array/spread-obj-getter-init.js	sloppy	fail
test/language/expressions/array/spread-obj-getter-init.js	strict	fail
test/language/expressions/array/spread-obj-manipulate-outter-obj-in-getter.js	sloppy	fail
test/language/expressions/array/spread-obj-manipulate-outter-obj-in-getter.js	strict	fail
test/language/expressions/array/spread-obj-mult-spread-getter.js	sloppy	fail
test/language/expressions/array/spread-obj-mult-spread-getter.js	strict	fail
test/language/expressions/array/spread-obj-mult-spread.js	sloppy	fail
test/language/expressions/array/spread-obj-mult-spread.js	strict	fail
test/language/expressions/array/spread-obj-null.js	sloppy	fail
test/language/expressions/array/spread-obj-null.js	strict	fail
test/language/expressions/array/spread-obj-override-immutable.js	sloppy	fail
test/language/expressions/array/spread-obj-override-immutable.js	strict	fail
test/language/expressions/array/spread-obj-overrides-prev-properties.js	sloppy	fail
test/language/expressions/array/spread-obj-overrides-prev-properties.js	strict	fail
test/language/expressions/array/spread-obj-skip-non-enumerable.js	sloppy	fail
test/language/expressions/array/spread-obj-skip-non-enumerable.js	strict	fail
test/language/expressions/array/spread-obj-spread-order.js	sloppy	fail
test/language/expressions/array/spread-obj-spread-order.js	strict	fail
test/language/expressions/array/spread-obj-symbol-property.js	sloppy	fail
test/language/expressions/array/spread-obj-symbol-property.js	strict	fail
test/language/expressions/array/spread-obj-undefined.js	sloppy	fail
test/language/expressions/array/spread-obj-undefined.js	strict	fail
test/language/expressions/array/spread-obj-with-overrides.js	sloppy	fail
test/language/expressions/array/spread-obj-with-overrides.js	strict	fail
test/language/expressions/array/spread-sngl-empty.js	sloppy	fail
test/language/expressions/array/spread-sngl-empty.js	strict	fail
test/language/expressions/array/spread-sngl-expr.js	sloppy	fail
test/language/expressions/array/spread-sngl-expr.js	strict	fail
test/language/expressions/array/spread-sngl-iter.js	sloppy	fail
test/language/expressions/array/spread-sngl-iter.js	strict	fail
test/language/expressions/array/spread-sngl-literal.js	sloppy	fail
test/language/expressions/array/spread-sngl-literal.js	strict	fail
test/language/expressions/array/spread-sngl-obj-ident.js	sloppy	fail
test/language/expressions/array/spread-sngl-obj-ident.js	strict	fail
