test/language/expressions/multiplication/S11.5.1_A1.js	sloppy	fail
test/language/expressions/multiplication/S11.5.1_A1.js	strict	fail
test/language/expressions/multiplication/S11.5.1_A2.1_T1.js	sloppy	fail
test/language/expressions/multiplication/S11.5.1_A2.1_T1.js	strict	fail
test/language/expressions/multiplication/S11.5.1_A2.1_T2.js	sloppy	fail
test/language/expressions/multiplication/S11.5.1_A2.1_T2.js	strict	fail
test/language/expressions/multiplication/S11.5.1_A2.1_T3.js	sloppy	fail
test/language/expressions/multiplication/S11.5.1_A2.1_T3.js	strict	fail
test/language/expressions/multiplication/S11.5.1_A2.2_T1.js	sloppy	fail
test/language/expressions/multiplication/S11.5.1_A2.2_T1.js	strict	fail
test/language/expressions/multiplication/S11.5.1_A2.3_T1.js	sloppy	fail
test/language/expressions/multiplication/S11.5.1_A2.3_T1.js	strict	fail
test/language/expressions/multiplication/S11.5.1_A2.4_T1.js	sloppy	pass
test/language/expressions/multiplication/S11.5.1_A2.4_T1.js	strict	pass
test/language/expressions/multiplication/S11.5.1_A2.4_T2.js	sloppy	pass
test/language/expressions/multiplication/S11.5.1_A2.4_T2.js	strict	pass
test/language/expressions/multiplication/S11.5.1_A2.4_T3.js	sloppy	fail
test/language/expressions/multiplication/S11.5.1_A2.4_T3.js	strict	fail
test/language/expressions/multiplication/S11.5.1_A2.4_T4.js	sloppy	fail
test/language/expressions/multiplication/S11.5.1_A3_T1.1.js	sloppy	fail
test/language/expressions/multiplication/S11.5.1_A3_T1.1.js	strict	fail
test/language/expressions/multiplication/S11.5.1_A3_T1.2.js	sloppy	fail
test/language/expressions/multiplication/S11.5.1_A3_T1.2.js	strict	fail
test/language/expressions/multiplication/S11.5.1_A3_T1.3.js	sloppy	fail
test/language/expressions/multiplication/S11.5.1_A3_T1.3.js	strict	fail
test/language/expressions/multiplication/S11.5.1_A3_T1.4.js	sloppy	pass
test/language/expressions/multiplication/S11.5.1_A3_T1.4.js	strict	pass
test/language/expressions/multiplication/S11.5.1_A3_T1.5.js	sloppy	pass
test/language/expressions/multiplication/S11.5.1_A3_T1.5.js	strict	pass
test/language/expressions/multiplication/S11.5.1_A3_T2.1.js	sloppy	fail
test/language/expressions/multiplication/S11.5.1_A3_T2.1.js	strict	fail
test/language/expressions/multiplication/S11.5.1_A3_T2.2.js	sloppy	fail
test/language/expressions/multiplication/S11.5.1_A3_T2.2.js	strict	fail
test/language/expressions/multiplication/S11.5.1_A3_T2.3.js	sloppy	fail
test/language/expressions/multiplication/S11.5.1_A3_T2.3.js	strict	fail
test/language/expressions/multiplication/S11.5.1_A3_T2.4.js	sloppy	fail
test/language/expressions/multiplication/S11.5.1_A3_T2.4.js	strict	fail
test/language/expressions/multiplication/S11.5.1_A3_T2.5.js	sloppy	fail
test/language/expressions/multiplication/S11.5.1_A3_T2.5.js	strict	fail
test/language/expressions/multiplication/S11.5.1_A3_T2.6.js	sloppy	fail
test/language/expressions/multiplication/S11.5.1_A3_T2.6.js	strict	fail
test/language/expressions/multiplication/S11.5.1_A3_T2.7.js	sloppy	fail
test/language/expressions/multiplication/S11.5.1_A3_T2.7.js	strict	fail
test/language/expressions/multiplication/S11.5.1_A3_T2.8.js	sloppy	fail
test/language/expressions/multiplication/S11.5.1_A3_T2.8.js	strict	fail
test/language/expressions/multiplication/S11.5.1_A3_T2.9.js	sloppy	fail
test/language/expressions/multiplication/S11.5.1_A3_T2.9.js	strict	fail
test/language/expressions/multiplication/S11.5.1_A4_T1.1.js	sloppy	pass
test/language/expressions/multiplication/S11.5.1_A4_T1.1.js	strict	pass
test/language/expressions/multiplication/S11.5.1_A4_T1.2.js	sloppy	pass
test/language/expressions/multiplication/S11.5.1_A4_T1.2.js	strict	pass
test/language/expressions/multiplication/S11.5.1_A4_T2.js	sloppy	pass
test/language/expressions/multiplication/S11.5.1_A4_T2.js	strict	pass
test/language/expressions/multiplication/S11.5.1_A4_T3.js	sloppy	pass
test/language/expressions/multiplication/S11.5.1_A4_T3.js	strict	pass
test/language/expressions/multiplication/S11.5.1_A4_T4.js	sloppy	pass
test/language/expressions/multiplication/S11.5.1_A4_T4.js	strict	pass
test/language/expressions/multiplication/S11.5.1_A4_T5.js	sloppy	pass
test/language/expressions/multiplication/S11.5.1_A4_T5.js	strict	pass
test/language/expressions/multiplication/S11.5.1_A4_T6.js	sloppy	pass
test/language/expressions/multiplication/S11.5.1_A4_T6.js	strict	pass
test/language/expressions/multiplication/S11.5.1_A4_T7.js	sloppy	pass
test/language/expressions/multiplication/S11.5.1_A4_T7.js	strict	pass
test/language/expressions/multiplication/S11.5.1_A4_T8.js	sloppy	pass
test/language/expressions/multiplication/S11.5.1_A4_T8.js	strict	pass
test/language/expressions/multiplication/bigint-and-number.js	sloppy	fail
test/language/expressions/multiplication/bigint-and-number.js	strict	fail
test/language/expressions/multiplication/bigint-arithmetic.js	sloppy	fail
test/language/expressions/multiplication/bigint-arithmetic.js	strict	fail
test/language/expressions/multiplication/bigint-errors.js	sloppy	fail
test/language/expressions/multiplication/bigint-errors.js	strict	fail
test/language/expressions/multiplication/bigint-toprimitive.js	sloppy	fail
test/language/expressions/multiplication/bigint-toprimitive.js	strict	fail
test/language/expressions/multiplication/bigint-wrapped-values.js	sloppy	fail
test/language/expressions/multiplication/bigint-wrapped-values.js	strict	fail
test/language/expressions/multiplication/line-terminator.js	sloppy	pass
test/language/expressions/multiplication/line-terminator.js	strict	pass
test/language/expressions/multiplication/order-of-evaluation.js	sloppy	fail
test/language/expressions/multiplication/order-of-evaluation.js	strict	fail
