test/language/expressions/prefix-increment/11.4.4-2-3-s.js	sloppy	fail
test/language/expressions/prefix-increment/11.4.4-2-3-s.js	strict	fail
test/language/expressions/prefix-increment/S11.4.4_A2.1_T1.js	sloppy	fail
test/language/expressions/prefix-increment/S11.4.4_A2.1_T1.js	strict	fail
test/language/expressions/prefix-increment/S11.4.4_A2.1_T2.js	sloppy	fail
test/language/expressions/prefix-increment/S11.4.4_A2.1_T2.js	strict	fail
test/language/expressions/prefix-increment/S11.4.4_A2.2_T1.js	sloppy	fail
test/language/expressions/prefix-increment/S11.4.4_A2.2_T1.js	strict	fail
test/language/expressions/prefix-increment/S11.4.4_A3_T1.js	sloppy	fail
test/language/expressions/prefix-increment/S11.4.4_A3_T1.js	strict	fail
test/language/expressions/prefix-increment/S11.4.4_A3_T2.js	sloppy	fail
test/language/expressions/prefix-increment/S11.4.4_A3_T2.js	strict	fail
test/language/expressions/prefix-increment/S11.4.4_A3_T3.js	sloppy	fail
test/language/expressions/prefix-increment/S11.4.4_A3_T3.js	strict	fail
test/language/expressions/prefix-increment/S11.4.4_A3_T4.js	sloppy	pass
test/language/expressions/prefix-increment/S11.4.4_A3_T4.js	strict	pass
test/language/expressions/prefix-increment/S11.4.4_A3_T5.js	sloppy	pass
test/language/expressions/prefix-increment/S11.4.4_A3_T5.js	strict	pass
test/language/expressions/prefix-increment/S11.4.4_A4_T1.js	sloppy	fail
test/language/expressions/prefix-increment/S11.4.4_A4_T1.js	strict	fail
test/language/expressions/prefix-increment/S11.4.4_A4_T2.js	sloppy	fail
test/language/expressions/prefix-increment/S11.4.4_A4_T2.js	strict	fail
test/language/expressions/prefix-increment/S11.4.4_A4_T3.js	sloppy	fail
test/language/expressions/prefix-increment/S11.4.4_A4_T3.js	strict	fail
test/language/expressions/prefix-increment/S11.4.4_A4_T4.js	sloppy	pass
test/language/expressions/prefix-increment/S11.4.4_A4_T4.js	strict	pass
test/language/expressions/prefix-increment/S11.4.4_A4_T5.js	sloppy	pass
test/language/expressions/prefix-increment/S11.4.4_A4_T5.js	strict	pass
test/language/expressions/prefix-increment/S11.4.4_A5_T1.js	sloppy	fail
test/language/expressions/prefix-increment/S11.4.4_A5_T2.js	sloppy	fail
test/language/expressions/prefix-increment/S11.4.4_A5_T3.js	sloppy	fail
test/language/expressions/prefix-increment/S11.4.4_A6_T1.js	sloppy	fail
test/language/expressions/prefix-increment/S11.4.4_A6_T1.js	strict	fail
test/language/expressions/prefix-increment/S11.4.4_A6_T2.js	sloppy	fail
test/language/expressions/prefix-increment/S11.4.4_A6_T2.js	strict	fail
test/language/expressions/prefix-increment/S11.4.4_A6_T3.js	sloppy	fail
test/language/expressions/prefix-increment/S11.4.4_A6_T3.js	strict	fail
test/language/expressions/prefix-increment/arguments-nostrict.js	sloppy	pass
test/language/expressions/prefix-increment/arguments.js	strict	fail
test/language/expressions/prefix-increment/bigint.js	sloppy	fail
test/language/expressions/prefix-increment/bigint.js	strict	fail
test/language/expressions/prefix-increment/eval-nostrict.js	sloppy	fail
test/language/expressions/prefix-increment/eval.js	strict	fail
test/language/expressions/prefix-increment/operator-prefix-increment-x-calls-putvalue-lhs-newvalue--1.js	sloppy	fail
test/language/expressions/prefix-increment/operator-prefix-increment-x-calls-putvalue-lhs-newvalue-.js	sloppy	fail
test/language/expressions/prefix-increment/target-cover-id.js	sloppy	pass
test/language/expressions/prefix-increment/target-cover-id.js	strict	pass
test/language/expressions/prefix-increment/target-cover-newtarget.js	sloppy	pass
test/language/expressions/prefix-increment/target-cover-newtarget.js	strict	pass
test/language/expressions/prefix-increment/target-cover-yieldexpr.js	sloppy	pass
test/language/expressions/prefix-increment/target-cover-yieldexpr.js	strict	pass
test/language/expressions/prefix-increment/target-newtarget.js	sloppy	pass
test/language/expressions/prefix-increment/target-newtarget.js	strict	pass
test/language/expressions/prefix-increment/this.js	sloppy	pass
test/language/expressions/prefix-increment/this.js	strict	pass
test/language/expressions/prefix-increment/whitespace.js	sloppy	pass
test/language/expressions/prefix-increment/whitespace.js	strict	pass
