test/language/expressions/typeof/bigint.js	sloppy	fail
test/language/expressions/typeof/bigint.js	strict	fail
test/language/expressions/typeof/boolean.js	sloppy	pass
test/language/expressions/typeof/boolean.js	strict	pass
test/language/expressions/typeof/built-in-exotic-objects-no-call.js	sloppy	fail
test/language/expressions/typeof/built-in-exotic-objects-no-call.js	strict	fail
test/language/expressions/typeof/built-in-functions.js	sloppy	pass
test/language/expressions/typeof/built-in-functions.js	strict	pass
test/language/expressions/typeof/built-in-ordinary-objects-no-call.js	sloppy	pass
test/language/expressions/typeof/built-in-ordinary-objects-no-call.js	strict	pass
test/language/expressions/typeof/get-value-ref-err.js	sloppy	fail
test/language/expressions/typeof/get-value-ref-err.js	strict	fail
test/language/expressions/typeof/get-value.js	sloppy	fail
test/language/expressions/typeof/get-value.js	strict	fail
test/language/expressions/typeof/native-call.js	sloppy	fail
test/language/expressions/typeof/native-call.js	strict	fail
test/language/expressions/typeof/null.js	sloppy	pass
test/language/expressions/typeof/null.js	strict	pass
test/language/expressions/typeof/number.js	sloppy	pass
test/language/expressions/typeof/number.js	strict	pass
test/language/expressions/typeof/proxy.js	sloppy	fail
test/language/expressions/typeof/proxy.js	strict	fail
test/language/expressions/typeof/string.js	sloppy	fail
test/language/expressions/typeof/string.js	strict	fail
test/language/expressions/typeof/symbol.js	sloppy	fail
test/language/expressions/typeof/symbol.js	strict	fail
test/language/expressions/typeof/syntax.js	sloppy	fail
test/language/expressions/typeof/syntax.js	strict	fail
test/language/expressions/typeof/undefined.js	sloppy	pass
test/language/expressions/typeof/undefined.js	strict	pass
test/language/expressions/typeof/unresolvable-reference.js	sloppy	fail
test/language/expressions/typeof/unresolvable-reference.js	strict	fail
