test/built-ins/GeneratorPrototype/return/from-state-completed.js	sloppy	pass
test/built-ins/GeneratorPrototype/return/from-state-completed.js	strict	pass
test/built-ins/GeneratorPrototype/return/from-state-executing.js	sloppy	fail
test/built-ins/GeneratorPrototype/return/from-state-executing.js	strict	fail
test/built-ins/GeneratorPrototype/return/from-state-suspended-start.js	sloppy	pass
test/built-ins/GeneratorPrototype/return/from-state-suspended-start.js	strict	pass
test/built-ins/GeneratorPrototype/return/length.js	sloppy	fail
test/built-ins/GeneratorPrototype/return/length.js	strict	fail
test/built-ins/GeneratorPrototype/return/name.js	sloppy	fail
test/built-ins/GeneratorPrototype/return/name.js	strict	fail
test/built-ins/GeneratorPrototype/return/not-a-constructor.js	sloppy	fail
test/built-ins/GeneratorPrototype/return/not-a-constructor.js	strict	fail
test/built-ins/GeneratorPrototype/return/property-descriptor.js	sloppy	fail
test/built-ins/GeneratorPrototype/return/property-descriptor.js	strict	fail
test/built-ins/GeneratorPrototype/return/this-val-not-generator.js	sloppy	fail
test/built-ins/GeneratorPrototype/return/this-val-not-generator.js	strict	fail
test/built-ins/GeneratorPrototype/return/this-val-not-object.js	sloppy	fail
test/built-ins/GeneratorPrototype/return/this-val-not-object.js	strict	fail
test/built-ins/GeneratorPrototype/return/try-catch-before-try.js	sloppy	pass
test/built-ins/GeneratorPrototype/return/try-catch-before-try.js	strict	pass
test/built-ins/GeneratorPrototype/return/try-catch-following-catch.js	sloppy	pass
test/built-ins/GeneratorPrototype/return/try-catch-following-catch.js	strict	pass
test/built-ins/GeneratorPrototype/return/try-catch-within-catch.js	sloppy	pass
test/built-ins/GeneratorPrototype/return/try-catch-within-catch.js	strict	pass
test/built-ins/GeneratorPrototype/return/try-catch-within-try.js	sloppy	pass
test/built-ins/GeneratorPrototype/return/try-catch-within-try.js	strict	pass
test/built-ins/GeneratorPrototype/return/try-finally-before-try.js	sloppy	pass
test/built-ins/GeneratorPrototype/return/try-finally-before-try.js	strict	pass
test/built-ins/GeneratorPrototype/return/try-finally-following-finally.js	sloppy	pass
test/built-ins/GeneratorPrototype/return/try-finally-following-finally.js	strict	pass
test/built-ins/GeneratorPrototype/return/try-finally-nested-try-catch-within-catch.js	sloppy	fail
test/built-ins/GeneratorPrototype/return/try-finally-nested-try-catch-within-catch.js	strict	fail
test/built-ins/GeneratorPrototype/return/try-finally-nested-try-catch-within-finally.js	sloppy	pass
test/built-ins/GeneratorPrototype/return/try-finally-nested-try-catch-within-finally.js	strict	pass
test/built-ins/GeneratorPrototype/return/try-finally-nested-try-catch-within-inner-try.js	sloppy	fail
test/built-ins/GeneratorPrototype/return/try-finally-nested-try-catch-within-inner-try.js	strict	fail
test/built-ins/GeneratorPrototype/return/try-finally-nested-try-catch-within-outer-try-after-nested.js	sloppy	pass
test/built-ins/GeneratorPrototype/return/try-finally-nested-try-catch-within-outer-try-after-nested.js	strict	pass
test/built-ins/GeneratorPrototype/return/try-finally-nested-try-catch-within-outer-try-before-nested.js	sloppy	fail
test/built-ins/GeneratorPrototype/return/try-finally-nested-try-catch-within-outer-try-before-nested.js	strict	fail
test/built-ins/GeneratorPrototype/return/try-finally-set-property-within-try.js	sloppy	fail
test/built-ins/GeneratorPrototype/return/try-finally-set-property-within-try.js	strict	fail
test/built-ins/GeneratorPrototype/return/try-finally-within-finally.js	sloppy	pass
test/built-ins/GeneratorPrototype/return/try-finally-within-finally.js	strict	pass
test/built-ins/GeneratorPrototype/return/try-finally-within-try.js	sloppy	fail
test/built-ins/GeneratorPrototype/return/try-finally-within-try.js	strict	fail
