test/language/comments/S7.4_A1_T1.js	sloppy	pass
test/language/comments/S7.4_A1_T1.js	strict	pass
test/language/comments/S7.4_A1_T2.js	sloppy	pass
test/language/comments/S7.4_A1_T2.js	strict	pass
test/language/comments/S7.4_A2_T1.js	sloppy	pass
test/language/comments/S7.4_A2_T1.js	strict	pass
test/language/comments/S7.4_A2_T2.js	sloppy	pass
test/language/comments/S7.4_A2_T2.js	strict	pass
test/language/comments/S7.4_A3.js	sloppy	pass
test/language/comments/S7.4_A3.js	strict	pass
test/language/comments/S7.4_A4_T1.js	sloppy	pass
test/language/comments/S7.4_A4_T1.js	strict	pass
test/language/comments/S7.4_A4_T2.js	sloppy	pass
test/language/comments/S7.4_A4_T2.js	strict	pass
test/language/comments/S7.4_A4_T3.js	sloppy	pass
test/language/comments/S7.4_A4_T3.js	strict	pass
test/language/comments/S7.4_A4_T4.js	sloppy	pass
test/language/comments/S7.4_A4_T4.js	strict	pass
test/language/comments/S7.4_A4_T5.js	sloppy	pass
test/language/comments/S7.4_A4_T5.js	strict	pass
test/language/comments/S7.4_A4_T6.js	sloppy	pass
test/language/comments/S7.4_A4_T6.js	strict	pass
test/language/comments/S7.4_A4_T7.js	sloppy	pass
test/language/comments/S7.4_A4_T7.js	strict	pass
test/language/comments/S7.4_A5.js	sloppy	fail
test/language/comments/S7.4_A5.js	strict	fail
test/language/comments/S7.4_A6.js	sloppy	fail
test/language/comments/S7.4_A6.js	strict	fail
test/language/comments/hashbang/escaped-bang-041.js	sloppy	fail
test/language/comments/hashbang/escaped-bang-u0021.js	sloppy	fail
test/language/comments/hashbang/escaped-bang-u21.js	sloppy	fail
test/language/comments/hashbang/escaped-bang-x21.js	sloppy	fail
test/language/comments/hashbang/escaped-hash-043.js	sloppy	fail
test/language/comments/hashbang/escaped-hash-u0023.js	sloppy	fail
test/language/comments/hashbang/escaped-hash-u23.js	sloppy	fail
test/language/comments/hashbang/escaped-hash-x23.js	sloppy	fail
test/language/comments/hashbang/escaped-hashbang.js	sloppy	fail
test/language/comments/hashbang/eval-indirect.js	sloppy	fail
test/language/comments/hashbang/eval-indirect.js	strict	fail
test/language/comments/hashbang/eval.js	sloppy	fail
test/language/comments/hashbang/eval.js	strict	fail
test/language/comments/hashbang/function-body.js	sloppy	pass
test/language/comments/hashbang/function-body.js	strict	pass
test/language/comments/hashbang/function-constructor.js	sloppy	fail
test/language/comments/hashbang/function-constructor.js	strict	fail
test/language/comments/hashbang/line-terminator-carriage-return.js	sloppy	pass
test/language/comments/hashbang/line-terminator-line-separator.js	sloppy	pass
test/language/comments/hashbang/line-terminator-paragraph-separator.js	sloppy	pass
test/language/comments/hashbang/module.js	sloppy	pass
test/language/comments/hashbang/multi-line-comment.js	sloppy	fail
test/language/comments/hashbang/no-line-separator.js	sloppy	fail
test/language/comments/hashbang/no-line-separator.js	strict	fail
test/language/comments/hashbang/not-empty.js	sloppy	pass
test/language/comments/hashbang/preceding-directive-prologue-sc.js	sloppy	fail
test/language/comments/hashbang/preceding-directive-prologue.js	sloppy	fail
test/language/comments/hashbang/preceding-empty-statement.js	sloppy	fail
test/language/comments/hashbang/preceding-hashbang.js	sloppy	fail
test/language/comments/hashbang/preceding-line-comment.js	sloppy	fail
test/language/comments/hashbang/preceding-multi-line-comment.js	sloppy	fail
test/language/comments/hashbang/preceding-whitespace.js	sloppy	fail
test/language/comments/hashbang/statement-block.js	sloppy	pass
test/language/comments/hashbang/statement-block.js	strict	pass
test/language/comments/hashbang/use-strict.js	sloppy	fail
test/language/comments/mongolian-vowel-separator-multi.js	sloppy	pass
test/language/comments/mongolian-vowel-separator-multi.js	strict	pass
test/language/comments/mongolian-vowel-separator-single-eval.js	sloppy	fail
test/language/comments/mongolian-vowel-separator-single-eval.js	strict	fail
test/language/comments/mongolian-vowel-separator-single.js	sloppy	pass
test/language/comments/mongolian-vowel-separator-single.js	strict	pass
test/language/comments/multi-line-asi-carriage-return.js	sloppy	pass
test/language/comments/multi-line-asi-carriage-return.js	strict	pass
test/language/comments/multi-line-asi-line-feed.js	sloppy	pass
test/language/comments/multi-line-asi-line-feed.js	strict	pass
test/language/comments/multi-line-asi-line-separator.js	sloppy	pass
test/language/comments/multi-line-asi-line-separator.js	strict	pass
test/language/comments/multi-line-asi-paragraph-separator.js	sloppy	pass
test/language/comments/multi-line-asi-paragraph-separator.js	strict	pass
test/language/comments/multi-line-html-close-extra.js	sloppy	pass
test/language/comments/multi-line-html-close-extra.js	strict	pass
test/language/comments/single-line-html-close-without-lt.js	sloppy	pass
test/language/comments/single-line-html-close-without-lt.js	strict	pass
