test/language/expressions/void/S11.4.2_A1.js	sloppy	fail
test/language/expressions/void/S11.4.2_A1.js	strict	fail
test/language/expressions/void/S11.4.2_A2_T1.js	sloppy	fail
test/language/expressions/void/S11.4.2_A2_T1.js	strict	fail
test/language/expressions/void/S11.4.2_A2_T2.js	sloppy	fail
test/language/expressions/void/S11.4.2_A2_T2.js	strict	fail
test/language/expressions/void/S11.4.2_A4_T1.js	sloppy	fail
test/language/expressions/void/S11.4.2_A4_T1.js	strict	fail
test/language/expressions/void/S11.4.2_A4_T2.js	sloppy	fail
test/language/expressions/void/S11.4.2_A4_T2.js	strict	fail
test/language/expressions/void/S11.4.2_A4_T3.js	sloppy	fail
test/language/expressions/void/S11.4.2_A4_T3.js	strict	fail
test/language/expressions/void/S11.4.2_A4_T4.js	sloppy	pass
test/language/expressions/void/S11.4.2_A4_T4.js	strict	pass
test/language/expressions/void/S11.4.2_A4_T5.js	sloppy	pass
test/language/expressions/void/S11.4.2_A4_T5.js	strict	pass
test/language/expressions/void/S11.4.2_A4_T6.js	sloppy	pass
test/language/expressions/void/S11.4.2_A4_T6.js	strict	pass
