test/language/expressions/call/11.2.3-3_1.js	sloppy	fail
test/language/expressions/call/11.2.3-3_1.js	strict	fail
test/language/expressions/call/11.2.3-3_2.js	sloppy	fail
test/language/expressions/call/11.2.3-3_2.js	strict	fail
test/language/expressions/call/11.2.3-3_3.js	sloppy	fail
test/language/expressions/call/11.2.3-3_3.js	strict	fail
test/language/expressions/call/11.2.3-3_4.js	sloppy	fail
test/language/expressions/call/11.2.3-3_4.js	strict	fail
test/language/expressions/call/11.2.3-3_5.js	sloppy	fail
test/language/expressions/call/11.2.3-3_5.js	strict	fail
test/language/expressions/call/11.2.3-3_6.js	sloppy	fail
test/language/expressions/call/11.2.3-3_6.js	strict	fail
test/language/expressions/call/11.2.3-3_7.js	sloppy	fail
test/language/expressions/call/11.2.3-3_7.js	strict	fail
test/language/expressions/call/11.2.3-3_8.js	sloppy	fail
test/language/expressions/call/S11.2.3_A1.js	sloppy	fail
test/language/expressions/call/S11.2.3_A1.js	strict	fail
test/language/expressions/call/S11.2.3_A2.js	sloppy	fail
test/language/expressions/call/S11.2.3_A2.js	strict	fail
test/language/expressions/call/S11.2.3_A3_T1.js	sloppy	fail
test/language/expressions/call/S11.2.3_A3_T1.js	strict	fail
test/language/expressions/call/S11.2.3_A3_T2.js	sloppy	fail
test/language/expressions/call/S11.2.3_A3_T2.js	strict	fail
test/language/expressions/call/S11.2.3_A3_T3.js	sloppy	fail
test/language/expressions/call/S11.2.3_A3_T3.js	strict	fail
test/language/expressions/call/S11.2.3_A3_T4.js	sloppy	fail
test/language/expressions/call/S11.2.3_A3_T4.js	strict	fail
test/language/expressions/call/S11.2.3_A3_T5.js	sloppy	fail
test/language/expressions/call/S11.2.3_A3_T5.js	strict	fail
test/language/expressions/call/S11.2.3_A4_T1.js	sloppy	fail
test/language/expressions/call/S11.2.3_A4_T1.js	strict	fail
test/language/expressions/call/S11.2.3_A4_T2.js	sloppy	fail
test/language/expressions/call/S11.2.3_A4_T2.js	strict	fail
test/language/expressions/call/S11.2.3_A4_T3.js	sloppy	fail
test/language/expressions/call/S11.2.3_A4_T3.js	strict	fail
test/language/expressions/call/S11.2.3_A4_T4.js	sloppy	fail
test/language/expressions/call/S11.2.3_A4_T4.js	strict	fail
test/language/expressions/call/S11.2.3_A4_T5.js	sloppy	fail
test/language/expressions/call/S11.2.3_A4_T5.js	strict	fail
test/language/expressions/call/S11.2.4_A1.1_T1.js	sloppy	fail
test/language/expressions/call/S11.2.4_A1.1_T1.js	strict	fail
test/language/expressions/call/S11.2.4_A1.1_T2.js	sloppy	fail
test/language/expressions/call/S11.2.4_A1.1_T2.js	strict	fail
test/language/expressions/call/S11.2.4_A1.2_T1.js	sloppy	fail
test/language/expressions/call/S11.2.4_A1.2_T1.js	strict	fail
test/language/expressions/call/S11.2.4_A1.2_T2.js	sloppy	fail
test/language/expressions/call/S11.2.4_A1.2_T2.js	strict	fail
test/language/expressions/call/S11.2.4_A1.3_T1.js	sloppy	pass
test/language/expressions/call/S11.2.4_A1.3_T1.js	strict	pass
test/language/expressions/call/S11.2.4_A1.4_T1.js	sloppy	fail
test/language/expressions/call/S11.2.4_A1.4_T2.js	sloppy	fail
test/language/expressions/call/S11.2.4_A1.4_T2.js	strict	fail
test/language/expressions/call/S11.2.4_A1.4_T3.js	sloppy	fail
test/language/expressions/call/S11.2.4_A1.4_T4.js	sloppy	pass
test/language/expressions/call/S11.2.4_A1.4_T4.js	strict	pass
test/language/expressions/call/eval-err-args.js	sloppy	fail
test/language/expressions/call/eval-err-args.js	strict	fail
test/language/expressions/call/eval-first-arg.js	sloppy	fail
test/language/expressions/call/eval-first-arg.js	strict	fail
test/language/expressions/call/eval-no-args.js	sloppy	fail
test/language/expressions/call/eval-no-args.js	strict	fail
test/language/expressions/call/eval-realm-indirect.js	sloppy	fail
test/language/expressions/call/eval-spread-empty-leading.js	sloppy	fail
test/language/expressions/call/eval-spread-empty-leading.js	strict	fail
test/language/expressions/call/eval-spread-empty-trailing.js	sloppy	fail
test/language/expressions/call/eval-spread-empty-trailing.js	strict	fail
test/language/expressions/call/eval-spread-empty.js	sloppy	fail
test/language/expressions/call/eval-spread-empty.js	strict	fail
test/language/expressions/call/eval-spread.js	sloppy	fail
test/language/expressions/call/eval-spread.js	strict	fail
test/language/expressions/call/eval-strictness-inherit-non-strict.js	sloppy	fail
test/language/expressions/call/eval-strictness-inherit-strict.js	strict	fail
test/language/expressions/call/scope-lex-close.js	sloppy	pass
test/language/expressions/call/scope-lex-close.js	strict	pass
test/language/expressions/call/scope-lex-open.js	sloppy	pass
test/language/expressions/call/scope-lex-open.js	strict	pass
test/language/expressions/call/scope-var-close.js	sloppy	pass
test/language/expressions/call/scope-var-close.js	strict	pass
test/language/expressions/call/scope-var-open.js	sloppy	pass
test/language/expressions/call/scope-var-open.js	strict	pass
test/language/expressions/call/spread-err-mult-err-expr-throws.js	sloppy	fail
test/language/expressions/call/spread-err-mult-err-expr-throws.js	strict	fail
test/language/expressions/call/spread-err-mult-err-iter-get-value.js	sloppy	fail
test/language/expressions/call/spread-err-mult-err-iter-get-value.js	strict	fail
test/language/expressions/call/spread-err-mult-err-itr-get-call.js	sloppy	fail
test/language/expressions/call/spread-err-mult-err-itr-get-call.js	strict	fail
test/language/expressions/call/spread-err-mult-err-itr-get-get.js	sloppy	fail
test/language/expressions/call/spread-err-mult-err-itr-get-get.js	strict	fail
test/language/expressions/call/spread-err-mult-err-itr-step.js	sloppy	fail
test/language/expressions/call/spread-err-mult-err-itr-step.js	strict	fail
test/language/expressions/call/spread-err-mult-err-itr-value.js	sloppy	fail
test/language/expressions/call/spread-err-mult-err-itr-value.js	strict	fail
test/language/expressions/call/spread-err-mult-err-obj-unresolvable.js	sloppy	fail
test/language/expressions/call/spread-err-mult-err-obj-unresolvable.js	strict	fail
test/language/expressions/call/spread-err-mult-err-unresolvable.js	sloppy	fail
test/language/expressions/call/spread-err-mult-err-unresolvable.js	strict	fail
test/language/expressions/call/spread-err-sngl-err-expr-throws.js	sloppy	fail
test/language/expressions/call/spread-err-sngl-err-expr-throws.js	strict	fail
test/language/expressions/call/spread-err-sngl-err-itr-get-call.js	sloppy	fail
test/language/expressions/call/spread-err-sngl-err-itr-get-call.js	strict	fail
test/language/expressions/call/spread-err-sngl-err-itr-get-get.js	sloppy	fail
test/language/expressions/call/spread-err-sngl-err-itr-get-get.js	strict	fail
test/language/expressions/call/spread-err-sngl-err-itr-get-value.js	sloppy	fail
test/language/expressions/call/spread-err-sngl-err-itr-get-value.js	strict	fail
test/language/expressions/call/spread-err-sngl-err-itr-step.js	sloppy	fail
test/language/expressions/call/spread-err-sngl-err-itr-step.js	strict	fail
test/language/expressions/call/spread-err-sngl-err-itr-value.js	sloppy	fail
test/language/expressions/call/spread-err-sngl-err-itr-value.js	strict	fail
test/language/expressions/call/spread-err-sngl-err-obj-unresolvable.js	sloppy	fail
test/language/expressions/call/spread-err-sngl-err-obj-unresolvable.js	strict	fail
test/language/expressions/call/spread-err-sngl-err-unresolvable.js	sloppy	fail
test/language/expressions/call/spread-err-sngl-err-unresolvable.js	strict	fail
test/language/expressions/call/spread-mult-empty.js	sloppy	fail
test/language/expressions/call/spread-mult-empty.js	strict	fail
test/language/expressions/call/spread-mult-expr.js	sloppy	fail
test/language/expressions/call/spread-mult-expr.js	strict	fail
test/language/expressions/call/spread-mult-iter.js	sloppy	fail
test/language/expressions/call/spread-mult-iter.js	strict	fail
test/language/expressions/call/spread-mult-literal.js	sloppy	fail
test/language/expressions/call/spread-mult-literal.js	strict	fail
test/language/expressions/call/spread-mult-obj-ident.js	sloppy	fail
test/language/expressions/call/spread-mult-obj-ident.js	strict	fail
test/language/expressions/call/spread-mult-obj-null.js	sloppy	pass
test/language/expressions/call/spread-mult-obj-null.js	strict	pass
test/language/expressions/call/spread-mult-obj-undefined.js	sloppy	pass
test/language/expressions/call/spread-mult-obj-undefined.js	strict	pass
test/language/expressions/call/spread-obj-getter-descriptor.js	sloppy	fail
test/language/expressions/call/spread-obj-getter-descriptor.js	strict	fail
test/language/expressions/call/spread-obj-getter-init.js	sloppy	fail
test/language/expressions/call/spread-obj-getter-init.js	strict	fail
test/language/expressions/call/spread-obj-manipulate-outter-obj-in-getter.js	sloppy	fail
test/language/expressions/call/spread-obj-manipulate-outter-obj-in-getter.js	strict	fail
test/language/expressions/call/spread-obj-mult-spread-getter.js	sloppy	fail
test/language/expressions/call/spread-obj-mult-spread-getter.js	strict	fail
test/language/expressions/call/spread-obj-mult-spread.js	sloppy	pass
test/language/expressions/call/spread-obj-mult-spread.js	strict	pass
test/language/expressions/call/spread-obj-null.js	sloppy	pass
test/language/expressions/call/spread-obj-null.js	strict	pass
test/language/expressions/call/spread-obj-override-immutable.js	sloppy	fail
test/language/expressions/call/spread-obj-override-immutable.js	strict	fail
test/language/expressions/call/spread-obj-overrides-prev-properties.js	sloppy	pass
test/language/expressions/call/spread-obj-overrides-prev-properties.js	strict	pass
test/language/expressions/call/spread-obj-skip-non-enumerable.js	sloppy	fail
test/language/expressions/call/spread-obj-skip-non-enumerable.js	strict	fail
test/language/expressions/call/spread-obj-spread-order.js	sloppy	fail
test/language/expressions/call/spread-obj-spread-order.js	strict	fail
test/language/expressions/call/spread-obj-symbol-property.js	sloppy	fail
test/language/expressions/call/spread-obj-symbol-property.js	strict	fail
test/language/expressions/call/spread-obj-undefined.js	sloppy	pass
test/language/expressions/call/spread-obj-undefined.js	strict	pass
test/language/expressions/call/spread-obj-with-overrides.js	sloppy	fail
test/language/expressions/call/spread-obj-with-overrides.js	strict	fail
test/language/expressions/call/spread-sngl-empty.js	sloppy	fail
test/language/expressions/call/spread-sngl-empty.js	strict	fail
test/language/expressions/call/spread-sngl-expr.js	sloppy	fail
test/language/expressions/call/spread-sngl-expr.js	strict	fail
test/language/expressions/call/spread-sngl-iter.js	sloppy	fail
test/language/expressions/call/spread-sngl-iter.js	strict	fail
test/language/expressions/call/spread-sngl-literal.js	sloppy	fail
test/language/expressions/call/spread-sngl-literal.js	strict	fail
test/language/expressions/call/spread-sngl-obj-ident.js	sloppy	fail
test/language/expressions/call/spread-sngl-obj-ident.js	strict	fail
test/language/expressions/call/tco-call-args.js	strict	fail
test/language/expressions/call/tco-member-args.js	strict	fail
test/language/expressions/call/tco-non-eval-function-dynamic.js	sloppy	fail
test/language/expressions/call/tco-non-eval-function.js	sloppy	fail
test/language/expressions/call/tco-non-eval-global.js	sloppy	fail
test/language/expressions/call/tco-non-eval-with.js	sloppy	fail
test/language/expressions/call/trailing-comma.js	sloppy	pass
test/language/expressions/call/trailing-comma.js	strict	pass
test/language/expressions/call/with-base-obj.js	sloppy	fail
