test/language/expressions/postfix-decrement/11.3.2-2-3-s.js	sloppy	fail
test/language/expressions/postfix-decrement/11.3.2-2-3-s.js	strict	fail
test/language/expressions/postfix-decrement/S11.3.2_A2.1_T1.js	sloppy	pass
test/language/expressions/postfix-decrement/S11.3.2_A2.1_T1.js	strict	pass
test/language/expressions/postfix-decrement/S11.3.2_A2.1_T2.js	sloppy	fail
test/language/expressions/postfix-decrement/S11.3.2_A2.1_T2.js	strict	fail
test/language/expressions/postfix-decrement/S11.3.2_A2.2_T1.js	sloppy	fail
test/language/expressions/postfix-decrement/S11.3.2_A2.2_T1.js	strict	fail
test/language/expressions/postfix-decrement/S11.3.2_A3_T1.js	sloppy	fail
test/language/expressions/postfix-decrement/S11.3.2_A3_T1.js	strict	fail
test/language/expressions/postfix-decrement/S11.3.2_A3_T2.js	sloppy	fail
test/language/expressions/postfix-decrement/S11.3.2_A3_T2.js	strict	fail
test/language/expressions/postfix-decrement/S11.3.2_A3_T3.js	sloppy	fail
test/language/expressions/postfix-decrement/S11.3.2_A3_T3.js	strict	fail
test/language/expressions/postfix-decrement/S11.3.2_A3_T4.js	sloppy	pass
test/language/expressions/postfix-decrement/S11.3.2_A3_T4.js	strict	pass
test/language/expressions/postfix-decrement/S11.3.2_A3_T5.js	sloppy	fail
test/language/expressions/postfix-decrement/S11.3.2_A3_T5.js	strict	fail
test/language/expressions/postfix-decrement/S11.3.2_A4_T1.js	sloppy	fail
test/language/expressions/postfix-decrement/S11.3.2_A4_T1.js	strict	fail
test/language/expressions/postfix-decrement/S11.3.2_A4_T2.js	sloppy	fail
test/language/expressions/postfix-decrement/S11.3.2_A4_T2.js	strict	fail
test/language/expressions/postfix-decrement/S11.3.2_A4_T3.js	sloppy	fail
test/language/expressions/postfix-decrement/S11.3.2_A4_T3.js	strict	fail
test/language/expressions/postfix-decrement/S11.3.2_A4_T4.js	sloppy	fail
test/language/expressions/postfix-decrement/S11.3.2_A4_T4.js	strict	fail
test/language/expressions/postfix-decrement/S11.3.2_A4_T5.js	sloppy	fail
test/language/expressions/postfix-decrement/S11.3.2_A4_T5.js	strict	fail
test/language/expressions/postfix-decrement/S11.3.2_A5_T1.js	sloppy	fail
test/language/expressions/postfix-decrement/S11.3.2_A5_T2.js	sloppy	fail
test/language/expressions/postfix-decrement/S11.3.2_A5_T3.js	sloppy	fail
test/language/expressions/postfix-decrement/S11.3.2_A6_T1.js	sloppy	fail
test/language/expressions/postfix-decrement/S11.3.2_A6_T1.js	strict	fail
test/language/expressions/postfix-decrement/S11.3.2_A6_T2.js	sloppy	fail
test/language/expressions/postfix-decrement/S11.3.2_A6_T2.js	strict	fail
test/language/expressions/postfix-decrement/S11.3.2_A6_T3.js	sloppy	fail
test/language/expressions/postfix-decrement/S11.3.2_A6_T3.js	strict	fail
test/language/expressions/postfix-decrement/arguments-nostrict.js	sloppy	pass
test/language/expressions/postfix-decrement/arguments.js	strict	fail
test/language/expressions/postfix-decrement/bigint.js	sloppy	fail
test/language/expressions/postfix-decrement/bigint.js	strict	fail
test/language/expressions/postfix-decrement/eval-nostrict.js	sloppy	fail
test/language/expressions/postfix-decrement/eval.js	strict	fail
test/language/expressions/postfix-decrement/line-terminator-carriage-return.js	sloppy	pass
test/language/expressions/postfix-decrement/line-terminator-carriage-return.js	strict	pass
test/language/expressions/postfix-decrement/line-terminator-line-feed.js	sloppy	pass
test/language/expressions/postfix-decrement/line-terminator-line-feed.js	strict	pass
test/language/expressions/postfix-decrement/line-terminator-line-separator.js	sloppy	pass
test/language/expressions/postfix-decrement/line-terminator-line-separator.js	strict	pass
test/language/expressions/postfix-decrement/line-terminator-paragraph-separator.js	sloppy	pass
test/language/expressions/postfix-decrement/line-terminator-paragraph-separator.js	strict	pass
test/language/expressions/postfix-decrement/operator-x-postfix-decrement-calls-putvalue-lhs-newvalue--1.js	sloppy	fail
test/language/expressions/postfix-decrement/operator-x-postfix-decrement-calls-putvalue-lhs-newvalue-.js	sloppy	fail
test/language/expressions/postfix-decrement/target-cover-id.js	sloppy	pass
test/language/expressions/postfix-decrement/target-cover-id.js	strict	pass
test/language/expressions/postfix-decrement/target-cover-newtarget.js	sloppy	pass
test/language/expressions/postfix-decrement/target-cover-newtarget.js	strict	pass
test/language/expressions/postfix-decrement/target-cover-yieldexpr.js	sloppy	pass
test/language/expressions/postfix-decrement/target-cover-yieldexpr.js	strict	pass
test/language/expressions/postfix-decrement/target-newtarget.js	sloppy	pass
test/language/expressions/postfix-decrement/target-newtarget.js	strict	pass
test/language/expressions/postfix-decrement/this.js	sloppy	pass
test/language/expressions/postfix-decrement/this.js	strict	pass
test/language/expressions/postfix-decrement/whitespace.js	sloppy	pass
test/language/expressions/postfix-decrement/whitespace.js	strict	pass
