test/built-ins/Date/now/15.9.4.4-0-1.js	sloppy	pass
test/built-ins/Date/now/15.9.4.4-0-1.js	strict	pass
test/built-ins/Date/now/15.9.4.4-0-2.js	sloppy	fail
test/built-ins/Date/now/15.9.4.4-0-2.js	strict	fail
test/built-ins/Date/now/15.9.4.4-0-3.js	sloppy	pass
test/built-ins/Date/now/15.9.4.4-0-3.js	strict	pass
test/built-ins/Date/now/15.9.4.4-0-4.js	sloppy	pass
test/built-ins/Date/now/15.9.4.4-0-4.js	strict	pass
test/built-ins/Date/now/name.js	sloppy	fail
test/built-ins/Date/now/name.js	strict	fail
test/built-ins/Date/now/not-a-constructor.js	sloppy	fail
test/built-ins/Date/now/not-a-constructor.js	strict	fail
