test/language/expressions/instanceof/S11.8.6_A1.js	sloppy	fail
test/language/expressions/instanceof/S11.8.6_A1.js	strict	fail
test/language/expressions/instanceof/S11.8.6_A2.1_T1.js	sloppy	fail
test/language/expressions/instanceof/S11.8.6_A2.1_T1.js	strict	fail
test/language/expressions/instanceof/S11.8.6_A2.1_T2.js	sloppy	fail
test/language/expressions/instanceof/S11.8.6_A2.1_T2.js	strict	fail
test/language/expressions/instanceof/S11.8.6_A2.1_T3.js	sloppy	fail
test/language/expressions/instanceof/S11.8.6_A2.1_T3.js	strict	fail
test/language/expressions/instanceof/S11.8.6_A2.4_T1.js	sloppy	fail
test/language/expressions/instanceof/S11.8.6_A2.4_T1.js	strict	fail
test/language/expressions/instanceof/S11.8.6_A2.4_T2.js	sloppy	pass
test/language/expressions/instanceof/S11.8.6_A2.4_T2.js	strict	pass
test/language/expressions/instanceof/S11.8.6_A2.4_T3.js	sloppy	fail
test/language/expressions/instanceof/S11.8.6_A2.4_T3.js	strict	fail
test/language/expressions/instanceof/S11.8.6_A2.4_T4.js	sloppy	fail
test/language/expressions/instanceof/S11.8.6_A3.js	sloppy	fail
test/language/expressions/instanceof/S11.8.6_A3.js	strict	fail
test/language/expressions/instanceof/S11.8.6_A4_T1.js	sloppy	fail
test/language/expressions/instanceof/S11.8.6_A4_T1.js	strict	fail
test/language/expressions/instanceof/S11.8.6_A4_T2.js	sloppy	fail
test/language/expressions/instanceof/S11.8.6_A4_T2.js	strict	fail
test/language/expressions/instanceof/S11.8.6_A4_T3.js	sloppy	fail
test/language/expressions/instanceof/S11.8.6_A4_T3.js	strict	fail
test/language/expressions/instanceof/S11.8.6_A5_T1.js	sloppy	fail
test/language/expressions/instanceof/S11.8.6_A5_T1.js	strict	fail
test/language/expressions/instanceof/S11.8.6_A5_T2.js	sloppy	fail
test/language/expressions/instanceof/S11.8.6_A5_T2.js	strict	fail
test/language/expressions/instanceof/S11.8.6_A6_T1.js	sloppy	fail
test/language/expressions/instanceof/S11.8.6_A6_T1.js	strict	fail
test/language/expressions/instanceof/S11.8.6_A6_T2.js	sloppy	fail
test/language/expressions/instanceof/S11.8.6_A6_T2.js	strict	fail
test/language/expressions/instanceof/S11.8.6_A6_T3.js	sloppy	fail
test/language/expressions/instanceof/S11.8.6_A6_T3.js	strict	fail
test/language/expressions/instanceof/S11.8.6_A6_T4.js	sloppy	fail
test/language/expressions/instanceof/S11.8.6_A6_T4.js	strict	fail
test/language/expressions/instanceof/S11.8.6_A7_T1.js	sloppy	fail
test/language/expressions/instanceof/S11.8.6_A7_T1.js	strict	fail
test/language/expressions/instanceof/S11.8.6_A7_T2.js	sloppy	fail
test/language/expressions/instanceof/S11.8.6_A7_T2.js	strict	fail
test/language/expressions/instanceof/S11.8.6_A7_T3.js	sloppy	fail
test/language/expressions/instanceof/S11.8.6_A7_T3.js	strict	fail
test/language/expressions/instanceof/S15.3.5.3_A1_T1.js	sloppy	fail
test/language/expressions/instanceof/S15.3.5.3_A1_T1.js	strict	fail
test/language/expressions/instanceof/S15.3.5.3_A1_T2.js	sloppy	fail
test/language/expressions/instanceof/S15.3.5.3_A1_T2.js	strict	fail
test/language/expressions/instanceof/S15.3.5.3_A1_T3.js	sloppy	fail
test/language/expressions/instanceof/S15.3.5.3_A1_T3.js	strict	fail
test/language/expressions/instanceof/S15.3.5.3_A1_T4.js	sloppy	fail
test/language/expressions/instanceof/S15.3.5.3_A1_T4.js	strict	fail
test/language/expressions/instanceof/S15.3.5.3_A1_T5.js	sloppy	fail
test/language/expressions/instanceof/S15.3.5.3_A1_T5.js	strict	fail
test/language/expressions/instanceof/S15.3.5.3_A1_T6.js	sloppy	fail
test/language/expressions/instanceof/S15.3.5.3_A1_T6.js	strict	fail
test/language/expressions/instanceof/S15.3.5.3_A1_T7.js	sloppy	fail
test/language/expressions/instanceof/S15.3.5.3_A1_T7.js	strict	fail
test/language/expressions/instanceof/S15.3.5.3_A1_T8.js	sloppy	fail
test/language/expressions/instanceof/S15.3.5.3_A1_T8.js	strict	fail
test/language/expressions/instanceof/S15.3.5.3_A2_T2.js	sloppy	fail
test/language/expressions/instanceof/S15.3.5.3_A2_T2.js	strict	fail
test/language/expressions/instanceof/S15.3.5.3_A2_T5.js	sloppy	fail
test/language/expressions/instanceof/S15.3.5.3_A2_T5.js	strict	fail
test/language/expressions/instanceof/S15.3.5.3_A2_T6.js	sloppy	fail
test/language/expressions/instanceof/S15.3.5.3_A2_T6.js	strict	fail
test/language/expressions/instanceof/S15.3.5.3_A3_T1.js	sloppy	fail
test/language/expressions/instanceof/S15.3.5.3_A3_T1.js	strict	fail
test/language/expressions/instanceof/S15.3.5.3_A3_T2.js	sloppy	fail
test/language/expressions/instanceof/S15.3.5.3_A3_T2.js	strict	fail
test/language/expressions/instanceof/primitive-prototype-with-object.js	sloppy	fail
test/language/expressions/instanceof/primitive-prototype-with-object.js	strict	fail
test/language/expressions/instanceof/primitive-prototype-with-primitive.js	sloppy	fail
test/language/expressions/instanceof/primitive-prototype-with-primitive.js	strict	fail
test/language/expressions/instanceof/prototype-getter-with-object-throws.js	sloppy	fail
test/language/expressions/instanceof/prototype-getter-with-object-throws.js	strict	fail
test/language/expressions/instanceof/prototype-getter-with-object.js	sloppy	fail
test/language/expressions/instanceof/prototype-getter-with-object.js	strict	fail
test/language/expressions/instanceof/prototype-getter-with-primitive.js	sloppy	fail
test/language/expressions/instanceof/prototype-getter-with-primitive.js	strict	fail
test/language/expressions/instanceof/symbol-hasinstance-get-err.js	sloppy	fail
test/language/expressions/instanceof/symbol-hasinstance-get-err.js	strict	fail
test/language/expressions/instanceof/symbol-hasinstance-invocation.js	sloppy	fail
test/language/expressions/instanceof/symbol-hasinstance-invocation.js	strict	fail
test/language/expressions/instanceof/symbol-hasinstance-not-callable.js	sloppy	fail
test/language/expressions/instanceof/symbol-hasinstance-not-callable.js	strict	fail
test/language/expressions/instanceof/symbol-hasinstance-to-boolean.js	sloppy	fail
test/language/expressions/instanceof/symbol-hasinstance-to-boolean.js	strict	fail
