test/built-ins/Array/of/construct-this-with-the-number-of-arguments.js	sloppy	fail
test/built-ins/Array/of/construct-this-with-the-number-of-arguments.js	strict	fail
test/built-ins/Array/of/creates-a-new-array-from-arguments.js	sloppy	pass
test/built-ins/Array/of/creates-a-new-array-from-arguments.js	strict	pass
test/built-ins/Array/of/does-not-use-prototype-properties.js	sloppy	fail
test/built-ins/Array/of/does-not-use-prototype-properties.js	strict	fail
test/built-ins/Array/of/does-not-use-set-for-indices.js	sloppy	fail
test/built-ins/Array/of/does-not-use-set-for-indices.js	strict	fail
test/built-ins/Array/of/length.js	sloppy	fail
test/built-ins/Array/of/length.js	strict	fail
test/built-ins/Array/of/name.js	sloppy	fail
test/built-ins/Array/of/name.js	strict	fail
test/built-ins/Array/of/not-a-constructor.js	sloppy	fail
test/built-ins/Array/of/not-a-constructor.js	strict	fail
test/built-ins/Array/of/of.js	sloppy	fail
test/built-ins/Array/of/of.js	strict	fail
test/built-ins/Array/of/proto-from-ctor-realm.js	sloppy	fail
test/built-ins/Array/of/proto-from-ctor-realm.js	strict	fail
test/built-ins/Array/of/return-a-custom-instance.js	sloppy	fail
test/built-ins/Array/of/return-a-custom-instance.js	strict	fail
test/built-ins/Array/of/return-a-new-array-object.js	sloppy	fail
test/built-ins/Array/of/return-a-new-array-object.js	strict	fail
test/built-ins/Array/of/return-abrupt-from-contructor.js	sloppy	fail
test/built-ins/Array/of/return-abrupt-from-contructor.js	strict	fail
test/built-ins/Array/of/return-abrupt-from-data-property-using-proxy.js	sloppy	fail
test/built-ins/Array/of/return-abrupt-from-data-property-using-proxy.js	strict	fail
test/built-ins/Array/of/return-abrupt-from-data-property.js	sloppy	fail
test/built-ins/Array/of/return-abrupt-from-data-property.js	strict	fail
test/built-ins/Array/of/return-abrupt-from-setting-length.js	sloppy	fail
test/built-ins/Array/of/return-abrupt-from-setting-length.js	strict	fail
test/built-ins/Array/of/sets-length.js	sloppy	fail
test/built-ins/Array/of/sets-length.js	strict	fail
