test/language/expressions/unary-minus/11.4.7-4-1.js	sloppy	pass
test/language/expressions/unary-minus/11.4.7-4-1.js	strict	pass
test/language/expressions/unary-minus/S11.4.7_A1.js	sloppy	fail
test/language/expressions/unary-minus/S11.4.7_A1.js	strict	fail
test/language/expressions/unary-minus/S11.4.7_A2.1_T1.js	sloppy	fail
test/language/expressions/unary-minus/S11.4.7_A2.1_T1.js	strict	fail
test/language/expressions/unary-minus/S11.4.7_A2.1_T2.js	sloppy	fail
test/language/expressions/unary-minus/S11.4.7_A2.1_T2.js	strict	fail
test/language/expressions/unary-minus/S11.4.7_A2.2_T1.js	sloppy	fail
test/language/expressions/unary-minus/S11.4.7_A2.2_T1.js	strict	fail
test/language/expressions/unary-minus/S11.4.7_A3_T1.js	sloppy	fail
test/language/expressions/unary-minus/S11.4.7_A3_T1.js	strict	fail
test/language/expressions/unary-minus/S11.4.7_A3_T2.js	sloppy	fail
test/language/expressions/unary-minus/S11.4.7_A3_T2.js	strict	fail
test/language/expressions/unary-minus/S11.4.7_A3_T3.js	sloppy	fail
test/language/expressions/unary-minus/S11.4.7_A3_T3.js	strict	fail
test/language/expressions/unary-minus/S11.4.7_A3_T4.js	sloppy	pass
test/language/expressions/unary-minus/S11.4.7_A3_T4.js	strict	pass
test/language/expressions/unary-minus/S11.4.7_A3_T5.js	sloppy	pass
test/language/expressions/unary-minus/S11.4.7_A3_T5.js	strict	pass
test/language/expressions/unary-minus/S11.4.7_A4.1.js	sloppy	fail
test/language/expressions/unary-minus/S11.4.7_A4.1.js	strict	fail
test/language/expressions/unary-minus/S11.4.7_A4.2.js	sloppy	pass
test/language/expressions/unary-minus/S11.4.7_A4.2.js	strict	pass
test/language/expressions/unary-minus/bigint-non-primitive.js	sloppy	fail
test/language/expressions/unary-minus/bigint-non-primitive.js	strict	fail
test/language/expressions/unary-minus/bigint.js	sloppy	fail
test/language/expressions/unary-minus/bigint.js	strict	fail
