test/built-ins/Array/prototype/concat/15.4.4.4-5-b-iii-3-b-1.js	sloppy	fail
test/built-ins/Array/prototype/concat/15.4.4.4-5-b-iii-3-b-1.js	strict	fail
test/built-ins/Array/prototype/concat/15.4.4.4-5-c-i-1.js	sloppy	fail
test/built-ins/Array/prototype/concat/15.4.4.4-5-c-i-1.js	strict	fail
test/built-ins/Array/prototype/concat/Array.prototype.concat_array-like-length-to-string-throws.js	sloppy	fail
test/built-ins/Array/prototype/concat/Array.prototype.concat_array-like-length-to-string-throws.js	strict	fail
test/built-ins/Array/prototype/concat/Array.prototype.concat_array-like-length-value-of-throws.js	sloppy	fail
test/built-ins/Array/prototype/concat/Array.prototype.concat_array-like-length-value-of-throws.js	strict	fail
test/built-ins/Array/prototype/concat/Array.prototype.concat_array-like-negative-length.js	sloppy	fail
test/built-ins/Array/prototype/concat/Array.prototype.concat_array-like-negative-length.js	strict	fail
test/built-ins/Array/prototype/concat/Array.prototype.concat_array-like-primitive-non-number-length.js	sloppy	fail
test/built-ins/Array/prototype/concat/Array.prototype.concat_array-like-primitive-non-number-length.js	strict	fail
test/built-ins/Array/prototype/concat/Array.prototype.concat_array-like-string-length.js	sloppy	fail
test/built-ins/Array/prototype/concat/Array.prototype.concat_array-like-string-length.js	strict	fail
test/built-ins/Array/prototype/concat/Array.prototype.concat_array-like-to-length-throws.js	sloppy	fail
test/built-ins/Array/prototype/concat/Array.prototype.concat_array-like-to-length-throws.js	strict	fail
test/built-ins/Array/prototype/concat/Array.prototype.concat_array-like.js	sloppy	fail
test/built-ins/Array/prototype/concat/Array.prototype.concat_array-like.js	strict	fail
test/built-ins/Array/prototype/concat/Array.prototype.concat_holey-sloppy-arguments.js	sloppy	fail
test/built-ins/Array/prototype/concat/Array.prototype.concat_holey-sloppy-arguments.js	strict	fail
test/built-ins/Array/prototype/concat/Array.prototype.concat_large-typed-array.js	sloppy	fail
test/built-ins/Array/prototype/concat/Array.prototype.concat_large-typed-array.js	strict	fail
test/built-ins/Array/prototype/concat/Array.prototype.concat_length-throws.js	sloppy	fail
test/built-ins/Array/prototype/concat/Array.prototype.concat_length-throws.js	strict	fail
test/built-ins/Array/prototype/concat/Array.prototype.concat_no-prototype.js	sloppy	pass
test/built-ins/Array/prototype/concat/Array.prototype.concat_no-prototype.js	strict	pass
test/built-ins/Array/prototype/concat/Array.prototype.concat_non-array.js	sloppy	fail
test/built-ins/Array/prototype/concat/Array.prototype.concat_non-array.js	strict	fail
test/built-ins/Array/prototype/concat/Array.prototype.concat_sloppy-arguments-throws.js	sloppy	fail
test/built-ins/Array/prototype/concat/Array.prototype.concat_sloppy-arguments-throws.js	strict	fail
test/built-ins/Array/prototype/concat/Array.prototype.concat_sloppy-arguments-with-dupes.js	sloppy	fail
test/built-ins/Array/prototype/concat/Array.prototype.concat_sloppy-arguments.js	sloppy	fail
test/built-ins/Array/prototype/concat/Array.prototype.concat_sloppy-arguments.js	strict	fail
test/built-ins/Array/prototype/concat/Array.prototype.concat_small-typed-array.js	sloppy	fail
test/built-ins/Array/prototype/concat/Array.prototype.concat_small-typed-array.js	strict	fail
test/built-ins/Array/prototype/concat/Array.prototype.concat_spreadable-boolean-wrapper.js	sloppy	fail
test/built-ins/Array/prototype/concat/Array.prototype.concat_spreadable-boolean-wrapper.js	strict	fail
test/built-ins/Array/prototype/concat/Array.prototype.concat_spreadable-function.js	sloppy	fail
test/built-ins/Array/prototype/concat/Array.prototype.concat_spreadable-function.js	strict	fail
test/built-ins/Array/prototype/concat/Array.prototype.concat_spreadable-getter-throws.js	sloppy	fail
test/built-ins/Array/prototype/concat/Array.prototype.concat_spreadable-getter-throws.js	strict	fail
test/built-ins/Array/prototype/concat/Array.prototype.concat_spreadable-number-wrapper.js	sloppy	fail
test/built-ins/Array/prototype/concat/Array.prototype.concat_spreadable-number-wrapper.js	strict	fail
test/built-ins/Array/prototype/concat/Array.prototype.concat_spreadable-reg-exp.js	sloppy	fail
test/built-ins/Array/prototype/concat/Array.prototype.concat_spreadable-reg-exp.js	strict	fail
test/built-ins/Array/prototype/concat/Array.prototype.concat_spreadable-sparse-object.js	sloppy	fail
test/built-ins/Array/prototype/concat/Array.prototype.concat_spreadable-sparse-object.js	strict	fail
test/built-ins/Array/prototype/concat/Array.prototype.concat_spreadable-string-wrapper.js	sloppy	fail
test/built-ins/Array/prototype/concat/Array.prototype.concat_spreadable-string-wrapper.js	strict	fail
test/built-ins/Array/prototype/concat/Array.prototype.concat_strict-arguments.js	sloppy	fail
test/built-ins/Array/prototype/concat/Array.prototype.concat_strict-arguments.js	strict	fail
test/built-ins/Array/prototype/concat/S15.4.4.4_A1_T1.js	sloppy	fail
test/built-ins/Array/prototype/concat/S15.4.4.4_A1_T1.js	strict	fail
test/built-ins/Array/prototype/concat/S15.4.4.4_A1_T2.js	sloppy	fail
test/built-ins/Array/prototype/concat/S15.4.4.4_A1_T2.js	strict	fail
test/built-ins/Array/prototype/concat/S15.4.4.4_A1_T3.js	sloppy	fail
test/built-ins/Array/prototype/concat/S15.4.4.4_A1_T3.js	strict	fail
test/built-ins/Array/prototype/concat/S15.4.4.4_A1_T4.js	sloppy	fail
test/built-ins/Array/prototype/concat/S15.4.4.4_A1_T4.js	strict	fail
test/built-ins/Array/prototype/concat/S15.4.4.4_A2_T1.js	sloppy	fail
test/built-ins/Array/prototype/concat/S15.4.4.4_A2_T1.js	strict	fail
test/built-ins/Array/prototype/concat/S15.4.4.4_A2_T2.js	sloppy	fail
test/built-ins/Array/prototype/concat/S15.4.4.4_A2_T2.js	strict	fail
test/built-ins/Array/prototype/concat/S15.4.4.4_A3_T1.js	sloppy	fail
test/built-ins/Array/prototype/concat/S15.4.4.4_A3_T1.js	strict	fail
test/built-ins/Array/prototype/concat/S15.4.4.4_A3_T2.js	sloppy	fail
test/built-ins/Array/prototype/concat/S15.4.4.4_A3_T2.js	strict	fail
test/built-ins/Array/prototype/concat/S15.4.4.4_A3_T3.js	sloppy	fail
test/built-ins/Array/prototype/concat/S15.4.4.4_A3_T3.js	strict	fail
test/built-ins/Array/prototype/concat/arg-length-exceeding-integer-limit.js	sloppy	fail
test/built-ins/Array/prototype/concat/arg-length-exceeding-integer-limit.js	strict	fail
test/built-ins/Array/prototype/concat/arg-length-near-integer-limit.js	sloppy	fail
test/built-ins/Array/prototype/concat/arg-length-near-integer-limit.js	strict	fail
test/built-ins/Array/prototype/concat/call-with-boolean.js	sloppy	fail
test/built-ins/Array/prototype/concat/call-with-boolean.js	strict	fail
test/built-ins/Array/prototype/concat/create-ctor-non-object.js	sloppy	fail
test/built-ins/Array/prototype/concat/create-ctor-non-object.js	strict	fail
test/built-ins/Array/prototype/concat/create-ctor-poisoned.js	sloppy	fail
test/built-ins/Array/prototype/concat/create-ctor-poisoned.js	strict	fail
test/built-ins/Array/prototype/concat/create-non-array.js	sloppy	fail
test/built-ins/Array/prototype/concat/create-non-array.js	strict	fail
test/built-ins/Array/prototype/concat/create-proto-from-ctor-realm-array.js	sloppy	fail
test/built-ins/Array/prototype/concat/create-proto-from-ctor-realm-array.js	strict	fail
test/built-ins/Array/prototype/concat/create-proto-from-ctor-realm-non-array.js	sloppy	fail
test/built-ins/Array/prototype/concat/create-proto-from-ctor-realm-non-array.js	strict	fail
test/built-ins/Array/prototype/concat/create-proxy.js	sloppy	fail
test/built-ins/Array/prototype/concat/create-proxy.js	strict	fail
test/built-ins/Array/prototype/concat/create-revoked-proxy.js	sloppy	fail
test/built-ins/Array/prototype/concat/create-revoked-proxy.js	strict	fail
test/built-ins/Array/prototype/concat/create-species-abrupt.js	sloppy	fail
test/built-ins/Array/prototype/concat/create-species-abrupt.js	strict	fail
test/built-ins/Array/prototype/concat/create-species-non-ctor.js	sloppy	fail
test/built-ins/Array/prototype/concat/create-species-non-ctor.js	strict	fail
test/built-ins/Array/prototype/concat/create-species-non-extensible-spreadable.js	sloppy	fail
test/built-ins/Array/prototype/concat/create-species-non-extensible-spreadable.js	strict	fail
test/built-ins/Array/prototype/concat/create-species-non-extensible.js	sloppy	fail
test/built-ins/Array/prototype/concat/create-species-non-extensible.js	strict	fail
test/built-ins/Array/prototype/concat/create-species-null.js	sloppy	pass
test/built-ins/Array/prototype/concat/create-species-null.js	strict	pass
test/built-ins/Array/prototype/concat/create-species-poisoned.js	sloppy	fail
test/built-ins/Array/prototype/concat/create-species-poisoned.js	strict	fail
test/built-ins/Array/prototype/concat/create-species-undef.js	sloppy	pass
test/built-ins/Array/prototype/concat/create-species-undef.js	strict	pass
test/built-ins/Array/prototype/concat/create-species-with-non-configurable-property-spreadable.js	sloppy	fail
test/built-ins/Array/prototype/concat/create-species-with-non-configurable-property-spreadable.js	strict	fail
test/built-ins/Array/prototype/concat/create-species-with-non-configurable-property.js	sloppy	fail
test/built-ins/Array/prototype/concat/create-species-with-non-configurable-property.js	strict	fail
test/built-ins/Array/prototype/concat/create-species-with-non-writable-property-spreadable.js	sloppy	fail
test/built-ins/Array/prototype/concat/create-species-with-non-writable-property-spreadable.js	strict	fail
test/built-ins/Array/prototype/concat/create-species-with-non-writable-property.js	sloppy	fail
test/built-ins/Array/prototype/concat/create-species-with-non-writable-property.js	strict	fail
test/built-ins/Array/prototype/concat/create-species.js	sloppy	fail
test/built-ins/Array/prototype/concat/create-species.js	strict	fail
test/built-ins/Array/prototype/concat/is-concat-spreadable-get-err.js	sloppy	fail
test/built-ins/Array/prototype/concat/is-concat-spreadable-get-err.js	strict	fail
test/built-ins/Array/prototype/concat/is-concat-spreadable-get-order.js	sloppy	fail
test/built-ins/Array/prototype/concat/is-concat-spreadable-get-order.js	strict	fail
test/built-ins/Array/prototype/concat/is-concat-spreadable-is-array-proxy-revoked.js	sloppy	fail
test/built-ins/Array/prototype/concat/is-concat-spreadable-is-array-proxy-revoked.js	strict	fail
test/built-ins/Array/prototype/concat/is-concat-spreadable-proxy-revoked.js	sloppy	fail
test/built-ins/Array/prototype/concat/is-concat-spreadable-proxy-revoked.js	strict	fail
test/built-ins/Array/prototype/concat/is-concat-spreadable-proxy.js	sloppy	fail
test/built-ins/Array/prototype/concat/is-concat-spreadable-proxy.js	strict	fail
test/built-ins/Array/prototype/concat/is-concat-spreadable-val-falsey.js	sloppy	fail
test/built-ins/Array/prototype/concat/is-concat-spreadable-val-falsey.js	strict	fail
test/built-ins/Array/prototype/concat/is-concat-spreadable-val-truthy.js	sloppy	fail
test/built-ins/Array/prototype/concat/is-concat-spreadable-val-truthy.js	strict	fail
test/built-ins/Array/prototype/concat/is-concat-spreadable-val-undefined.js	sloppy	pass
test/built-ins/Array/prototype/concat/is-concat-spreadable-val-undefined.js	strict	pass
test/built-ins/Array/prototype/concat/length.js	sloppy	fail
test/built-ins/Array/prototype/concat/length.js	strict	fail
test/built-ins/Array/prototype/concat/name.js	sloppy	fail
test/built-ins/Array/prototype/concat/name.js	strict	fail
test/built-ins/Array/prototype/concat/not-a-constructor.js	sloppy	fail
test/built-ins/Array/prototype/concat/not-a-constructor.js	strict	fail
test/built-ins/Array/prototype/concat/prop-desc.js	sloppy	fail
test/built-ins/Array/prototype/concat/prop-desc.js	strict	fail
