test/language/statements/const/block-local-closure-get-before-initialization.js	sloppy	fail
test/language/statements/const/block-local-closure-get-before-initialization.js	strict	fail
test/language/statements/const/block-local-use-before-initialization-in-declaration-statement.js	sloppy	fail
test/language/statements/const/block-local-use-before-initialization-in-declaration-statement.js	strict	fail
test/language/statements/const/block-local-use-before-initialization-in-prior-statement.js	sloppy	fail
test/language/statements/const/block-local-use-before-initialization-in-prior-statement.js	strict	fail
test/language/statements/const/cptn-value.js	sloppy	fail
test/language/statements/const/cptn-value.js	strict	fail
test/language/statements/const/dstr/ary-init-iter-close.js	sloppy	fail
test/language/statements/const/dstr/ary-init-iter-close.js	strict	fail
test/language/statements/const/dstr/ary-init-iter-get-err-array-prototype.js	sloppy	fail
test/language/statements/const/dstr/ary-init-iter-get-err-array-prototype.js	strict	fail
test/language/statements/const/dstr/ary-init-iter-get-err.js	sloppy	fail
test/language/statements/const/dstr/ary-init-iter-get-err.js	strict	fail
test/language/statements/const/dstr/ary-init-iter-no-close.js	sloppy	pass
test/language/statements/const/dstr/ary-init-iter-no-close.js	strict	pass
test/language/statements/const/dstr/ary-name-iter-val.js	sloppy	pass
test/language/statements/const/dstr/ary-name-iter-val.js	strict	pass
test/language/statements/const/dstr/ary-ptrn-elem-ary-elem-init.js	sloppy	pass
test/language/statements/const/dstr/ary-ptrn-elem-ary-elem-init.js	strict	pass
test/language/statements/const/dstr/ary-ptrn-elem-ary-elem-iter.js	sloppy	pass
test/language/statements/const/dstr/ary-ptrn-elem-ary-elem-iter.js	strict	pass
test/language/statements/const/dstr/ary-ptrn-elem-ary-elision-init.js	sloppy	fail
test/language/statements/const/dstr/ary-ptrn-elem-ary-elision-init.js	strict	fail
test/language/statements/const/dstr/ary-ptrn-elem-ary-elision-iter.js	sloppy	fail
test/language/statements/const/dstr/ary-ptrn-elem-ary-elision-iter.js	strict	fail
test/language/statements/const/dstr/ary-ptrn-elem-ary-empty-init.js	sloppy	fail
test/language/statements/const/dstr/ary-ptrn-elem-ary-empty-init.js	strict	fail
test/language/statements/const/dstr/ary-ptrn-elem-ary-empty-iter.js	sloppy	pass
test/language/statements/const/dstr/ary-ptrn-elem-ary-empty-iter.js	strict	pass
test/language/statements/const/dstr/ary-ptrn-elem-ary-rest-init.js	sloppy	pass
test/language/statements/const/dstr/ary-ptrn-elem-ary-rest-init.js	strict	pass
test/language/statements/const/dstr/ary-ptrn-elem-ary-rest-iter.js	sloppy	pass
test/language/statements/const/dstr/ary-ptrn-elem-ary-rest-iter.js	strict	pass
test/language/statements/const/dstr/ary-ptrn-elem-ary-val-null.js	sloppy	fail
test/language/statements/const/dstr/ary-ptrn-elem-ary-val-null.js	strict	fail
test/language/statements/const/dstr/ary-ptrn-elem-id-init-exhausted.js	sloppy	pass
test/language/statements/const/dstr/ary-ptrn-elem-id-init-exhausted.js	strict	pass
test/language/statements/const/dstr/ary-ptrn-elem-id-init-fn-name-arrow.js	sloppy	fail
test/language/statements/const/dstr/ary-ptrn-elem-id-init-fn-name-arrow.js	strict	fail
test/language/statements/const/dstr/ary-ptrn-elem-id-init-fn-name-class.js	sloppy	fail
test/language/statements/const/dstr/ary-ptrn-elem-id-init-fn-name-class.js	strict	fail
test/language/statements/const/dstr/ary-ptrn-elem-id-init-fn-name-cover.js	sloppy	fail
test/language/statements/const/dstr/ary-ptrn-elem-id-init-fn-name-cover.js	strict	fail
test/language/statements/const/dstr/ary-ptrn-elem-id-init-fn-name-fn.js	sloppy	fail
test/language/statements/const/dstr/ary-ptrn-elem-id-init-fn-name-fn.js	strict	fail
test/language/statements/const/dstr/ary-ptrn-elem-id-init-fn-name-gen.js	sloppy	fail
test/language/statements/const/dstr/ary-ptrn-elem-id-init-fn-name-gen.js	strict	fail
test/language/statements/const/dstr/ary-ptrn-elem-id-init-hole.js	sloppy	pass
test/language/statements/const/dstr/ary-ptrn-elem-id-init-hole.js	strict	pass
test/language/statements/const/dstr/ary-ptrn-elem-id-init-skipped.js	sloppy	pass
test/language/statements/const/dstr/ary-ptrn-elem-id-init-skipped.js	strict	pass
test/language/statements/const/dstr/ary-ptrn-elem-id-init-throws.js	sloppy	pass
test/language/statements/const/dstr/ary-ptrn-elem-id-init-throws.js	strict	pass
test/language/statements/const/dstr/ary-ptrn-elem-id-init-undef.js	sloppy	pass
test/language/statements/const/dstr/ary-ptrn-elem-id-init-undef.js	strict	pass
test/language/statements/const/dstr/ary-ptrn-elem-id-init-unresolvable.js	sloppy	fail
test/language/statements/const/dstr/ary-ptrn-elem-id-init-unresolvable.js	strict	fail
test/language/statements/const/dstr/ary-ptrn-elem-id-iter-complete.js	sloppy	pass
test/language/statements/const/dstr/ary-ptrn-elem-id-iter-complete.js	strict	pass
test/language/statements/const/dstr/ary-ptrn-elem-id-iter-done.js	sloppy	pass
test/language/statements/const/dstr/ary-ptrn-elem-id-iter-done.js	strict	pass
test/language/statements/const/dstr/ary-ptrn-elem-id-iter-step-err.js	sloppy	fail
test/language/statements/const/dstr/ary-ptrn-elem-id-iter-step-err.js	strict	fail
test/language/statements/const/dstr/ary-ptrn-elem-id-iter-val-array-prototype.js	sloppy	fail
test/language/statements/const/dstr/ary-ptrn-elem-id-iter-val-array-prototype.js	strict	fail
test/language/statements/const/dstr/ary-ptrn-elem-id-iter-val-err.js	sloppy	fail
test/language/statements/const/dstr/ary-ptrn-elem-id-iter-val-err.js	strict	fail
test/language/statements/const/dstr/ary-ptrn-elem-id-iter-val.js	sloppy	pass
test/language/statements/const/dstr/ary-ptrn-elem-id-iter-val.js	strict	pass
test/language/statements/const/dstr/ary-ptrn-elem-obj-id-init.js	sloppy	pass
test/language/statements/const/dstr/ary-ptrn-elem-obj-id-init.js	strict	pass
test/language/statements/const/dstr/ary-ptrn-elem-obj-id.js	sloppy	pass
test/language/statements/const/dstr/ary-ptrn-elem-obj-id.js	strict	pass
test/language/statements/const/dstr/ary-ptrn-elem-obj-prop-id-init.js	sloppy	fail
test/language/statements/const/dstr/ary-ptrn-elem-obj-prop-id-init.js	strict	fail
test/language/statements/const/dstr/ary-ptrn-elem-obj-prop-id.js	sloppy	fail
test/language/statements/const/dstr/ary-ptrn-elem-obj-prop-id.js	strict	fail
test/language/statements/const/dstr/ary-ptrn-elem-obj-val-null.js	sloppy	fail
test/language/statements/const/dstr/ary-ptrn-elem-obj-val-null.js	strict	fail
test/language/statements/const/dstr/ary-ptrn-elem-obj-val-undef.js	sloppy	fail
test/language/statements/const/dstr/ary-ptrn-elem-obj-val-undef.js	strict	fail
test/language/statements/const/dstr/ary-ptrn-elision-exhausted.js	sloppy	fail
test/language/statements/const/dstr/ary-ptrn-elision-exhausted.js	strict	fail
test/language/statements/const/dstr/ary-ptrn-elision-step-err.js	sloppy	fail
test/language/statements/const/dstr/ary-ptrn-elision-step-err.js	strict	fail
test/language/statements/const/dstr/ary-ptrn-elision.js	sloppy	fail
test/language/statements/const/dstr/ary-ptrn-elision.js	strict	fail
test/language/statements/const/dstr/ary-ptrn-empty.js	sloppy	fail
test/language/statements/const/dstr/ary-ptrn-empty.js	strict	fail
test/language/statements/const/dstr/ary-ptrn-rest-ary-elem.js	sloppy	pass
test/language/statements/const/dstr/ary-ptrn-rest-ary-elem.js	strict	pass
test/language/statements/const/dstr/ary-ptrn-rest-ary-elision.js	sloppy	fail
test/language/statements/const/dstr/ary-ptrn-rest-ary-elision.js	strict	fail
test/language/statements/const/dstr/ary-ptrn-rest-ary-empty.js	sloppy	fail
test/language/statements/const/dstr/ary-ptrn-rest-ary-empty.js	strict	fail
test/language/statements/const/dstr/ary-ptrn-rest-ary-rest.js	sloppy	pass
test/language/statements/const/dstr/ary-ptrn-rest-ary-rest.js	strict	pass
test/language/statements/const/dstr/ary-ptrn-rest-id-direct.js	sloppy	pass
test/language/statements/const/dstr/ary-ptrn-rest-id-direct.js	strict	pass
test/language/statements/const/dstr/ary-ptrn-rest-id-elision-next-err.js	sloppy	fail
test/language/statements/const/dstr/ary-ptrn-rest-id-elision-next-err.js	strict	fail
test/language/statements/const/dstr/ary-ptrn-rest-id-elision.js	sloppy	pass
test/language/statements/const/dstr/ary-ptrn-rest-id-elision.js	strict	pass
test/language/statements/const/dstr/ary-ptrn-rest-id-exhausted.js	sloppy	pass
test/language/statements/const/dstr/ary-ptrn-rest-id-exhausted.js	strict	pass
test/language/statements/const/dstr/ary-ptrn-rest-id-iter-step-err.js	sloppy	fail
test/language/statements/const/dstr/ary-ptrn-rest-id-iter-step-err.js	strict	fail
test/language/statements/const/dstr/ary-ptrn-rest-id-iter-val-err.js	sloppy	fail
test/language/statements/const/dstr/ary-ptrn-rest-id-iter-val-err.js	strict	fail
test/language/statements/const/dstr/ary-ptrn-rest-id.js	sloppy	pass
test/language/statements/const/dstr/ary-ptrn-rest-id.js	strict	pass
test/language/statements/const/dstr/ary-ptrn-rest-init-ary.js	sloppy	fail
test/language/statements/const/dstr/ary-ptrn-rest-init-ary.js	strict	fail
test/language/statements/const/dstr/ary-ptrn-rest-init-id.js	sloppy	fail
test/language/statements/const/dstr/ary-ptrn-rest-init-id.js	strict	fail
test/language/statements/const/dstr/ary-ptrn-rest-init-obj.js	sloppy	fail
test/language/statements/const/dstr/ary-ptrn-rest-init-obj.js	strict	fail
test/language/statements/const/dstr/ary-ptrn-rest-not-final-ary.js	sloppy	pass
test/language/statements/const/dstr/ary-ptrn-rest-not-final-ary.js	strict	pass
test/language/statements/const/dstr/ary-ptrn-rest-not-final-id.js	sloppy	pass
test/language/statements/const/dstr/ary-ptrn-rest-not-final-id.js	strict	pass
test/language/statements/const/dstr/ary-ptrn-rest-not-final-obj.js	sloppy	pass
test/language/statements/const/dstr/ary-ptrn-rest-not-final-obj.js	strict	pass
test/language/statements/const/dstr/ary-ptrn-rest-obj-id.js	sloppy	pass
test/language/statements/const/dstr/ary-ptrn-rest-obj-id.js	strict	pass
test/language/statements/const/dstr/ary-ptrn-rest-obj-prop-id.js	sloppy	fail
test/language/statements/const/dstr/ary-ptrn-rest-obj-prop-id.js	strict	fail
test/language/statements/const/dstr/obj-init-null.js	sloppy	fail
test/language/statements/const/dstr/obj-init-null.js	strict	fail
test/language/statements/const/dstr/obj-init-undefined.js	sloppy	fail
test/language/statements/const/dstr/obj-init-undefined.js	strict	fail
test/language/statements/const/dstr/obj-ptrn-empty.js	sloppy	pass
test/language/statements/const/dstr/obj-ptrn-empty.js	strict	pass
test/language/statements/const/dstr/obj-ptrn-id-get-value-err.js	sloppy	fail
test/language/statements/const/dstr/obj-ptrn-id-get-value-err.js	strict	fail
test/language/statements/const/dstr/obj-ptrn-id-init-fn-name-arrow.js	sloppy	fail
test/language/statements/const/dstr/obj-ptrn-id-init-fn-name-arrow.js	strict	fail
test/language/statements/const/dstr/obj-ptrn-id-init-fn-name-class.js	sloppy	fail
test/language/statements/const/dstr/obj-ptrn-id-init-fn-name-class.js	strict	fail
test/language/statements/const/dstr/obj-ptrn-id-init-fn-name-cover.js	sloppy	fail
test/language/statements/const/dstr/obj-ptrn-id-init-fn-name-cover.js	strict	fail
test/language/statements/const/dstr/obj-ptrn-id-init-fn-name-fn.js	sloppy	fail
test/language/statements/const/dstr/obj-ptrn-id-init-fn-name-fn.js	strict	fail
test/language/statements/const/dstr/obj-ptrn-id-init-fn-name-gen.js	sloppy	fail
test/language/statements/const/dstr/obj-ptrn-id-init-fn-name-gen.js	strict	fail
test/language/statements/const/dstr/obj-ptrn-id-init-skipped.js	sloppy	pass
test/language/statements/const/dstr/obj-ptrn-id-init-skipped.js	strict	pass
test/language/statements/const/dstr/obj-ptrn-id-init-throws.js	sloppy	pass
test/language/statements/const/dstr/obj-ptrn-id-init-throws.js	strict	pass
test/language/statements/const/dstr/obj-ptrn-id-init-unresolvable.js	sloppy	fail
test/language/statements/const/dstr/obj-ptrn-id-init-unresolvable.js	strict	fail
test/language/statements/const/dstr/obj-ptrn-id-trailing-comma.js	sloppy	pass
test/language/statements/const/dstr/obj-ptrn-id-trailing-comma.js	strict	pass
test/language/statements/const/dstr/obj-ptrn-list-err.js	sloppy	pass
test/language/statements/const/dstr/obj-ptrn-list-err.js	strict	pass
test/language/statements/const/dstr/obj-ptrn-prop-ary-init.js	sloppy	fail
test/language/statements/const/dstr/obj-ptrn-prop-ary-init.js	strict	fail
test/language/statements/const/dstr/obj-ptrn-prop-ary-trailing-comma.js	sloppy	pass
test/language/statements/const/dstr/obj-ptrn-prop-ary-trailing-comma.js	strict	pass
test/language/statements/const/dstr/obj-ptrn-prop-ary-value-null.js	sloppy	fail
test/language/statements/const/dstr/obj-ptrn-prop-ary-value-null.js	strict	fail
test/language/statements/const/dstr/obj-ptrn-prop-ary.js	sloppy	fail
test/language/statements/const/dstr/obj-ptrn-prop-ary.js	strict	fail
test/language/statements/const/dstr/obj-ptrn-prop-eval-err.js	sloppy	pass
test/language/statements/const/dstr/obj-ptrn-prop-eval-err.js	strict	pass
test/language/statements/const/dstr/obj-ptrn-prop-id-get-value-err.js	sloppy	fail
test/language/statements/const/dstr/obj-ptrn-prop-id-get-value-err.js	strict	fail
test/language/statements/const/dstr/obj-ptrn-prop-id-init-skipped.js	sloppy	fail
test/language/statements/const/dstr/obj-ptrn-prop-id-init-skipped.js	strict	fail
test/language/statements/const/dstr/obj-ptrn-prop-id-init-throws.js	sloppy	pass
test/language/statements/const/dstr/obj-ptrn-prop-id-init-throws.js	strict	pass
test/language/statements/const/dstr/obj-ptrn-prop-id-init-unresolvable.js	sloppy	fail
test/language/statements/const/dstr/obj-ptrn-prop-id-init-unresolvable.js	strict	fail
test/language/statements/const/dstr/obj-ptrn-prop-id-init.js	sloppy	fail
test/language/statements/const/dstr/obj-ptrn-prop-id-init.js	strict	fail
test/language/statements/const/dstr/obj-ptrn-prop-id-trailing-comma.js	sloppy	fail
test/language/statements/const/dstr/obj-ptrn-prop-id-trailing-comma.js	strict	fail
test/language/statements/const/dstr/obj-ptrn-prop-id.js	sloppy	fail
test/language/statements/const/dstr/obj-ptrn-prop-id.js	strict	fail
test/language/statements/const/dstr/obj-ptrn-prop-obj-init.js	sloppy	fail
test/language/statements/const/dstr/obj-ptrn-prop-obj-init.js	strict	fail
test/language/statements/const/dstr/obj-ptrn-prop-obj-value-null.js	sloppy	fail
test/language/statements/const/dstr/obj-ptrn-prop-obj-value-null.js	strict	fail
test/language/statements/const/dstr/obj-ptrn-prop-obj-value-undef.js	sloppy	fail
test/language/statements/const/dstr/obj-ptrn-prop-obj-value-undef.js	strict	fail
test/language/statements/const/dstr/obj-ptrn-prop-obj.js	sloppy	fail
test/language/statements/const/dstr/obj-ptrn-prop-obj.js	strict	fail
test/language/statements/const/dstr/obj-ptrn-rest-getter.js	sloppy	fail
test/language/statements/const/dstr/obj-ptrn-rest-getter.js	strict	fail
test/language/statements/const/dstr/obj-ptrn-rest-skip-non-enumerable.js	sloppy	fail
test/language/statements/const/dstr/obj-ptrn-rest-skip-non-enumerable.js	strict	fail
test/language/statements/const/dstr/obj-ptrn-rest-val-obj.js	sloppy	fail
test/language/statements/const/dstr/obj-ptrn-rest-val-obj.js	strict	fail
test/language/statements/const/fn-name-arrow.js	sloppy	fail
test/language/statements/const/fn-name-arrow.js	strict	fail
test/language/statements/const/fn-name-class.js	sloppy	fail
test/language/statements/const/fn-name-class.js	strict	fail
test/language/statements/const/fn-name-cover.js	sloppy	fail
test/language/statements/const/fn-name-cover.js	strict	fail
test/language/statements/const/fn-name-fn.js	sloppy	fail
test/language/statements/const/fn-name-fn.js	strict	fail
test/language/statements/const/fn-name-gen.js	sloppy	fail
test/language/statements/const/fn-name-gen.js	strict	fail
test/language/statements/const/function-local-closure-get-before-initialization.js	sloppy	fail
test/language/statements/const/function-local-closure-get-before-initialization.js	strict	fail
test/language/statements/const/function-local-use-before-initialization-in-declaration-statement.js	sloppy	fail
test/language/statements/const/function-local-use-before-initialization-in-declaration-statement.js	strict	fail
test/language/statements/const/function-local-use-before-initialization-in-prior-statement.js	sloppy	fail
test/language/statements/const/function-local-use-before-initialization-in-prior-statement.js	strict	fail
test/language/statements/const/global-closure-get-before-initialization.js	sloppy	fail
test/language/statements/const/global-closure-get-before-initialization.js	strict	fail
test/language/statements/const/global-use-before-initialization-in-declaration-statement.js	sloppy	pass
test/language/statements/const/global-use-before-initialization-in-declaration-statement.js	strict	pass
test/language/statements/const/global-use-before-initialization-in-prior-statement.js	sloppy	pass
test/language/statements/const/global-use-before-initialization-in-prior-statement.js	strict	pass
test/language/statements/const/redeclaration-error-from-within-strict-mode-function-const.js	sloppy	fail
test/language/statements/const/static-init-await-binding-invalid.js	sloppy	fail
test/language/statements/const/static-init-await-binding-invalid.js	strict	fail
test/language/statements/const/static-init-await-binding-valid.js	sloppy	pass
test/language/statements/const/static-init-await-binding-valid.js	strict	pass
test/language/statements/const/syntax/block-scope-syntax-const-declarations-mixed-with-without-initialiser.js	sloppy	fail
test/language/statements/const/syntax/block-scope-syntax-const-declarations-mixed-with-without-initialiser.js	strict	fail
test/language/statements/const/syntax/block-scope-syntax-const-declarations-mixed-without-with-initialiser.js	sloppy	fail
test/language/statements/const/syntax/block-scope-syntax-const-declarations-mixed-without-with-initialiser.js	strict	fail
test/language/statements/const/syntax/block-scope-syntax-const-declarations-without-initialiser.js	sloppy	fail
test/language/statements/const/syntax/block-scope-syntax-const-declarations-without-initialiser.js	strict	fail
test/language/statements/const/syntax/const-declaring-let-split-across-two-lines.js	sloppy	fail
test/language/statements/const/syntax/const-declaring-let-split-across-two-lines.js	strict	pass
test/language/statements/const/syntax/const-invalid-assignment-next-expression-for.js	sloppy	fail
test/language/statements/const/syntax/const-invalid-assignment-next-expression-for.js	strict	fail
test/language/statements/const/syntax/const-invalid-assignment-statement-body-for-in.js	sloppy	fail
test/language/statements/const/syntax/const-invalid-assignment-statement-body-for-in.js	strict	fail
test/language/statements/const/syntax/const-invalid-assignment-statement-body-for-of.js	sloppy	fail
test/language/statements/const/syntax/const-invalid-assignment-statement-body-for-of.js	strict	fail
test/language/statements/const/syntax/const-outer-inner-let-bindings.js	sloppy	fail
test/language/statements/const/syntax/const-outer-inner-let-bindings.js	strict	fail
test/language/statements/const/syntax/const.js	sloppy	fail
test/language/statements/const/syntax/const.js	strict	fail
test/language/statements/const/syntax/with-initializer-case-expression-statement-list.js	sloppy	pass
test/language/statements/const/syntax/with-initializer-case-expression-statement-list.js	strict	pass
test/language/statements/const/syntax/with-initializer-default-statement-list.js	sloppy	pass
test/language/statements/const/syntax/with-initializer-default-statement-list.js	strict	pass
test/language/statements/const/syntax/with-initializer-do-statement-while-expression.js	sloppy	pass
test/language/statements/const/syntax/with-initializer-do-statement-while-expression.js	strict	pass
test/language/statements/const/syntax/with-initializer-for-statement.js	sloppy	pass
test/language/statements/const/syntax/with-initializer-for-statement.js	strict	pass
test/language/statements/const/syntax/with-initializer-if-expression-statement-else-statement.js	sloppy	pass
test/language/statements/const/syntax/with-initializer-if-expression-statement-else-statement.js	strict	pass
test/language/statements/const/syntax/with-initializer-if-expression-statement.js	sloppy	pass
test/language/statements/const/syntax/with-initializer-if-expression-statement.js	strict	pass
test/language/statements/const/syntax/with-initializer-label-statement.js	sloppy	pass
test/language/statements/const/syntax/with-initializer-label-statement.js	strict	pass
test/language/statements/const/syntax/with-initializer-while-expression-statement.js	sloppy	pass
test/language/statements/const/syntax/with-initializer-while-expression-statement.js	strict	pass
test/language/statements/const/syntax/without-initializer-case-expression-statement-list.js	sloppy	fail
test/language/statements/const/syntax/without-initializer-case-expression-statement-list.js	strict	fail
test/language/statements/const/syntax/without-initializer-default-statement-list.js	sloppy	fail
test/language/statements/const/syntax/without-initializer-default-statement-list.js	strict	fail
test/language/statements/const/syntax/without-initializer-do-statement-while-expression.js	sloppy	pass
test/language/statements/const/syntax/without-initializer-do-statement-while-expression.js	strict	pass
test/language/statements/const/syntax/without-initializer-for-statement.js	sloppy	pass
test/language/statements/const/syntax/without-initializer-for-statement.js	strict	pass
test/language/statements/const/syntax/without-initializer-if-expression-statement-else-statement.js	sloppy	pass
test/language/statements/const/syntax/without-initializer-if-expression-statement-else-statement.js	strict	pass
test/language/statements/const/syntax/without-initializer-if-expression-statement.js	sloppy	pass
test/language/statements/const/syntax/without-initializer-if-expression-statement.js	strict	pass
test/language/statements/const/syntax/without-initializer-label-statement.js	sloppy	pass
test/language/statements/const/syntax/without-initializer-label-statement.js	strict	pass
test/language/statements/const/syntax/without-initializer-while-expression-statement.js	sloppy	pass
test/language/statements/const/syntax/without-initializer-while-expression-statement.js	strict	pass
