test/built-ins/Symbol/asyncDispose/cross-realm.js	sloppy	fail
test/built-ins/Symbol/asyncDispose/cross-realm.js	strict	fail
test/built-ins/Symbol/asyncDispose/no-key.js	sloppy	fail
test/built-ins/Symbol/asyncDispose/no-key.js	strict	fail
test/built-ins/Symbol/asyncDispose/prop-desc.js	sloppy	fail
test/built-ins/Symbol/asyncDispose/prop-desc.js	strict	fail
test/built-ins/Symbol/asyncIterator/cross-realm.js	sloppy	fail
test/built-ins/Symbol/asyncIterator/cross-realm.js	strict	fail
test/built-ins/Symbol/asyncIterator/prop-desc.js	sloppy	fail
test/built-ins/Symbol/asyncIterator/prop-desc.js	strict	fail
test/built-ins/Symbol/auto-boxing-non-strict.js	sloppy	fail
test/built-ins/Symbol/auto-boxing-strict.js	strict	fail
test/built-ins/Symbol/constructor.js	sloppy	fail
test/built-ins/Symbol/constructor.js	strict	fail
test/built-ins/Symbol/desc-to-string-symbol.js	sloppy	fail
test/built-ins/Symbol/desc-to-string-symbol.js	strict	fail
test/built-ins/Symbol/desc-to-string.js	sloppy	fail
test/built-ins/Symbol/desc-to-string.js	strict	fail
test/built-ins/Symbol/dispose/cross-realm.js	sloppy	fail
test/built-ins/Symbol/dispose/cross-realm.js	strict	fail
test/built-ins/Symbol/dispose/no-key.js	sloppy	fail
test/built-ins/Symbol/dispose/no-key.js	strict	fail
test/built-ins/Symbol/dispose/prop-desc.js	sloppy	fail
test/built-ins/Symbol/dispose/prop-desc.js	strict	fail
test/built-ins/Symbol/for/create-value.js	sloppy	fail
test/built-ins/Symbol/for/create-value.js	strict	fail
test/built-ins/Symbol/for/cross-realm.js	sloppy	fail
test/built-ins/Symbol/for/cross-realm.js	strict	fail
test/built-ins/Symbol/for/description.js	sloppy	fail
test/built-ins/Symbol/for/description.js	strict	fail
test/built-ins/Symbol/for/length.js	sloppy	fail
test/built-ins/Symbol/for/length.js	strict	fail
test/built-ins/Symbol/for/name.js	sloppy	fail
test/built-ins/Symbol/for/name.js	strict	fail
test/built-ins/Symbol/for/not-a-constructor.js	sloppy	fail
test/built-ins/Symbol/for/not-a-constructor.js	strict	fail
test/built-ins/Symbol/for/prop-desc.js	sloppy	fail
test/built-ins/Symbol/for/prop-desc.js	strict	fail
test/built-ins/Symbol/for/retrieve-value.js	sloppy	fail
test/built-ins/Symbol/for/retrieve-value.js	strict	fail
test/built-ins/Symbol/for/to-string-err.js	sloppy	fail
test/built-ins/Symbol/for/to-string-err.js	strict	fail
test/built-ins/Symbol/hasInstance/cross-realm.js	sloppy	fail
test/built-ins/Symbol/hasInstance/cross-realm.js	strict	fail
test/built-ins/Symbol/hasInstance/prop-desc.js	sloppy	fail
test/built-ins/Symbol/hasInstance/prop-desc.js	strict	fail
test/built-ins/Symbol/invoked-with-new.js	sloppy	fail
test/built-ins/Symbol/invoked-with-new.js	strict	fail
test/built-ins/Symbol/is-constructor.js	sloppy	fail
test/built-ins/Symbol/is-constructor.js	strict	fail
test/built-ins/Symbol/isConcatSpreadable/cross-realm.js	sloppy	fail
test/built-ins/Symbol/isConcatSpreadable/cross-realm.js	strict	fail
test/built-ins/Symbol/isConcatSpreadable/prop-desc.js	sloppy	fail
test/built-ins/Symbol/isConcatSpreadable/prop-desc.js	strict	fail
test/built-ins/Symbol/iterator/cross-realm.js	sloppy	fail
test/built-ins/Symbol/iterator/cross-realm.js	strict	fail
test/built-ins/Symbol/iterator/prop-desc.js	sloppy	fail
test/built-ins/Symbol/iterator/prop-desc.js	strict	fail
test/built-ins/Symbol/keyFor/arg-non-symbol.js	sloppy	fail
test/built-ins/Symbol/keyFor/arg-non-symbol.js	strict	fail
test/built-ins/Symbol/keyFor/arg-symbol-registry-hit.js	sloppy	fail
test/built-ins/Symbol/keyFor/arg-symbol-registry-hit.js	strict	fail
test/built-ins/Symbol/keyFor/arg-symbol-registry-miss.js	sloppy	fail
test/built-ins/Symbol/keyFor/arg-symbol-registry-miss.js	strict	fail
test/built-ins/Symbol/keyFor/cross-realm.js	sloppy	fail
test/built-ins/Symbol/keyFor/cross-realm.js	strict	fail
test/built-ins/Symbol/keyFor/length.js	sloppy	fail
test/built-ins/Symbol/keyFor/length.js	strict	fail
test/built-ins/Symbol/keyFor/name.js	sloppy	fail
test/built-ins/Symbol/keyFor/name.js	strict	fail
test/built-ins/Symbol/keyFor/not-a-constructor.js	sloppy	fail
test/built-ins/Symbol/keyFor/not-a-constructor.js	strict	fail
test/built-ins/Symbol/keyFor/prop-desc.js	sloppy	fail
test/built-ins/Symbol/keyFor/prop-desc.js	strict	fail
test/built-ins/Symbol/length.js	sloppy	fail
test/built-ins/Symbol/length.js	strict	fail
test/built-ins/Symbol/match/cross-realm.js	sloppy	fail
test/built-ins/Symbol/match/cross-realm.js	strict	fail
test/built-ins/Symbol/match/prop-desc.js	sloppy	fail
test/built-ins/Symbol/match/prop-desc.js	strict	fail
test/built-ins/Symbol/matchAll/cross-realm.js	sloppy	fail
test/built-ins/Symbol/matchAll/cross-realm.js	strict	fail
test/built-ins/Symbol/matchAll/prop-desc.js	sloppy	fail
test/built-ins/Symbol/matchAll/prop-desc.js	strict	fail
test/built-ins/Symbol/name.js	sloppy	fail
test/built-ins/Symbol/name.js	strict	fail
test/built-ins/Symbol/not-callable.js	sloppy	fail
test/built-ins/Symbol/not-callable.js	strict	fail
test/built-ins/Symbol/prototype/Symbol.toPrimitive/length.js	sloppy	fail
test/built-ins/Symbol/prototype/Symbol.toPrimitive/length.js	strict	fail
test/built-ins/Symbol/prototype/Symbol.toPrimitive/name.js	sloppy	fail
test/built-ins/Symbol/prototype/Symbol.toPrimitive/name.js	strict	fail
test/built-ins/Symbol/prototype/Symbol.toPrimitive/prop-desc.js	sloppy	fail
test/built-ins/Symbol/prototype/Symbol.toPrimitive/prop-desc.js	strict	fail
test/built-ins/Symbol/prototype/Symbol.toPrimitive/redefined-symbol-wrapper-ordinary-toprimitive.js	sloppy	fail
test/built-ins/Symbol/prototype/Symbol.toPrimitive/redefined-symbol-wrapper-ordinary-toprimitive.js	strict	fail
test/built-ins/Symbol/prototype/Symbol.toPrimitive/removed-symbol-wrapper-ordinary-toprimitive.js	sloppy	fail
test/built-ins/Symbol/prototype/Symbol.toPrimitive/removed-symbol-wrapper-ordinary-toprimitive.js	strict	fail
test/built-ins/Symbol/prototype/Symbol.toPrimitive/this-val-non-obj.js	sloppy	fail
test/built-ins/Symbol/prototype/Symbol.toPrimitive/this-val-non-obj.js	strict	fail
test/built-ins/Symbol/prototype/Symbol.toPrimitive/this-val-obj-non-symbol-wrapper.js	sloppy	fail
test/built-ins/Symbol/prototype/Symbol.toPrimitive/this-val-obj-non-symbol-wrapper.js	strict	fail
test/built-ins/Symbol/prototype/Symbol.toPrimitive/this-val-obj-symbol-wrapper.js	sloppy	fail
test/built-ins/Symbol/prototype/Symbol.toPrimitive/this-val-obj-symbol-wrapper.js	strict	fail
test/built-ins/Symbol/prototype/Symbol.toPrimitive/this-val-symbol.js	sloppy	fail
test/built-ins/Symbol/prototype/Symbol.toPrimitive/this-val-symbol.js	strict	fail
test/built-ins/Symbol/prototype/Symbol.toStringTag.js	sloppy	fail
test/built-ins/Symbol/prototype/Symbol.toStringTag.js	strict	fail
test/built-ins/Symbol/prototype/constructor.js	sloppy	fail
test/built-ins/Symbol/prototype/constructor.js	strict	fail
test/built-ins/Symbol/prototype/description/description-symboldescriptivestring.js	sloppy	fail
test/built-ins/Symbol/prototype/description/description-symboldescriptivestring.js	strict	fail
test/built-ins/Symbol/prototype/description/descriptor.js	sloppy	fail
test/built-ins/Symbol/prototype/description/descriptor.js	strict	fail
test/built-ins/Symbol/prototype/description/get.js	sloppy	fail
test/built-ins/Symbol/prototype/description/get.js	strict	fail
test/built-ins/Symbol/prototype/description/is-not-own-property.js	sloppy	fail
test/built-ins/Symbol/prototype/description/is-not-own-property.js	strict	fail
test/built-ins/Symbol/prototype/description/this-val-non-symbol.js	sloppy	fail
test/built-ins/Symbol/prototype/description/this-val-non-symbol.js	strict	fail
test/built-ins/Symbol/prototype/description/this-val-symbol.js	sloppy	fail
test/built-ins/Symbol/prototype/description/this-val-symbol.js	strict	fail
test/built-ins/Symbol/prototype/description/wrapper.js	sloppy	fail
test/built-ins/Symbol/prototype/description/wrapper.js	strict	fail
test/built-ins/Symbol/prototype/intrinsic.js	sloppy	fail
test/built-ins/Symbol/prototype/intrinsic.js	strict	fail
test/built-ins/Symbol/prototype/toString/length.js	sloppy	fail
test/built-ins/Symbol/prototype/toString/length.js	strict	fail
test/built-ins/Symbol/prototype/toString/name.js	sloppy	fail
test/built-ins/Symbol/prototype/toString/name.js	strict	fail
test/built-ins/Symbol/prototype/toString/not-a-constructor.js	sloppy	fail
test/built-ins/Symbol/prototype/toString/not-a-constructor.js	strict	fail
test/built-ins/Symbol/prototype/toString/prop-desc.js	sloppy	fail
test/built-ins/Symbol/prototype/toString/prop-desc.js	strict	fail
test/built-ins/Symbol/prototype/toString/toString-default-attributes-non-strict.js	sloppy	fail
test/built-ins/Symbol/prototype/toString/toString-default-attributes-strict.js	strict	fail
test/built-ins/Symbol/prototype/toString/toString.js	sloppy	fail
test/built-ins/Symbol/prototype/toString/toString.js	strict	fail
test/built-ins/Symbol/prototype/toString/undefined.js	sloppy	fail
test/built-ins/Symbol/prototype/toString/undefined.js	strict	fail
test/built-ins/Symbol/prototype/valueOf/length.js	sloppy	fail
test/built-ins/Symbol/prototype/valueOf/length.js	strict	fail
test/built-ins/Symbol/prototype/valueOf/name.js	sloppy	fail
test/built-ins/Symbol/prototype/valueOf/name.js	strict	fail
test/built-ins/Symbol/prototype/valueOf/not-a-constructor.js	sloppy	fail
test/built-ins/Symbol/prototype/valueOf/not-a-constructor.js	strict	fail
test/built-ins/Symbol/prototype/valueOf/prop-desc.js	sloppy	fail
test/built-ins/Symbol/prototype/valueOf/prop-desc.js	strict	fail
test/built-ins/Symbol/prototype/valueOf/this-val-non-obj.js	sloppy	fail
test/built-ins/Symbol/prototype/valueOf/this-val-non-obj.js	strict	fail
test/built-ins/Symbol/prototype/valueOf/this-val-obj-non-symbol.js	sloppy	fail
test/built-ins/Symbol/prototype/valueOf/this-val-obj-non-symbol.js	strict	fail
test/built-ins/Symbol/prototype/valueOf/this-val-obj-symbol.js	sloppy	fail
test/built-ins/Symbol/prototype/valueOf/this-val-obj-symbol.js	strict	fail
test/built-ins/Symbol/prototype/valueOf/this-val-symbol.js	sloppy	fail
test/built-ins/Symbol/prototype/valueOf/this-val-symbol.js	strict	fail
test/built-ins/Symbol/replace/cross-realm.js	sloppy	fail
test/built-ins/Symbol/replace/cross-realm.js	strict	fail
test/built-ins/Symbol/replace/prop-desc.js	sloppy	fail
test/built-ins/Symbol/replace/prop-desc.js	strict	fail
test/built-ins/Symbol/search/cross-realm.js	sloppy	fail
test/built-ins/Symbol/search/cross-realm.js	strict	fail
test/built-ins/Symbol/search/prop-desc.js	sloppy	fail
test/built-ins/Symbol/search/prop-desc.js	strict	fail
test/built-ins/Symbol/species/basic.js	sloppy	fail
test/built-ins/Symbol/species/basic.js	strict	fail
test/built-ins/Symbol/species/builtin-getter-name.js	sloppy	fail
test/built-ins/Symbol/species/builtin-getter-name.js	strict	fail
test/built-ins/Symbol/species/cross-realm.js	sloppy	fail
test/built-ins/Symbol/species/cross-realm.js	strict	fail
test/built-ins/Symbol/species/subclassing.js	sloppy	fail
test/built-ins/Symbol/species/subclassing.js	strict	fail
test/built-ins/Symbol/split/cross-realm.js	sloppy	fail
test/built-ins/Symbol/split/cross-realm.js	strict	fail
test/built-ins/Symbol/split/prop-desc.js	sloppy	fail
test/built-ins/Symbol/split/prop-desc.js	strict	fail
test/built-ins/Symbol/symbol.js	sloppy	fail
test/built-ins/Symbol/symbol.js	strict	fail
test/built-ins/Symbol/toPrimitive/cross-realm.js	sloppy	fail
test/built-ins/Symbol/toPrimitive/cross-realm.js	strict	fail
test/built-ins/Symbol/toPrimitive/prop-desc.js	sloppy	fail
test/built-ins/Symbol/toPrimitive/prop-desc.js	strict	fail
test/built-ins/Symbol/toStringTag/cross-realm.js	sloppy	fail
test/built-ins/Symbol/toStringTag/cross-realm.js	strict	fail
test/built-ins/Symbol/toStringTag/prop-desc.js	sloppy	fail
test/built-ins/Symbol/toStringTag/prop-desc.js	strict	fail
test/built-ins/Symbol/uniqueness.js	sloppy	pass
test/built-ins/Symbol/uniqueness.js	strict	pass
test/built-ins/Symbol/unscopables/cross-realm.js	sloppy	fail
test/built-ins/Symbol/unscopables/cross-realm.js	strict	fail
test/built-ins/Symbol/unscopables/prop-desc.js	sloppy	fail
test/built-ins/Symbol/unscopables/prop-desc.js	strict	fail
