test/language/expressions/postfix-increment/11.3.1-2-1gs.js	strict	fail
test/language/expressions/postfix-increment/11.3.1-2-3.js	sloppy	fail
test/language/expressions/postfix-increment/11.3.1-2-3.js	strict	fail
test/language/expressions/postfix-increment/S11.3.1_A2.1_T1.js	sloppy	fail
test/language/expressions/postfix-increment/S11.3.1_A2.1_T1.js	strict	fail
test/language/expressions/postfix-increment/S11.3.1_A2.1_T2.js	sloppy	fail
test/language/expressions/postfix-increment/S11.3.1_A2.1_T2.js	strict	fail
test/language/expressions/postfix-increment/S11.3.1_A2.2_T1.js	sloppy	fail
test/language/expressions/postfix-increment/S11.3.1_A2.2_T1.js	strict	fail
test/language/expressions/postfix-increment/S11.3.1_A3_T1.js	sloppy	fail
test/language/expressions/postfix-increment/S11.3.1_A3_T1.js	strict	fail
test/language/expressions/postfix-increment/S11.3.1_A3_T2.js	sloppy	fail
test/language/expressions/postfix-increment/S11.3.1_A3_T2.js	strict	fail
test/language/expressions/postfix-increment/S11.3.1_A3_T3.js	sloppy	fail
test/language/expressions/postfix-increment/S11.3.1_A3_T3.js	strict	fail
test/language/expressions/postfix-increment/S11.3.1_A3_T4.js	sloppy	pass
test/language/expressions/postfix-increment/S11.3.1_A3_T4.js	strict	pass
test/language/expressions/postfix-increment/S11.3.1_A3_T5.js	sloppy	pass
test/language/expressions/postfix-increment/S11.3.1_A3_T5.js	strict	pass
test/language/expressions/postfix-increment/S11.3.1_A4_T1.js	sloppy	fail
test/language/expressions/postfix-increment/S11.3.1_A4_T1.js	strict	fail
test/language/expressions/postfix-increment/S11.3.1_A4_T2.js	sloppy	fail
test/language/expressions/postfix-increment/S11.3.1_A4_T2.js	strict	fail
test/language/expressions/postfix-increment/S11.3.1_A4_T3.js	sloppy	fail
test/language/expressions/postfix-increment/S11.3.1_A4_T3.js	strict	fail
test/language/expressions/postfix-increment/S11.3.1_A4_T4.js	sloppy	fail
test/language/expressions/postfix-increment/S11.3.1_A4_T4.js	strict	fail
test/language/expressions/postfix-increment/S11.3.1_A4_T5.js	sloppy	pass
test/language/expressions/postfix-increment/S11.3.1_A4_T5.js	strict	pass
test/language/expressions/postfix-increment/S11.3.1_A5_T1.js	sloppy	fail
test/language/expressions/postfix-increment/S11.3.1_A5_T2.js	sloppy	fail
test/language/expressions/postfix-increment/S11.3.1_A5_T3.js	sloppy	fail
test/language/expressions/postfix-increment/S11.3.1_A6_T1.js	sloppy	fail
test/language/expressions/postfix-increment/S11.3.1_A6_T1.js	strict	fail
test/language/expressions/postfix-increment/S11.3.1_A6_T2.js	sloppy	fail
test/language/expressions/postfix-increment/S11.3.1_A6_T2.js	strict	fail
test/language/expressions/postfix-increment/S11.3.1_A6_T3.js	sloppy	fail
test/language/expressions/postfix-increment/S11.3.1_A6_T3.js	strict	fail
test/language/expressions/postfix-increment/arguments-nostrict.js	sloppy	pass
test/language/expressions/postfix-increment/arguments.js	strict	fail
test/language/expressions/postfix-increment/bigint.js	sloppy	fail
test/language/expressions/postfix-increment/bigint.js	strict	fail
test/language/expressions/postfix-increment/eval-nostrict.js	sloppy	fail
test/language/expressions/postfix-increment/eval.js	strict	fail
test/language/expressions/postfix-increment/line-terminator-carriage-return.js	sloppy	pass
test/language/expressions/postfix-increment/line-terminator-carriage-return.js	strict	pass
test/language/expressions/postfix-increment/line-terminator-line-feed.js	sloppy	pass
test/language/expressions/postfix-increment/line-terminator-line-feed.js	strict	pass
test/language/expressions/postfix-increment/line-terminator-line-separator.js	sloppy	pass
test/language/expressions/postfix-increment/line-terminator-line-separator.js	strict	pass
test/language/expressions/postfix-increment/line-terminator-paragraph-separator.js	sloppy	pass
test/language/expressions/postfix-increment/line-terminator-paragraph-separator.js	strict	pass
test/language/expressions/postfix-increment/operator-x-postfix-increment-calls-putvalue-lhs-newvalue--1.js	sloppy	fail
test/language/expressions/postfix-increment/operator-x-postfix-increment-calls-putvalue-lhs-newvalue-.js	sloppy	fail
test/language/expressions/postfix-increment/target-cover-id.js	sloppy	pass
test/language/expressions/postfix-increment/target-cover-id.js	strict	pass
test/language/expressions/postfix-increment/target-cover-newtarget.js	sloppy	pass
test/language/expressions/postfix-increment/target-cover-newtarget.js	strict	pass
test/language/expressions/postfix-increment/target-cover-yieldexpr.js	sloppy	pass
test/language/expressions/postfix-increment/target-cover-yieldexpr.js	strict	pass
test/language/expressions/postfix-increment/target-newtarget.js	sloppy	pass
test/language/expressions/postfix-increment/target-newtarget.js	strict	pass
test/language/expressions/postfix-increment/this.js	sloppy	pass
test/language/expressions/postfix-increment/this.js	strict	pass
test/language/expressions/postfix-increment/whitespace.js	sloppy	pass
test/language/expressions/postfix-increment/whitespace.js	strict	pass
