test/language/expressions/logical-not/S11.4.9_A1.js	sloppy	fail
test/language/expressions/logical-not/S11.4.9_A1.js	strict	fail
test/language/expressions/logical-not/S11.4.9_A2.1_T1.js	sloppy	fail
test/language/expressions/logical-not/S11.4.9_A2.1_T1.js	strict	fail
test/language/expressions/logical-not/S11.4.9_A2.1_T2.js	sloppy	fail
test/language/expressions/logical-not/S11.4.9_A2.1_T2.js	strict	fail
test/language/expressions/logical-not/S11.4.9_A2.2_T1.js	sloppy	pass
test/language/expressions/logical-not/S11.4.9_A2.2_T1.js	strict	pass
test/language/expressions/logical-not/S11.4.9_A3_T1.js	sloppy	fail
test/language/expressions/logical-not/S11.4.9_A3_T1.js	strict	fail
test/language/expressions/logical-not/S11.4.9_A3_T2.js	sloppy	fail
test/language/expressions/logical-not/S11.4.9_A3_T2.js	strict	fail
test/language/expressions/logical-not/S11.4.9_A3_T3.js	sloppy	fail
test/language/expressions/logical-not/S11.4.9_A3_T3.js	strict	fail
test/language/expressions/logical-not/S11.4.9_A3_T4.js	sloppy	pass
test/language/expressions/logical-not/S11.4.9_A3_T4.js	strict	pass
test/language/expressions/logical-not/S11.4.9_A3_T5.js	sloppy	pass
test/language/expressions/logical-not/S11.4.9_A3_T5.js	strict	pass
test/language/expressions/logical-not/S9.2_A1_T2.js	sloppy	fail
test/language/expressions/logical-not/S9.2_A1_T2.js	strict	fail
test/language/expressions/logical-not/S9.2_A2_T2.js	sloppy	pass
test/language/expressions/logical-not/S9.2_A2_T2.js	strict	pass
test/language/expressions/logical-not/S9.2_A3_T2.js	sloppy	pass
test/language/expressions/logical-not/S9.2_A3_T2.js	strict	pass
test/language/expressions/logical-not/S9.2_A4_T2.js	sloppy	pass
test/language/expressions/logical-not/S9.2_A4_T2.js	strict	pass
test/language/expressions/logical-not/S9.2_A4_T4.js	sloppy	pass
test/language/expressions/logical-not/S9.2_A4_T4.js	strict	pass
test/language/expressions/logical-not/S9.2_A5_T2.js	sloppy	pass
test/language/expressions/logical-not/S9.2_A5_T2.js	strict	pass
test/language/expressions/logical-not/S9.2_A5_T4.js	sloppy	pass
test/language/expressions/logical-not/S9.2_A5_T4.js	strict	pass
test/language/expressions/logical-not/S9.2_A6_T2.js	sloppy	fail
test/language/expressions/logical-not/S9.2_A6_T2.js	strict	fail
test/language/expressions/logical-not/bigint.js	sloppy	fail
test/language/expressions/logical-not/bigint.js	strict	fail
test/language/expressions/logical-not/symbol-logical-not-evaluation.js	sloppy	fail
test/language/expressions/logical-not/symbol-logical-not-evaluation.js	strict	fail
