test/built-ins/Reflect/has/has.js	sloppy	fail
test/built-ins/Reflect/has/has.js	strict	fail
test/built-ins/Reflect/has/length.js	sloppy	fail
test/built-ins/Reflect/has/length.js	strict	fail
test/built-ins/Reflect/has/name.js	sloppy	fail
test/built-ins/Reflect/has/name.js	strict	fail
test/built-ins/Reflect/has/not-a-constructor.js	sloppy	fail
test/built-ins/Reflect/has/not-a-constructor.js	strict	fail
test/built-ins/Reflect/has/return-abrupt-from-property-key.js	sloppy	fail
test/built-ins/Reflect/has/return-abrupt-from-property-key.js	strict	fail
test/built-ins/Reflect/has/return-abrupt-from-result.js	sloppy	fail
test/built-ins/Reflect/has/return-abrupt-from-result.js	strict	fail
test/built-ins/Reflect/has/return-boolean.js	sloppy	pass
test/built-ins/Reflect/has/return-boolean.js	strict	pass
test/built-ins/Reflect/has/symbol-property.js	sloppy	fail
test/built-ins/Reflect/has/symbol-property.js	strict	fail
test/built-ins/Reflect/has/target-is-not-object-throws.js	sloppy	fail
test/built-ins/Reflect/has/target-is-not-object-throws.js	strict	fail
test/built-ins/Reflect/has/target-is-symbol-throws.js	sloppy	fail
test/built-ins/Reflect/has/target-is-symbol-throws.js	strict	fail
