test/language/statements/throw/S12.13_A1.js	sloppy	pass
test/language/statements/throw/S12.13_A1.js	strict	pass
test/language/statements/throw/S12.13_A2_T1.js	sloppy	pass
test/language/statements/throw/S12.13_A2_T1.js	strict	pass
test/language/statements/throw/S12.13_A2_T2.js	sloppy	pass
test/language/statements/throw/S12.13_A2_T2.js	strict	pass
test/language/statements/throw/S12.13_A2_T3.js	sloppy	pass
test/language/statements/throw/S12.13_A2_T3.js	strict	pass
test/language/statements/throw/S12.13_A2_T4.js	sloppy	pass
test/language/statements/throw/S12.13_A2_T4.js	strict	pass
test/language/statements/throw/S12.13_A2_T5.js	sloppy	pass
test/language/statements/throw/S12.13_A2_T5.js	strict	pass
test/language/statements/throw/S12.13_A2_T6.js	sloppy	pass
test/language/statements/throw/S12.13_A2_T6.js	strict	pass
test/language/statements/throw/S12.13_A2_T7.js	sloppy	fail
test/language/statements/throw/S12.13_A2_T7.js	strict	fail
test/language/statements/throw/S12.13_A3_T1.js	sloppy	pass
test/language/statements/throw/S12.13_A3_T1.js	strict	pass
test/language/statements/throw/S12.13_A3_T2.js	sloppy	pass
test/language/statements/throw/S12.13_A3_T2.js	strict	pass
test/language/statements/throw/S12.13_A3_T3.js	sloppy	pass
test/language/statements/throw/S12.13_A3_T3.js	strict	pass
test/language/statements/throw/S12.13_A3_T4.js	sloppy	fail
test/language/statements/throw/S12.13_A3_T4.js	strict	fail
test/language/statements/throw/S12.13_A3_T5.js	sloppy	pass
test/language/statements/throw/S12.13_A3_T5.js	strict	pass
test/language/statements/throw/S12.13_A3_T6.js	sloppy	pass
test/language/statements/throw/S12.13_A3_T6.js	strict	pass
