test/built-ins/GeneratorPrototype/next/consecutive-yields.js	sloppy	pass
test/built-ins/GeneratorPrototype/next/consecutive-yields.js	strict	pass
test/built-ins/GeneratorPrototype/next/context-method-invocation.js	sloppy	pass
test/built-ins/GeneratorPrototype/next/context-method-invocation.js	strict	pass
test/built-ins/GeneratorPrototype/next/from-state-executing.js	sloppy	fail
test/built-ins/GeneratorPrototype/next/from-state-executing.js	strict	fail
test/built-ins/GeneratorPrototype/next/length.js	sloppy	fail
test/built-ins/GeneratorPrototype/next/length.js	strict	fail
test/built-ins/GeneratorPrototype/next/lone-return.js	sloppy	pass
test/built-ins/GeneratorPrototype/next/lone-return.js	strict	pass
test/built-ins/GeneratorPrototype/next/lone-yield.js	sloppy	pass
test/built-ins/GeneratorPrototype/next/lone-yield.js	strict	pass
test/built-ins/GeneratorPrototype/next/name.js	sloppy	fail
test/built-ins/GeneratorPrototype/next/name.js	strict	fail
test/built-ins/GeneratorPrototype/next/no-control-flow.js	sloppy	pass
test/built-ins/GeneratorPrototype/next/no-control-flow.js	strict	pass
test/built-ins/GeneratorPrototype/next/not-a-constructor.js	sloppy	fail
test/built-ins/GeneratorPrototype/next/not-a-constructor.js	strict	fail
test/built-ins/GeneratorPrototype/next/property-descriptor.js	sloppy	fail
test/built-ins/GeneratorPrototype/next/property-descriptor.js	strict	fail
test/built-ins/GeneratorPrototype/next/result-prototype.js	sloppy	fail
test/built-ins/GeneratorPrototype/next/result-prototype.js	strict	fail
test/built-ins/GeneratorPrototype/next/return-yield-expr.js	sloppy	pass
test/built-ins/GeneratorPrototype/next/return-yield-expr.js	strict	pass
test/built-ins/GeneratorPrototype/next/this-val-not-generator.js	sloppy	fail
test/built-ins/GeneratorPrototype/next/this-val-not-generator.js	strict	fail
test/built-ins/GeneratorPrototype/next/this-val-not-object.js	sloppy	fail
test/built-ins/GeneratorPrototype/next/this-val-not-object.js	strict	fail
