test/built-ins/Reflect/Symbol.toStringTag.js	sloppy	fail
test/built-ins/Reflect/Symbol.toStringTag.js	strict	fail
test/built-ins/Reflect/apply/apply.js	sloppy	fail
test/built-ins/Reflect/apply/apply.js	strict	fail
test/built-ins/Reflect/apply/arguments-list-is-not-array-like-but-still-valid.js	sloppy	fail
test/built-ins/Reflect/apply/arguments-list-is-not-array-like-but-still-valid.js	strict	fail
test/built-ins/Reflect/apply/arguments-list-is-not-array-like.js	sloppy	fail
test/built-ins/Reflect/apply/arguments-list-is-not-array-like.js	strict	fail
test/built-ins/Reflect/apply/call-target.js	sloppy	fail
test/built-ins/Reflect/apply/call-target.js	strict	fail
test/built-ins/Reflect/apply/length.js	sloppy	fail
test/built-ins/Reflect/apply/length.js	strict	fail
test/built-ins/Reflect/apply/name.js	sloppy	fail
test/built-ins/Reflect/apply/name.js	strict	fail
test/built-ins/Reflect/apply/not-a-constructor.js	sloppy	fail
test/built-ins/Reflect/apply/not-a-constructor.js	strict	fail
test/built-ins/Reflect/apply/return-target-call-result.js	sloppy	pass
test/built-ins/Reflect/apply/return-target-call-result.js	strict	pass
test/built-ins/Reflect/apply/target-is-not-callable-throws.js	sloppy	pass
test/built-ins/Reflect/apply/target-is-not-callable-throws.js	strict	pass
test/built-ins/Reflect/construct/arguments-list-is-not-array-like.js	sloppy	fail
test/built-ins/Reflect/construct/arguments-list-is-not-array-like.js	strict	fail
test/built-ins/Reflect/construct/construct.js	sloppy	fail
test/built-ins/Reflect/construct/construct.js	strict	fail
test/built-ins/Reflect/construct/length.js	sloppy	fail
test/built-ins/Reflect/construct/length.js	strict	fail
test/built-ins/Reflect/construct/name.js	sloppy	fail
test/built-ins/Reflect/construct/name.js	strict	fail
test/built-ins/Reflect/construct/newtarget-is-not-constructor-throws.js	sloppy	fail
test/built-ins/Reflect/construct/newtarget-is-not-constructor-throws.js	strict	fail
test/built-ins/Reflect/construct/not-a-constructor.js	sloppy	fail
test/built-ins/Reflect/construct/not-a-constructor.js	strict	fail
test/built-ins/Reflect/construct/return-with-newtarget-argument.js	sloppy	fail
test/built-ins/Reflect/construct/return-with-newtarget-argument.js	strict	fail
test/built-ins/Reflect/construct/return-without-newtarget-argument.js	sloppy	fail
test/built-ins/Reflect/construct/return-without-newtarget-argument.js	strict	fail
test/built-ins/Reflect/construct/target-is-not-constructor-throws.js	sloppy	fail
test/built-ins/Reflect/construct/target-is-not-constructor-throws.js	strict	fail
test/built-ins/Reflect/construct/use-arguments-list.js	sloppy	fail
test/built-ins/Reflect/construct/use-arguments-list.js	strict	fail
test/built-ins/Reflect/defineProperty/define-properties.js	sloppy	fail
test/built-ins/Reflect/defineProperty/define-properties.js	strict	fail
test/built-ins/Reflect/defineProperty/define-symbol-properties.js	sloppy	fail
test/built-ins/Reflect/defineProperty/define-symbol-properties.js	strict	fail
test/built-ins/Reflect/defineProperty/defineProperty.js	sloppy	fail
test/built-ins/Reflect/defineProperty/defineProperty.js	strict	fail
test/built-ins/Reflect/defineProperty/length.js	sloppy	fail
test/built-ins/Reflect/defineProperty/length.js	strict	fail
test/built-ins/Reflect/defineProperty/name.js	sloppy	fail
test/built-ins/Reflect/defineProperty/name.js	strict	fail
test/built-ins/Reflect/defineProperty/not-a-constructor.js	sloppy	fail
test/built-ins/Reflect/defineProperty/not-a-constructor.js	strict	fail
test/built-ins/Reflect/defineProperty/return-abrupt-from-attributes.js	sloppy	fail
test/built-ins/Reflect/defineProperty/return-abrupt-from-attributes.js	strict	fail
test/built-ins/Reflect/defineProperty/return-abrupt-from-property-key.js	sloppy	fail
test/built-ins/Reflect/defineProperty/return-abrupt-from-property-key.js	strict	fail
test/built-ins/Reflect/defineProperty/return-abrupt-from-result.js	sloppy	fail
test/built-ins/Reflect/defineProperty/return-abrupt-from-result.js	strict	fail
test/built-ins/Reflect/defineProperty/return-boolean.js	sloppy	pass
test/built-ins/Reflect/defineProperty/return-boolean.js	strict	pass
test/built-ins/Reflect/defineProperty/target-is-not-object-throws.js	sloppy	pass
test/built-ins/Reflect/defineProperty/target-is-not-object-throws.js	strict	pass
test/built-ins/Reflect/defineProperty/target-is-symbol-throws.js	sloppy	fail
test/built-ins/Reflect/defineProperty/target-is-symbol-throws.js	strict	fail
test/built-ins/Reflect/deleteProperty/delete-properties.js	sloppy	pass
test/built-ins/Reflect/deleteProperty/delete-properties.js	strict	pass
test/built-ins/Reflect/deleteProperty/delete-symbol-properties.js	sloppy	pass
test/built-ins/Reflect/deleteProperty/delete-symbol-properties.js	strict	pass
test/built-ins/Reflect/deleteProperty/deleteProperty.js	sloppy	fail
test/built-ins/Reflect/deleteProperty/deleteProperty.js	strict	fail
test/built-ins/Reflect/deleteProperty/length.js	sloppy	fail
test/built-ins/Reflect/deleteProperty/length.js	strict	fail
test/built-ins/Reflect/deleteProperty/name.js	sloppy	fail
test/built-ins/Reflect/deleteProperty/name.js	strict	fail
test/built-ins/Reflect/deleteProperty/not-a-constructor.js	sloppy	fail
test/built-ins/Reflect/deleteProperty/not-a-constructor.js	strict	fail
test/built-ins/Reflect/deleteProperty/return-abrupt-from-property-key.js	sloppy	fail
test/built-ins/Reflect/deleteProperty/return-abrupt-from-property-key.js	strict	fail
test/built-ins/Reflect/deleteProperty/return-abrupt-from-result.js	sloppy	fail
test/built-ins/Reflect/deleteProperty/return-abrupt-from-result.js	strict	fail
test/built-ins/Reflect/deleteProperty/return-boolean.js	sloppy	pass
test/built-ins/Reflect/deleteProperty/return-boolean.js	strict	pass
test/built-ins/Reflect/deleteProperty/target-is-not-object-throws.js	sloppy	pass
test/built-ins/Reflect/deleteProperty/target-is-not-object-throws.js	strict	pass
test/built-ins/Reflect/deleteProperty/target-is-symbol-throws.js	sloppy	fail
test/built-ins/Reflect/deleteProperty/target-is-symbol-throws.js	strict	fail
test/built-ins/Reflect/enumerate/undefined.js	sloppy	pass
test/built-ins/Reflect/enumerate/undefined.js	strict	pass
test/built-ins/Reflect/get/get.js	sloppy	fail
test/built-ins/Reflect/get/get.js	strict	fail
test/built-ins/Reflect/get/length.js	sloppy	fail
test/built-ins/Reflect/get/length.js	strict	fail
test/built-ins/Reflect/get/name.js	sloppy	fail
test/built-ins/Reflect/get/name.js	strict	fail
test/built-ins/Reflect/get/not-a-constructor.js	sloppy	fail
test/built-ins/Reflect/get/not-a-constructor.js	strict	fail
test/built-ins/Reflect/get/return-abrupt-from-property-key.js	sloppy	fail
test/built-ins/Reflect/get/return-abrupt-from-property-key.js	strict	fail
test/built-ins/Reflect/get/return-abrupt-from-result.js	sloppy	fail
test/built-ins/Reflect/get/return-abrupt-from-result.js	strict	fail
test/built-ins/Reflect/get/return-value-from-receiver.js	sloppy	fail
test/built-ins/Reflect/get/return-value-from-receiver.js	strict	fail
test/built-ins/Reflect/get/return-value-from-symbol-key.js	sloppy	pass
test/built-ins/Reflect/get/return-value-from-symbol-key.js	strict	pass
test/built-ins/Reflect/get/return-value.js	sloppy	fail
test/built-ins/Reflect/get/return-value.js	strict	fail
test/built-ins/Reflect/get/target-is-not-object-throws.js	sloppy	pass
test/built-ins/Reflect/get/target-is-not-object-throws.js	strict	pass
test/built-ins/Reflect/get/target-is-symbol-throws.js	sloppy	fail
test/built-ins/Reflect/get/target-is-symbol-throws.js	strict	fail
test/built-ins/Reflect/getOwnPropertyDescriptor/getOwnPropertyDescriptor.js	sloppy	fail
test/built-ins/Reflect/getOwnPropertyDescriptor/getOwnPropertyDescriptor.js	strict	fail
test/built-ins/Reflect/getOwnPropertyDescriptor/length.js	sloppy	fail
test/built-ins/Reflect/getOwnPropertyDescriptor/length.js	strict	fail
test/built-ins/Reflect/getOwnPropertyDescriptor/name.js	sloppy	fail
test/built-ins/Reflect/getOwnPropertyDescriptor/name.js	strict	fail
test/built-ins/Reflect/getOwnPropertyDescriptor/not-a-constructor.js	sloppy	fail
test/built-ins/Reflect/getOwnPropertyDescriptor/not-a-constructor.js	strict	fail
test/built-ins/Reflect/getOwnPropertyDescriptor/return-abrupt-from-property-key.js	sloppy	fail
test/built-ins/Reflect/getOwnPropertyDescriptor/return-abrupt-from-property-key.js	strict	fail
test/built-ins/Reflect/getOwnPropertyDescriptor/return-abrupt-from-result.js	sloppy	fail
test/built-ins/Reflect/getOwnPropertyDescriptor/return-abrupt-from-result.js	strict	fail
test/built-ins/Reflect/getOwnPropertyDescriptor/return-from-accessor-descriptor.js	sloppy	fail
test/built-ins/Reflect/getOwnPropertyDescriptor/return-from-accessor-descriptor.js	strict	fail
test/built-ins/Reflect/getOwnPropertyDescriptor/return-from-data-descriptor.js	sloppy	pass
test/built-ins/Reflect/getOwnPropertyDescriptor/return-from-data-descriptor.js	strict	pass
test/built-ins/Reflect/getOwnPropertyDescriptor/symbol-property.js	sloppy	pass
test/built-ins/Reflect/getOwnPropertyDescriptor/symbol-property.js	strict	pass
test/built-ins/Reflect/getOwnPropertyDescriptor/target-is-not-object-throws.js	sloppy	pass
test/built-ins/Reflect/getOwnPropertyDescriptor/target-is-not-object-throws.js	strict	pass
test/built-ins/Reflect/getOwnPropertyDescriptor/target-is-symbol-throws.js	sloppy	fail
test/built-ins/Reflect/getOwnPropertyDescriptor/target-is-symbol-throws.js	strict	fail
test/built-ins/Reflect/getOwnPropertyDescriptor/undefined-own-property.js	sloppy	pass
test/built-ins/Reflect/getOwnPropertyDescriptor/undefined-own-property.js	strict	pass
test/built-ins/Reflect/getOwnPropertyDescriptor/undefined-property.js	sloppy	pass
test/built-ins/Reflect/getOwnPropertyDescriptor/undefined-property.js	strict	pass
test/built-ins/Reflect/getPrototypeOf/getPrototypeOf.js	sloppy	fail
test/built-ins/Reflect/getPrototypeOf/getPrototypeOf.js	strict	fail
test/built-ins/Reflect/getPrototypeOf/length.js	sloppy	fail
test/built-ins/Reflect/getPrototypeOf/length.js	strict	fail
test/built-ins/Reflect/getPrototypeOf/name.js	sloppy	fail
test/built-ins/Reflect/getPrototypeOf/name.js	strict	fail
test/built-ins/Reflect/getPrototypeOf/not-a-constructor.js	sloppy	fail
test/built-ins/Reflect/getPrototypeOf/not-a-constructor.js	strict	fail
test/built-ins/Reflect/getPrototypeOf/null-prototype.js	sloppy	pass
test/built-ins/Reflect/getPrototypeOf/null-prototype.js	strict	pass
test/built-ins/Reflect/getPrototypeOf/return-abrupt-from-result.js	sloppy	fail
test/built-ins/Reflect/getPrototypeOf/return-abrupt-from-result.js	strict	fail
test/built-ins/Reflect/getPrototypeOf/return-prototype.js	sloppy	pass
test/built-ins/Reflect/getPrototypeOf/return-prototype.js	strict	pass
test/built-ins/Reflect/getPrototypeOf/skip-own-properties.js	sloppy	pass
test/built-ins/Reflect/getPrototypeOf/skip-own-properties.js	strict	pass
test/built-ins/Reflect/getPrototypeOf/target-is-not-object-throws.js	sloppy	pass
test/built-ins/Reflect/getPrototypeOf/target-is-not-object-throws.js	strict	pass
test/built-ins/Reflect/getPrototypeOf/target-is-symbol-throws.js	sloppy	fail
test/built-ins/Reflect/getPrototypeOf/target-is-symbol-throws.js	strict	fail
test/built-ins/Reflect/has/has.js	sloppy	fail
test/built-ins/Reflect/has/has.js	strict	fail
test/built-ins/Reflect/has/length.js	sloppy	fail
test/built-ins/Reflect/has/length.js	strict	fail
test/built-ins/Reflect/has/name.js	sloppy	fail
test/built-ins/Reflect/has/name.js	strict	fail
test/built-ins/Reflect/has/not-a-constructor.js	sloppy	fail
test/built-ins/Reflect/has/not-a-constructor.js	strict	fail
test/built-ins/Reflect/has/return-abrupt-from-property-key.js	sloppy	fail
test/built-ins/Reflect/has/return-abrupt-from-property-key.js	strict	fail
test/built-ins/Reflect/has/return-abrupt-from-result.js	sloppy	fail
test/built-ins/Reflect/has/return-abrupt-from-result.js	strict	fail
test/built-ins/Reflect/has/return-boolean.js	sloppy	pass
test/built-ins/Reflect/has/return-boolean.js	strict	pass
test/built-ins/Reflect/has/symbol-property.js	sloppy	fail
test/built-ins/Reflect/has/symbol-property.js	strict	fail
test/built-ins/Reflect/has/target-is-not-object-throws.js	sloppy	pass
test/built-ins/Reflect/has/target-is-not-object-throws.js	strict	pass
test/built-ins/Reflect/has/target-is-symbol-throws.js	sloppy	fail
test/built-ins/Reflect/has/target-is-symbol-throws.js	strict	fail
test/built-ins/Reflect/isExtensible/isExtensible.js	sloppy	fail
test/built-ins/Reflect/isExtensible/isExtensible.js	strict	fail
test/built-ins/Reflect/isExtensible/length.js	sloppy	fail
test/built-ins/Reflect/isExtensible/length.js	strict	fail
test/built-ins/Reflect/isExtensible/name.js	sloppy	fail
test/built-ins/Reflect/isExtensible/name.js	strict	fail
test/built-ins/Reflect/isExtensible/not-a-constructor.js	sloppy	fail
test/built-ins/Reflect/isExtensible/not-a-constructor.js	strict	fail
test/built-ins/Reflect/isExtensible/return-abrupt-from-result.js	sloppy	fail
test/built-ins/Reflect/isExtensible/return-abrupt-from-result.js	strict	fail
test/built-ins/Reflect/isExtensible/return-boolean.js	sloppy	fail
test/built-ins/Reflect/isExtensible/return-boolean.js	strict	fail
test/built-ins/Reflect/isExtensible/target-is-not-object-throws.js	sloppy	pass
test/built-ins/Reflect/isExtensible/target-is-not-object-throws.js	strict	pass
test/built-ins/Reflect/isExtensible/target-is-symbol-throws.js	sloppy	fail
test/built-ins/Reflect/isExtensible/target-is-symbol-throws.js	strict	fail
test/built-ins/Reflect/object-prototype.js	sloppy	pass
test/built-ins/Reflect/object-prototype.js	strict	pass
test/built-ins/Reflect/ownKeys/length.js	sloppy	fail
test/built-ins/Reflect/ownKeys/length.js	strict	fail
test/built-ins/Reflect/ownKeys/name.js	sloppy	fail
test/built-ins/Reflect/ownKeys/name.js	strict	fail
test/built-ins/Reflect/ownKeys/not-a-constructor.js	sloppy	fail
test/built-ins/Reflect/ownKeys/not-a-constructor.js	strict	fail
test/built-ins/Reflect/ownKeys/order-after-define-property.js	sloppy	fail
test/built-ins/Reflect/ownKeys/order-after-define-property.js	strict	fail
test/built-ins/Reflect/ownKeys/ownKeys.js	sloppy	fail
test/built-ins/Reflect/ownKeys/ownKeys.js	strict	fail
test/built-ins/Reflect/ownKeys/return-abrupt-from-result.js	sloppy	fail
test/built-ins/Reflect/ownKeys/return-abrupt-from-result.js	strict	fail
test/built-ins/Reflect/ownKeys/return-array-with-own-keys-only.js	sloppy	pass
test/built-ins/Reflect/ownKeys/return-array-with-own-keys-only.js	strict	pass
test/built-ins/Reflect/ownKeys/return-empty-array.js	sloppy	fail
test/built-ins/Reflect/ownKeys/return-empty-array.js	strict	fail
test/built-ins/Reflect/ownKeys/return-non-enumerable-keys.js	sloppy	fail
test/built-ins/Reflect/ownKeys/return-non-enumerable-keys.js	strict	fail
test/built-ins/Reflect/ownKeys/return-on-corresponding-order-large-index.js	sloppy	fail
test/built-ins/Reflect/ownKeys/return-on-corresponding-order-large-index.js	strict	fail
test/built-ins/Reflect/ownKeys/return-on-corresponding-order.js	sloppy	fail
test/built-ins/Reflect/ownKeys/return-on-corresponding-order.js	strict	fail
test/built-ins/Reflect/ownKeys/target-is-not-object-throws.js	sloppy	pass
test/built-ins/Reflect/ownKeys/target-is-not-object-throws.js	strict	pass
test/built-ins/Reflect/ownKeys/target-is-symbol-throws.js	sloppy	fail
test/built-ins/Reflect/ownKeys/target-is-symbol-throws.js	strict	fail
test/built-ins/Reflect/preventExtensions/always-return-true-from-ordinary-object.js	sloppy	pass
test/built-ins/Reflect/preventExtensions/always-return-true-from-ordinary-object.js	strict	pass
test/built-ins/Reflect/preventExtensions/length.js	sloppy	fail
test/built-ins/Reflect/preventExtensions/length.js	strict	fail
test/built-ins/Reflect/preventExtensions/name.js	sloppy	fail
test/built-ins/Reflect/preventExtensions/name.js	strict	fail
test/built-ins/Reflect/preventExtensions/not-a-constructor.js	sloppy	fail
test/built-ins/Reflect/preventExtensions/not-a-constructor.js	strict	fail
test/built-ins/Reflect/preventExtensions/prevent-extensions.js	sloppy	fail
test/built-ins/Reflect/preventExtensions/prevent-extensions.js	strict	fail
test/built-ins/Reflect/preventExtensions/preventExtensions.js	sloppy	fail
test/built-ins/Reflect/preventExtensions/preventExtensions.js	strict	fail
test/built-ins/Reflect/preventExtensions/return-abrupt-from-result.js	sloppy	fail
test/built-ins/Reflect/preventExtensions/return-abrupt-from-result.js	strict	fail
test/built-ins/Reflect/preventExtensions/return-boolean-from-proxy-object.js	sloppy	fail
test/built-ins/Reflect/preventExtensions/return-boolean-from-proxy-object.js	strict	fail
test/built-ins/Reflect/preventExtensions/target-is-not-object-throws.js	sloppy	pass
test/built-ins/Reflect/preventExtensions/target-is-not-object-throws.js	strict	pass
test/built-ins/Reflect/preventExtensions/target-is-symbol-throws.js	sloppy	fail
test/built-ins/Reflect/preventExtensions/target-is-symbol-throws.js	strict	fail
test/built-ins/Reflect/prop-desc.js	sloppy	fail
test/built-ins/Reflect/prop-desc.js	strict	fail
test/built-ins/Reflect/set/call-prototype-property-set.js	sloppy	fail
test/built-ins/Reflect/set/call-prototype-property-set.js	strict	fail
test/built-ins/Reflect/set/creates-a-data-descriptor.js	sloppy	fail
test/built-ins/Reflect/set/creates-a-data-descriptor.js	strict	fail
test/built-ins/Reflect/set/different-property-descriptors.js	sloppy	fail
test/built-ins/Reflect/set/different-property-descriptors.js	strict	fail
test/built-ins/Reflect/set/length.js	sloppy	fail
test/built-ins/Reflect/set/length.js	strict	fail
test/built-ins/Reflect/set/name.js	sloppy	fail
test/built-ins/Reflect/set/name.js	strict	fail
test/built-ins/Reflect/set/not-a-constructor.js	sloppy	fail
test/built-ins/Reflect/set/not-a-constructor.js	strict	fail
test/built-ins/Reflect/set/receiver-is-not-object.js	sloppy	fail
test/built-ins/Reflect/set/receiver-is-not-object.js	strict	fail
test/built-ins/Reflect/set/return-abrupt-from-property-key.js	sloppy	fail
test/built-ins/Reflect/set/return-abrupt-from-property-key.js	strict	fail
test/built-ins/Reflect/set/return-abrupt-from-result.js	sloppy	fail
test/built-ins/Reflect/set/return-abrupt-from-result.js	strict	fail
test/built-ins/Reflect/set/return-false-if-receiver-is-not-writable.js	sloppy	fail
test/built-ins/Reflect/set/return-false-if-receiver-is-not-writable.js	strict	fail
test/built-ins/Reflect/set/return-false-if-target-is-not-writable.js	sloppy	fail
test/built-ins/Reflect/set/return-false-if-target-is-not-writable.js	strict	fail
test/built-ins/Reflect/set/set-value-on-accessor-descriptor-with-receiver.js	sloppy	fail
test/built-ins/Reflect/set/set-value-on-accessor-descriptor-with-receiver.js	strict	fail
test/built-ins/Reflect/set/set-value-on-accessor-descriptor.js	sloppy	fail
test/built-ins/Reflect/set/set-value-on-accessor-descriptor.js	strict	fail
test/built-ins/Reflect/set/set-value-on-data-descriptor.js	sloppy	pass
test/built-ins/Reflect/set/set-value-on-data-descriptor.js	strict	pass
test/built-ins/Reflect/set/set.js	sloppy	fail
test/built-ins/Reflect/set/set.js	strict	fail
test/built-ins/Reflect/set/symbol-property.js	sloppy	pass
test/built-ins/Reflect/set/symbol-property.js	strict	pass
test/built-ins/Reflect/set/target-is-not-object-throws.js	sloppy	pass
test/built-ins/Reflect/set/target-is-not-object-throws.js	strict	pass
test/built-ins/Reflect/set/target-is-symbol-throws.js	sloppy	fail
test/built-ins/Reflect/set/target-is-symbol-throws.js	strict	fail
test/built-ins/Reflect/setPrototypeOf/length.js	sloppy	fail
test/built-ins/Reflect/setPrototypeOf/length.js	strict	fail
test/built-ins/Reflect/setPrototypeOf/name.js	sloppy	fail
test/built-ins/Reflect/setPrototypeOf/name.js	strict	fail
test/built-ins/Reflect/setPrototypeOf/not-a-constructor.js	sloppy	fail
test/built-ins/Reflect/setPrototypeOf/not-a-constructor.js	strict	fail
test/built-ins/Reflect/setPrototypeOf/proto-is-not-object-and-not-null-throws.js	sloppy	fail
test/built-ins/Reflect/setPrototypeOf/proto-is-not-object-and-not-null-throws.js	strict	fail
test/built-ins/Reflect/setPrototypeOf/proto-is-symbol-throws.js	sloppy	fail
test/built-ins/Reflect/setPrototypeOf/proto-is-symbol-throws.js	strict	fail
test/built-ins/Reflect/setPrototypeOf/return-abrupt-from-result.js	sloppy	fail
test/built-ins/Reflect/setPrototypeOf/return-abrupt-from-result.js	strict	fail
test/built-ins/Reflect/setPrototypeOf/return-false-if-target-and-proto-are-the-same.js	sloppy	fail
test/built-ins/Reflect/setPrototypeOf/return-false-if-target-and-proto-are-the-same.js	strict	fail
test/built-ins/Reflect/setPrototypeOf/return-false-if-target-is-not-extensible.js	sloppy	fail
test/built-ins/Reflect/setPrototypeOf/return-false-if-target-is-not-extensible.js	strict	fail
test/built-ins/Reflect/setPrototypeOf/return-false-if-target-is-prototype-of-proto.js	sloppy	fail
test/built-ins/Reflect/setPrototypeOf/return-false-if-target-is-prototype-of-proto.js	strict	fail
test/built-ins/Reflect/setPrototypeOf/return-true-if-new-prototype-is-set.js	sloppy	pass
test/built-ins/Reflect/setPrototypeOf/return-true-if-new-prototype-is-set.js	strict	pass
test/built-ins/Reflect/setPrototypeOf/return-true-if-proto-is-current.js	sloppy	pass
test/built-ins/Reflect/setPrototypeOf/return-true-if-proto-is-current.js	strict	pass
test/built-ins/Reflect/setPrototypeOf/setPrototypeOf.js	sloppy	fail
test/built-ins/Reflect/setPrototypeOf/setPrototypeOf.js	strict	fail
test/built-ins/Reflect/setPrototypeOf/target-is-not-object-throws.js	sloppy	pass
test/built-ins/Reflect/setPrototypeOf/target-is-not-object-throws.js	strict	pass
test/built-ins/Reflect/setPrototypeOf/target-is-symbol-throws.js	sloppy	fail
test/built-ins/Reflect/setPrototypeOf/target-is-symbol-throws.js	strict	fail
