test/language/expressions/coalesce/abrupt-is-a-short-circuit.js	sloppy	pass
test/language/expressions/coalesce/abrupt-is-a-short-circuit.js	strict	pass
test/language/expressions/coalesce/cannot-chain-head-with-logical-and.js	sloppy	pass
test/language/expressions/coalesce/cannot-chain-head-with-logical-and.js	strict	pass
test/language/expressions/coalesce/cannot-chain-head-with-logical-or.js	sloppy	pass
test/language/expressions/coalesce/cannot-chain-head-with-logical-or.js	strict	pass
test/language/expressions/coalesce/cannot-chain-tail-with-logical-and.js	sloppy	pass
test/language/expressions/coalesce/cannot-chain-tail-with-logical-and.js	strict	pass
test/language/expressions/coalesce/cannot-chain-tail-with-logical-or.js	sloppy	pass
test/language/expressions/coalesce/cannot-chain-tail-with-logical-or.js	strict	pass
test/language/expressions/coalesce/chainable-if-parenthesis-covered-logical-and.js	sloppy	pass
test/language/expressions/coalesce/chainable-if-parenthesis-covered-logical-and.js	strict	pass
test/language/expressions/coalesce/chainable-if-parenthesis-covered-logical-or.js	sloppy	pass
test/language/expressions/coalesce/chainable-if-parenthesis-covered-logical-or.js	strict	pass
test/language/expressions/coalesce/chainable-with-bitwise-and.js	sloppy	pass
test/language/expressions/coalesce/chainable-with-bitwise-and.js	strict	pass
test/language/expressions/coalesce/chainable-with-bitwise-or.js	sloppy	pass
test/language/expressions/coalesce/chainable-with-bitwise-or.js	strict	pass
test/language/expressions/coalesce/chainable-with-bitwise-xor.js	sloppy	pass
test/language/expressions/coalesce/chainable-with-bitwise-xor.js	strict	pass
test/language/expressions/coalesce/chainable.js	sloppy	pass
test/language/expressions/coalesce/chainable.js	strict	pass
test/language/expressions/coalesce/follows-null.js	sloppy	pass
test/language/expressions/coalesce/follows-null.js	strict	pass
test/language/expressions/coalesce/follows-undefined.js	sloppy	pass
test/language/expressions/coalesce/follows-undefined.js	strict	pass
test/language/expressions/coalesce/short-circuit-number-0.js	sloppy	pass
test/language/expressions/coalesce/short-circuit-number-0.js	strict	pass
test/language/expressions/coalesce/short-circuit-number-42.js	sloppy	pass
test/language/expressions/coalesce/short-circuit-number-42.js	strict	pass
test/language/expressions/coalesce/short-circuit-number-empty-string.js	sloppy	pass
test/language/expressions/coalesce/short-circuit-number-empty-string.js	strict	pass
test/language/expressions/coalesce/short-circuit-number-false.js	sloppy	pass
test/language/expressions/coalesce/short-circuit-number-false.js	strict	pass
test/language/expressions/coalesce/short-circuit-number-object.js	sloppy	fail
test/language/expressions/coalesce/short-circuit-number-object.js	strict	fail
test/language/expressions/coalesce/short-circuit-number-string.js	sloppy	pass
test/language/expressions/coalesce/short-circuit-number-string.js	strict	pass
test/language/expressions/coalesce/short-circuit-number-symbol.js	sloppy	fail
test/language/expressions/coalesce/short-circuit-number-symbol.js	strict	fail
test/language/expressions/coalesce/short-circuit-number-true.js	sloppy	pass
test/language/expressions/coalesce/short-circuit-number-true.js	strict	pass
test/language/expressions/coalesce/short-circuit-prevents-evaluation.js	sloppy	pass
test/language/expressions/coalesce/short-circuit-prevents-evaluation.js	strict	pass
test/language/expressions/coalesce/tco-pos-null.js	strict	fail
test/language/expressions/coalesce/tco-pos-undefined.js	strict	fail
