test/built-ins/RegExp/prototype/exec/15.10.6.2-9-e-1.js	sloppy	pass
test/built-ins/RegExp/prototype/exec/15.10.6.2-9-e-1.js	strict	pass
test/built-ins/RegExp/prototype/exec/S15.10.6.2_A10.js	sloppy	fail
test/built-ins/RegExp/prototype/exec/S15.10.6.2_A10.js	strict	fail
test/built-ins/RegExp/prototype/exec/S15.10.6.2_A11.js	sloppy	fail
test/built-ins/RegExp/prototype/exec/S15.10.6.2_A11.js	strict	fail
test/built-ins/RegExp/prototype/exec/S15.10.6.2_A12.js	sloppy	fail
test/built-ins/RegExp/prototype/exec/S15.10.6.2_A12.js	strict	fail
test/built-ins/RegExp/prototype/exec/S15.10.6.2_A1_T1.js	sloppy	pass
test/built-ins/RegExp/prototype/exec/S15.10.6.2_A1_T1.js	strict	pass
test/built-ins/RegExp/prototype/exec/S15.10.6.2_A1_T10.js	sloppy	pass
test/built-ins/RegExp/prototype/exec/S15.10.6.2_A1_T10.js	strict	pass
test/built-ins/RegExp/prototype/exec/S15.10.6.2_A1_T11.js	sloppy	pass
test/built-ins/RegExp/prototype/exec/S15.10.6.2_A1_T11.js	strict	pass
test/built-ins/RegExp/prototype/exec/S15.10.6.2_A1_T12.js	sloppy	fail
test/built-ins/RegExp/prototype/exec/S15.10.6.2_A1_T12.js	strict	fail
test/built-ins/RegExp/prototype/exec/S15.10.6.2_A1_T13.js	sloppy	pass
test/built-ins/RegExp/prototype/exec/S15.10.6.2_A1_T13.js	strict	pass
test/built-ins/RegExp/prototype/exec/S15.10.6.2_A1_T14.js	sloppy	pass
test/built-ins/RegExp/prototype/exec/S15.10.6.2_A1_T14.js	strict	pass
test/built-ins/RegExp/prototype/exec/S15.10.6.2_A1_T15.js	sloppy	fail
test/built-ins/RegExp/prototype/exec/S15.10.6.2_A1_T15.js	strict	fail
test/built-ins/RegExp/prototype/exec/S15.10.6.2_A1_T16.js	sloppy	fail
test/built-ins/RegExp/prototype/exec/S15.10.6.2_A1_T16.js	strict	fail
test/built-ins/RegExp/prototype/exec/S15.10.6.2_A1_T17.js	sloppy	pass
test/built-ins/RegExp/prototype/exec/S15.10.6.2_A1_T17.js	strict	pass
test/built-ins/RegExp/prototype/exec/S15.10.6.2_A1_T18.js	sloppy	pass
test/built-ins/RegExp/prototype/exec/S15.10.6.2_A1_T18.js	strict	pass
test/built-ins/RegExp/prototype/exec/S15.10.6.2_A1_T19.js	sloppy	pass
test/built-ins/RegExp/prototype/exec/S15.10.6.2_A1_T19.js	strict	pass
test/built-ins/RegExp/prototype/exec/S15.10.6.2_A1_T2.js	sloppy	pass
test/built-ins/RegExp/prototype/exec/S15.10.6.2_A1_T2.js	strict	pass
test/built-ins/RegExp/prototype/exec/S15.10.6.2_A1_T20.js	sloppy	fail
test/built-ins/RegExp/prototype/exec/S15.10.6.2_A1_T20.js	strict	fail
test/built-ins/RegExp/prototype/exec/S15.10.6.2_A1_T21.js	sloppy	pass
test/built-ins/RegExp/prototype/exec/S15.10.6.2_A1_T21.js	strict	pass
test/built-ins/RegExp/prototype/exec/S15.10.6.2_A1_T3.js	sloppy	pass
test/built-ins/RegExp/prototype/exec/S15.10.6.2_A1_T3.js	strict	pass
test/built-ins/RegExp/prototype/exec/S15.10.6.2_A1_T4.js	sloppy	pass
test/built-ins/RegExp/prototype/exec/S15.10.6.2_A1_T4.js	strict	pass
test/built-ins/RegExp/prototype/exec/S15.10.6.2_A1_T5.js	sloppy	pass
test/built-ins/RegExp/prototype/exec/S15.10.6.2_A1_T5.js	strict	pass
test/built-ins/RegExp/prototype/exec/S15.10.6.2_A1_T6.js	sloppy	fail
test/built-ins/RegExp/prototype/exec/S15.10.6.2_A1_T6.js	strict	fail
test/built-ins/RegExp/prototype/exec/S15.10.6.2_A1_T7.js	sloppy	fail
test/built-ins/RegExp/prototype/exec/S15.10.6.2_A1_T7.js	strict	fail
test/built-ins/RegExp/prototype/exec/S15.10.6.2_A1_T8.js	sloppy	fail
test/built-ins/RegExp/prototype/exec/S15.10.6.2_A1_T8.js	strict	fail
test/built-ins/RegExp/prototype/exec/S15.10.6.2_A1_T9.js	sloppy	pass
test/built-ins/RegExp/prototype/exec/S15.10.6.2_A1_T9.js	strict	pass
test/built-ins/RegExp/prototype/exec/S15.10.6.2_A2_T1.js	sloppy	pass
test/built-ins/RegExp/prototype/exec/S15.10.6.2_A2_T1.js	strict	pass
test/built-ins/RegExp/prototype/exec/S15.10.6.2_A2_T10.js	sloppy	pass
test/built-ins/RegExp/prototype/exec/S15.10.6.2_A2_T10.js	strict	pass
test/built-ins/RegExp/prototype/exec/S15.10.6.2_A2_T2.js	sloppy	pass
test/built-ins/RegExp/prototype/exec/S15.10.6.2_A2_T2.js	strict	pass
test/built-ins/RegExp/prototype/exec/S15.10.6.2_A2_T3.js	sloppy	pass
test/built-ins/RegExp/prototype/exec/S15.10.6.2_A2_T3.js	strict	pass
test/built-ins/RegExp/prototype/exec/S15.10.6.2_A2_T4.js	sloppy	pass
test/built-ins/RegExp/prototype/exec/S15.10.6.2_A2_T4.js	strict	pass
test/built-ins/RegExp/prototype/exec/S15.10.6.2_A2_T5.js	sloppy	pass
test/built-ins/RegExp/prototype/exec/S15.10.6.2_A2_T5.js	strict	pass
test/built-ins/RegExp/prototype/exec/S15.10.6.2_A2_T6.js	sloppy	pass
test/built-ins/RegExp/prototype/exec/S15.10.6.2_A2_T6.js	strict	pass
test/built-ins/RegExp/prototype/exec/S15.10.6.2_A2_T7.js	sloppy	pass
test/built-ins/RegExp/prototype/exec/S15.10.6.2_A2_T7.js	strict	pass
test/built-ins/RegExp/prototype/exec/S15.10.6.2_A2_T8.js	sloppy	pass
test/built-ins/RegExp/prototype/exec/S15.10.6.2_A2_T8.js	strict	pass
test/built-ins/RegExp/prototype/exec/S15.10.6.2_A2_T9.js	sloppy	pass
test/built-ins/RegExp/prototype/exec/S15.10.6.2_A2_T9.js	strict	pass
test/built-ins/RegExp/prototype/exec/S15.10.6.2_A3_T1.js	sloppy	pass
test/built-ins/RegExp/prototype/exec/S15.10.6.2_A3_T1.js	strict	pass
test/built-ins/RegExp/prototype/exec/S15.10.6.2_A3_T2.js	sloppy	pass
test/built-ins/RegExp/prototype/exec/S15.10.6.2_A3_T2.js	strict	pass
test/built-ins/RegExp/prototype/exec/S15.10.6.2_A3_T3.js	sloppy	pass
test/built-ins/RegExp/prototype/exec/S15.10.6.2_A3_T3.js	strict	pass
test/built-ins/RegExp/prototype/exec/S15.10.6.2_A3_T4.js	sloppy	pass
test/built-ins/RegExp/prototype/exec/S15.10.6.2_A3_T4.js	strict	pass
test/built-ins/RegExp/prototype/exec/S15.10.6.2_A3_T5.js	sloppy	pass
test/built-ins/RegExp/prototype/exec/S15.10.6.2_A3_T5.js	strict	pass
test/built-ins/RegExp/prototype/exec/S15.10.6.2_A3_T6.js	sloppy	pass
test/built-ins/RegExp/prototype/exec/S15.10.6.2_A3_T6.js	strict	pass
test/built-ins/RegExp/prototype/exec/S15.10.6.2_A3_T7.js	sloppy	pass
test/built-ins/RegExp/prototype/exec/S15.10.6.2_A3_T7.js	strict	pass
test/built-ins/RegExp/prototype/exec/S15.10.6.2_A4_T1.js	sloppy	pass
test/built-ins/RegExp/prototype/exec/S15.10.6.2_A4_T1.js	strict	pass
test/built-ins/RegExp/prototype/exec/S15.10.6.2_A4_T10.js	sloppy	fail
test/built-ins/RegExp/prototype/exec/S15.10.6.2_A4_T10.js	strict	fail
test/built-ins/RegExp/prototype/exec/S15.10.6.2_A4_T11.js	sloppy	fail
test/built-ins/RegExp/prototype/exec/S15.10.6.2_A4_T11.js	strict	fail
test/built-ins/RegExp/prototype/exec/S15.10.6.2_A4_T12.js	sloppy	fail
test/built-ins/RegExp/prototype/exec/S15.10.6.2_A4_T12.js	strict	fail
test/built-ins/RegExp/prototype/exec/S15.10.6.2_A4_T2.js	sloppy	pass
test/built-ins/RegExp/prototype/exec/S15.10.6.2_A4_T2.js	strict	pass
test/built-ins/RegExp/prototype/exec/S15.10.6.2_A4_T3.js	sloppy	pass
test/built-ins/RegExp/prototype/exec/S15.10.6.2_A4_T3.js	strict	pass
test/built-ins/RegExp/prototype/exec/S15.10.6.2_A4_T4.js	sloppy	pass
test/built-ins/RegExp/prototype/exec/S15.10.6.2_A4_T4.js	strict	pass
test/built-ins/RegExp/prototype/exec/S15.10.6.2_A4_T5.js	sloppy	fail
test/built-ins/RegExp/prototype/exec/S15.10.6.2_A4_T5.js	strict	fail
test/built-ins/RegExp/prototype/exec/S15.10.6.2_A4_T6.js	sloppy	pass
test/built-ins/RegExp/prototype/exec/S15.10.6.2_A4_T6.js	strict	pass
test/built-ins/RegExp/prototype/exec/S15.10.6.2_A4_T7.js	sloppy	pass
test/built-ins/RegExp/prototype/exec/S15.10.6.2_A4_T7.js	strict	pass
test/built-ins/RegExp/prototype/exec/S15.10.6.2_A4_T8.js	sloppy	fail
test/built-ins/RegExp/prototype/exec/S15.10.6.2_A4_T8.js	strict	fail
test/built-ins/RegExp/prototype/exec/S15.10.6.2_A4_T9.js	sloppy	pass
test/built-ins/RegExp/prototype/exec/S15.10.6.2_A4_T9.js	strict	pass
test/built-ins/RegExp/prototype/exec/S15.10.6.2_A5_T1.js	sloppy	pass
test/built-ins/RegExp/prototype/exec/S15.10.6.2_A5_T1.js	strict	pass
test/built-ins/RegExp/prototype/exec/S15.10.6.2_A5_T2.js	sloppy	pass
test/built-ins/RegExp/prototype/exec/S15.10.6.2_A5_T2.js	strict	pass
test/built-ins/RegExp/prototype/exec/S15.10.6.2_A5_T3.js	sloppy	pass
test/built-ins/RegExp/prototype/exec/S15.10.6.2_A5_T3.js	strict	pass
test/built-ins/RegExp/prototype/exec/S15.10.6.2_A6.js	sloppy	pass
test/built-ins/RegExp/prototype/exec/S15.10.6.2_A6.js	strict	pass
test/built-ins/RegExp/prototype/exec/S15.10.6.2_A7.js	sloppy	pass
test/built-ins/RegExp/prototype/exec/S15.10.6.2_A7.js	strict	pass
test/built-ins/RegExp/prototype/exec/S15.10.6.2_A8.js	sloppy	fail
test/built-ins/RegExp/prototype/exec/S15.10.6.2_A8.js	strict	fail
test/built-ins/RegExp/prototype/exec/S15.10.6.2_A9.js	sloppy	fail
test/built-ins/RegExp/prototype/exec/S15.10.6.2_A9.js	strict	fail
test/built-ins/RegExp/prototype/exec/duplicate-named-groups-properties.js	sloppy	fail
test/built-ins/RegExp/prototype/exec/duplicate-named-groups-properties.js	strict	fail
test/built-ins/RegExp/prototype/exec/duplicate-named-indices-groups-properties.js	sloppy	fail
test/built-ins/RegExp/prototype/exec/duplicate-named-indices-groups-properties.js	strict	fail
test/built-ins/RegExp/prototype/exec/failure-g-lastindex-reset.js	sloppy	fail
test/built-ins/RegExp/prototype/exec/failure-g-lastindex-reset.js	strict	fail
test/built-ins/RegExp/prototype/exec/failure-lastindex-access.js	sloppy	fail
test/built-ins/RegExp/prototype/exec/failure-lastindex-access.js	strict	fail
test/built-ins/RegExp/prototype/exec/failure-lastindex-set.js	sloppy	pass
test/built-ins/RegExp/prototype/exec/failure-lastindex-set.js	strict	pass
test/built-ins/RegExp/prototype/exec/name.js	sloppy	fail
test/built-ins/RegExp/prototype/exec/name.js	strict	fail
test/built-ins/RegExp/prototype/exec/not-a-constructor.js	sloppy	fail
test/built-ins/RegExp/prototype/exec/not-a-constructor.js	strict	fail
test/built-ins/RegExp/prototype/exec/regexp-builtin-exec-v-u-flag.js	sloppy	fail
test/built-ins/RegExp/prototype/exec/regexp-builtin-exec-v-u-flag.js	strict	fail
test/built-ins/RegExp/prototype/exec/success-g-lastindex-no-access.js	sloppy	fail
test/built-ins/RegExp/prototype/exec/success-g-lastindex-no-access.js	strict	fail
test/built-ins/RegExp/prototype/exec/success-lastindex-access.js	sloppy	fail
test/built-ins/RegExp/prototype/exec/success-lastindex-access.js	strict	fail
test/built-ins/RegExp/prototype/exec/u-captured-value.js	sloppy	pass
test/built-ins/RegExp/prototype/exec/u-captured-value.js	strict	pass
test/built-ins/RegExp/prototype/exec/u-lastindex-adv.js	sloppy	pass
test/built-ins/RegExp/prototype/exec/u-lastindex-adv.js	strict	pass
test/built-ins/RegExp/prototype/exec/u-lastindex-value.js	sloppy	pass
test/built-ins/RegExp/prototype/exec/u-lastindex-value.js	strict	pass
test/built-ins/RegExp/prototype/exec/y-fail-lastindex-no-write.js	sloppy	fail
test/built-ins/RegExp/prototype/exec/y-fail-lastindex-no-write.js	strict	fail
test/built-ins/RegExp/prototype/exec/y-fail-lastindex.js	sloppy	pass
test/built-ins/RegExp/prototype/exec/y-fail-lastindex.js	strict	pass
test/built-ins/RegExp/prototype/exec/y-fail-return.js	sloppy	pass
test/built-ins/RegExp/prototype/exec/y-fail-return.js	strict	pass
test/built-ins/RegExp/prototype/exec/y-init-lastindex.js	sloppy	pass
test/built-ins/RegExp/prototype/exec/y-init-lastindex.js	strict	pass
test/built-ins/RegExp/prototype/exec/y-set-lastindex.js	sloppy	pass
test/built-ins/RegExp/prototype/exec/y-set-lastindex.js	strict	pass
