test/language/expressions/new/S11.2.2_A1.1.js	sloppy	fail
test/language/expressions/new/S11.2.2_A1.1.js	strict	fail
test/language/expressions/new/S11.2.2_A1.2.js	sloppy	fail
test/language/expressions/new/S11.2.2_A1.2.js	strict	fail
test/language/expressions/new/S11.2.2_A2.js	sloppy	fail
test/language/expressions/new/S11.2.2_A2.js	strict	fail
test/language/expressions/new/S11.2.2_A3_T1.js	sloppy	fail
test/language/expressions/new/S11.2.2_A3_T1.js	strict	fail
test/language/expressions/new/S11.2.2_A3_T2.js	sloppy	fail
test/language/expressions/new/S11.2.2_A3_T2.js	strict	fail
test/language/expressions/new/S11.2.2_A3_T3.js	sloppy	fail
test/language/expressions/new/S11.2.2_A3_T3.js	strict	fail
test/language/expressions/new/S11.2.2_A3_T4.js	sloppy	fail
test/language/expressions/new/S11.2.2_A3_T4.js	strict	fail
test/language/expressions/new/S11.2.2_A3_T5.js	sloppy	fail
test/language/expressions/new/S11.2.2_A3_T5.js	strict	fail
test/language/expressions/new/S11.2.2_A4_T1.js	sloppy	fail
test/language/expressions/new/S11.2.2_A4_T1.js	strict	fail
test/language/expressions/new/S11.2.2_A4_T2.js	sloppy	fail
test/language/expressions/new/S11.2.2_A4_T2.js	strict	fail
test/language/expressions/new/S11.2.2_A4_T3.js	sloppy	fail
test/language/expressions/new/S11.2.2_A4_T3.js	strict	fail
test/language/expressions/new/S11.2.2_A4_T4.js	sloppy	fail
test/language/expressions/new/S11.2.2_A4_T4.js	strict	fail
test/language/expressions/new/S11.2.2_A4_T5.js	sloppy	fail
test/language/expressions/new/S11.2.2_A4_T5.js	strict	fail
test/language/expressions/new/ctorExpr-fn-ref-before-args-eval-fn-wrapup.js	sloppy	pass
test/language/expressions/new/ctorExpr-fn-ref-before-args-eval-fn-wrapup.js	strict	pass
test/language/expressions/new/ctorExpr-fn-ref-before-args-eval.js	sloppy	pass
test/language/expressions/new/ctorExpr-fn-ref-before-args-eval.js	strict	pass
test/language/expressions/new/ctorExpr-isCtor-after-args-eval-fn-wrapup.js	sloppy	fail
test/language/expressions/new/ctorExpr-isCtor-after-args-eval-fn-wrapup.js	strict	fail
test/language/expressions/new/ctorExpr-isCtor-after-args-eval.js	sloppy	fail
test/language/expressions/new/ctorExpr-isCtor-after-args-eval.js	strict	fail
test/language/expressions/new/non-ctor-err-realm.js	sloppy	fail
test/language/expressions/new/non-ctor-err-realm.js	strict	fail
test/language/expressions/new/spread-err-mult-err-expr-throws.js	sloppy	fail
test/language/expressions/new/spread-err-mult-err-expr-throws.js	strict	fail
test/language/expressions/new/spread-err-mult-err-iter-get-value.js	sloppy	fail
test/language/expressions/new/spread-err-mult-err-iter-get-value.js	strict	fail
test/language/expressions/new/spread-err-mult-err-itr-get-call.js	sloppy	fail
test/language/expressions/new/spread-err-mult-err-itr-get-call.js	strict	fail
test/language/expressions/new/spread-err-mult-err-itr-get-get.js	sloppy	fail
test/language/expressions/new/spread-err-mult-err-itr-get-get.js	strict	fail
test/language/expressions/new/spread-err-mult-err-itr-step.js	sloppy	fail
test/language/expressions/new/spread-err-mult-err-itr-step.js	strict	fail
test/language/expressions/new/spread-err-mult-err-itr-value.js	sloppy	fail
test/language/expressions/new/spread-err-mult-err-itr-value.js	strict	fail
test/language/expressions/new/spread-err-mult-err-obj-unresolvable.js	sloppy	fail
test/language/expressions/new/spread-err-mult-err-obj-unresolvable.js	strict	fail
test/language/expressions/new/spread-err-mult-err-unresolvable.js	sloppy	fail
test/language/expressions/new/spread-err-mult-err-unresolvable.js	strict	fail
test/language/expressions/new/spread-err-sngl-err-expr-throws.js	sloppy	fail
test/language/expressions/new/spread-err-sngl-err-expr-throws.js	strict	fail
test/language/expressions/new/spread-err-sngl-err-itr-get-call.js	sloppy	fail
test/language/expressions/new/spread-err-sngl-err-itr-get-call.js	strict	fail
test/language/expressions/new/spread-err-sngl-err-itr-get-get.js	sloppy	fail
test/language/expressions/new/spread-err-sngl-err-itr-get-get.js	strict	fail
test/language/expressions/new/spread-err-sngl-err-itr-get-value.js	sloppy	fail
test/language/expressions/new/spread-err-sngl-err-itr-get-value.js	strict	fail
test/language/expressions/new/spread-err-sngl-err-itr-step.js	sloppy	fail
test/language/expressions/new/spread-err-sngl-err-itr-step.js	strict	fail
test/language/expressions/new/spread-err-sngl-err-itr-value.js	sloppy	fail
test/language/expressions/new/spread-err-sngl-err-itr-value.js	strict	fail
test/language/expressions/new/spread-err-sngl-err-obj-unresolvable.js	sloppy	fail
test/language/expressions/new/spread-err-sngl-err-obj-unresolvable.js	strict	fail
test/language/expressions/new/spread-err-sngl-err-unresolvable.js	sloppy	fail
test/language/expressions/new/spread-err-sngl-err-unresolvable.js	strict	fail
test/language/expressions/new/spread-mult-empty.js	sloppy	fail
test/language/expressions/new/spread-mult-empty.js	strict	fail
test/language/expressions/new/spread-mult-expr.js	sloppy	fail
test/language/expressions/new/spread-mult-expr.js	strict	fail
test/language/expressions/new/spread-mult-iter.js	sloppy	fail
test/language/expressions/new/spread-mult-iter.js	strict	fail
test/language/expressions/new/spread-mult-literal.js	sloppy	fail
test/language/expressions/new/spread-mult-literal.js	strict	fail
test/language/expressions/new/spread-mult-obj-ident.js	sloppy	fail
test/language/expressions/new/spread-mult-obj-ident.js	strict	fail
test/language/expressions/new/spread-mult-obj-null.js	sloppy	pass
test/language/expressions/new/spread-mult-obj-null.js	strict	pass
test/language/expressions/new/spread-mult-obj-undefined.js	sloppy	pass
test/language/expressions/new/spread-mult-obj-undefined.js	strict	pass
test/language/expressions/new/spread-obj-getter-descriptor.js	sloppy	fail
test/language/expressions/new/spread-obj-getter-descriptor.js	strict	fail
test/language/expressions/new/spread-obj-getter-init.js	sloppy	fail
test/language/expressions/new/spread-obj-getter-init.js	strict	fail
test/language/expressions/new/spread-obj-manipulate-outter-obj-in-getter.js	sloppy	fail
test/language/expressions/new/spread-obj-manipulate-outter-obj-in-getter.js	strict	fail
test/language/expressions/new/spread-obj-mult-spread-getter.js	sloppy	fail
test/language/expressions/new/spread-obj-mult-spread-getter.js	strict	fail
test/language/expressions/new/spread-obj-mult-spread.js	sloppy	pass
test/language/expressions/new/spread-obj-mult-spread.js	strict	pass
test/language/expressions/new/spread-obj-null.js	sloppy	pass
test/language/expressions/new/spread-obj-null.js	strict	pass
test/language/expressions/new/spread-obj-override-immutable.js	sloppy	fail
test/language/expressions/new/spread-obj-override-immutable.js	strict	fail
test/language/expressions/new/spread-obj-overrides-prev-properties.js	sloppy	pass
test/language/expressions/new/spread-obj-overrides-prev-properties.js	strict	pass
test/language/expressions/new/spread-obj-skip-non-enumerable.js	sloppy	fail
test/language/expressions/new/spread-obj-skip-non-enumerable.js	strict	fail
test/language/expressions/new/spread-obj-spread-order.js	sloppy	fail
test/language/expressions/new/spread-obj-spread-order.js	strict	fail
test/language/expressions/new/spread-obj-symbol-property.js	sloppy	fail
test/language/expressions/new/spread-obj-symbol-property.js	strict	fail
test/language/expressions/new/spread-obj-undefined.js	sloppy	pass
test/language/expressions/new/spread-obj-undefined.js	strict	pass
test/language/expressions/new/spread-obj-with-overrides.js	sloppy	fail
test/language/expressions/new/spread-obj-with-overrides.js	strict	fail
test/language/expressions/new/spread-sngl-empty.js	sloppy	fail
test/language/expressions/new/spread-sngl-empty.js	strict	fail
test/language/expressions/new/spread-sngl-expr.js	sloppy	fail
test/language/expressions/new/spread-sngl-expr.js	strict	fail
test/language/expressions/new/spread-sngl-iter.js	sloppy	fail
test/language/expressions/new/spread-sngl-iter.js	strict	fail
test/language/expressions/new/spread-sngl-literal.js	sloppy	fail
test/language/expressions/new/spread-sngl-literal.js	strict	fail
test/language/expressions/new/spread-sngl-obj-ident.js	sloppy	fail
test/language/expressions/new/spread-sngl-obj-ident.js	strict	fail
