test/built-ins/Array/prototype/includes/call-with-boolean.js	sloppy	fail
test/built-ins/Array/prototype/includes/call-with-boolean.js	strict	fail
test/built-ins/Array/prototype/includes/coerced-searchelement-fromindex-resize.js	sloppy	fail
test/built-ins/Array/prototype/includes/coerced-searchelement-fromindex-resize.js	strict	fail
test/built-ins/Array/prototype/includes/fromIndex-equal-or-greater-length-returns-false.js	sloppy	fail
test/built-ins/Array/prototype/includes/fromIndex-equal-or-greater-length-returns-false.js	strict	fail
test/built-ins/Array/prototype/includes/fromIndex-infinity.js	sloppy	fail
test/built-ins/Array/prototype/includes/fromIndex-infinity.js	strict	fail
test/built-ins/Array/prototype/includes/fromIndex-minus-zero.js	sloppy	pass
test/built-ins/Array/prototype/includes/fromIndex-minus-zero.js	strict	pass
test/built-ins/Array/prototype/includes/get-prop.js	sloppy	fail
test/built-ins/Array/prototype/includes/get-prop.js	strict	fail
test/built-ins/Array/prototype/includes/length-boundaries.js	sloppy	fail
test/built-ins/Array/prototype/includes/length-boundaries.js	strict	fail
test/built-ins/Array/prototype/includes/length-zero-returns-false.js	sloppy	pass
test/built-ins/Array/prototype/includes/length-zero-returns-false.js	strict	pass
test/built-ins/Array/prototype/includes/length.js	sloppy	fail
test/built-ins/Array/prototype/includes/length.js	strict	fail
test/built-ins/Array/prototype/includes/name.js	sloppy	fail
test/built-ins/Array/prototype/includes/name.js	strict	fail
test/built-ins/Array/prototype/includes/no-arg.js	sloppy	pass
test/built-ins/Array/prototype/includes/no-arg.js	strict	pass
test/built-ins/Array/prototype/includes/not-a-constructor.js	sloppy	fail
test/built-ins/Array/prototype/includes/not-a-constructor.js	strict	fail
test/built-ins/Array/prototype/includes/prop-desc.js	sloppy	fail
test/built-ins/Array/prototype/includes/prop-desc.js	strict	fail
test/built-ins/Array/prototype/includes/resizable-buffer-special-float-values.js	sloppy	fail
test/built-ins/Array/prototype/includes/resizable-buffer-special-float-values.js	strict	fail
test/built-ins/Array/prototype/includes/resizable-buffer.js	sloppy	fail
test/built-ins/Array/prototype/includes/resizable-buffer.js	strict	fail
test/built-ins/Array/prototype/includes/return-abrupt-get-length.js	sloppy	fail
test/built-ins/Array/prototype/includes/return-abrupt-get-length.js	strict	fail
test/built-ins/Array/prototype/includes/return-abrupt-get-prop.js	sloppy	fail
test/built-ins/Array/prototype/includes/return-abrupt-get-prop.js	strict	fail
test/built-ins/Array/prototype/includes/return-abrupt-tointeger-fromindex-symbol.js	sloppy	fail
test/built-ins/Array/prototype/includes/return-abrupt-tointeger-fromindex-symbol.js	strict	fail
test/built-ins/Array/prototype/includes/return-abrupt-tointeger-fromindex.js	sloppy	fail
test/built-ins/Array/prototype/includes/return-abrupt-tointeger-fromindex.js	strict	fail
test/built-ins/Array/prototype/includes/return-abrupt-tonumber-length-symbol.js	sloppy	fail
test/built-ins/Array/prototype/includes/return-abrupt-tonumber-length-symbol.js	strict	fail
test/built-ins/Array/prototype/includes/return-abrupt-tonumber-length.js	sloppy	fail
test/built-ins/Array/prototype/includes/return-abrupt-tonumber-length.js	strict	fail
test/built-ins/Array/prototype/includes/samevaluezero.js	sloppy	fail
test/built-ins/Array/prototype/includes/samevaluezero.js	strict	fail
test/built-ins/Array/prototype/includes/search-found-returns-true.js	sloppy	fail
test/built-ins/Array/prototype/includes/search-found-returns-true.js	strict	fail
test/built-ins/Array/prototype/includes/search-not-found-returns-false.js	sloppy	fail
test/built-ins/Array/prototype/includes/search-not-found-returns-false.js	strict	fail
test/built-ins/Array/prototype/includes/sparse.js	sloppy	fail
test/built-ins/Array/prototype/includes/sparse.js	strict	fail
test/built-ins/Array/prototype/includes/this-is-not-object.js	sloppy	fail
test/built-ins/Array/prototype/includes/this-is-not-object.js	strict	fail
test/built-ins/Array/prototype/includes/tointeger-fromindex.js	sloppy	fail
test/built-ins/Array/prototype/includes/tointeger-fromindex.js	strict	fail
test/built-ins/Array/prototype/includes/tolength-length.js	sloppy	fail
test/built-ins/Array/prototype/includes/tolength-length.js	strict	fail
test/built-ins/Array/prototype/includes/using-fromindex.js	sloppy	fail
test/built-ins/Array/prototype/includes/using-fromindex.js	strict	fail
test/built-ins/Array/prototype/includes/values-are-not-cached.js	sloppy	fail
test/built-ins/Array/prototype/includes/values-are-not-cached.js	strict	fail
