test/language/expressions/exponentiation/applying-the-exp-operator_A1.js	sloppy	pass
test/language/expressions/exponentiation/applying-the-exp-operator_A1.js	strict	pass
test/language/expressions/exponentiation/applying-the-exp-operator_A10.js	sloppy	pass
test/language/expressions/exponentiation/applying-the-exp-operator_A10.js	strict	pass
test/language/expressions/exponentiation/applying-the-exp-operator_A11.js	sloppy	pass
test/language/expressions/exponentiation/applying-the-exp-operator_A11.js	strict	pass
test/language/expressions/exponentiation/applying-the-exp-operator_A12.js	sloppy	pass
test/language/expressions/exponentiation/applying-the-exp-operator_A12.js	strict	pass
test/language/expressions/exponentiation/applying-the-exp-operator_A13.js	sloppy	pass
test/language/expressions/exponentiation/applying-the-exp-operator_A13.js	strict	pass
test/language/expressions/exponentiation/applying-the-exp-operator_A14.js	sloppy	pass
test/language/expressions/exponentiation/applying-the-exp-operator_A14.js	strict	pass
test/language/expressions/exponentiation/applying-the-exp-operator_A15.js	sloppy	pass
test/language/expressions/exponentiation/applying-the-exp-operator_A15.js	strict	pass
test/language/expressions/exponentiation/applying-the-exp-operator_A16.js	sloppy	pass
test/language/expressions/exponentiation/applying-the-exp-operator_A16.js	strict	pass
test/language/expressions/exponentiation/applying-the-exp-operator_A17.js	sloppy	pass
test/language/expressions/exponentiation/applying-the-exp-operator_A17.js	strict	pass
test/language/expressions/exponentiation/applying-the-exp-operator_A18.js	sloppy	pass
test/language/expressions/exponentiation/applying-the-exp-operator_A18.js	strict	pass
test/language/expressions/exponentiation/applying-the-exp-operator_A19.js	sloppy	pass
test/language/expressions/exponentiation/applying-the-exp-operator_A19.js	strict	pass
test/language/expressions/exponentiation/applying-the-exp-operator_A2.js	sloppy	pass
test/language/expressions/exponentiation/applying-the-exp-operator_A2.js	strict	pass
test/language/expressions/exponentiation/applying-the-exp-operator_A20.js	sloppy	pass
test/language/expressions/exponentiation/applying-the-exp-operator_A20.js	strict	pass
test/language/expressions/exponentiation/applying-the-exp-operator_A21.js	sloppy	pass
test/language/expressions/exponentiation/applying-the-exp-operator_A21.js	strict	pass
test/language/expressions/exponentiation/applying-the-exp-operator_A22.js	sloppy	pass
test/language/expressions/exponentiation/applying-the-exp-operator_A22.js	strict	pass
test/language/expressions/exponentiation/applying-the-exp-operator_A23.js	sloppy	pass
test/language/expressions/exponentiation/applying-the-exp-operator_A23.js	strict	pass
test/language/expressions/exponentiation/applying-the-exp-operator_A3.js	sloppy	pass
test/language/expressions/exponentiation/applying-the-exp-operator_A3.js	strict	pass
test/language/expressions/exponentiation/applying-the-exp-operator_A4.js	sloppy	pass
test/language/expressions/exponentiation/applying-the-exp-operator_A4.js	strict	pass
test/language/expressions/exponentiation/applying-the-exp-operator_A5.js	sloppy	pass
test/language/expressions/exponentiation/applying-the-exp-operator_A5.js	strict	pass
test/language/expressions/exponentiation/applying-the-exp-operator_A6.js	sloppy	pass
test/language/expressions/exponentiation/applying-the-exp-operator_A6.js	strict	pass
test/language/expressions/exponentiation/applying-the-exp-operator_A7.js	sloppy	fail
test/language/expressions/exponentiation/applying-the-exp-operator_A7.js	strict	fail
test/language/expressions/exponentiation/applying-the-exp-operator_A8.js	sloppy	fail
test/language/expressions/exponentiation/applying-the-exp-operator_A8.js	strict	fail
test/language/expressions/exponentiation/applying-the-exp-operator_A9.js	sloppy	pass
test/language/expressions/exponentiation/applying-the-exp-operator_A9.js	strict	pass
test/language/expressions/exponentiation/bigint-and-number.js	sloppy	fail
test/language/expressions/exponentiation/bigint-and-number.js	strict	fail
test/language/expressions/exponentiation/bigint-arithmetic.js	sloppy	fail
test/language/expressions/exponentiation/bigint-arithmetic.js	strict	fail
test/language/expressions/exponentiation/bigint-errors.js	sloppy	fail
test/language/expressions/exponentiation/bigint-errors.js	strict	fail
test/language/expressions/exponentiation/bigint-negative-exponent-throws.js	sloppy	fail
test/language/expressions/exponentiation/bigint-negative-exponent-throws.js	strict	fail
test/language/expressions/exponentiation/bigint-toprimitive.js	sloppy	fail
test/language/expressions/exponentiation/bigint-toprimitive.js	strict	fail
test/language/expressions/exponentiation/bigint-wrapped-values.js	sloppy	fail
test/language/expressions/exponentiation/bigint-wrapped-values.js	strict	fail
test/language/expressions/exponentiation/bigint-zero-base-zero-exponent.js	sloppy	fail
test/language/expressions/exponentiation/bigint-zero-base-zero-exponent.js	strict	fail
test/language/expressions/exponentiation/exp-assignment-operator.js	sloppy	pass
test/language/expressions/exponentiation/exp-assignment-operator.js	strict	pass
test/language/expressions/exponentiation/exp-operator-evaluation-order.js	sloppy	fail
test/language/expressions/exponentiation/exp-operator-evaluation-order.js	strict	fail
test/language/expressions/exponentiation/exp-operator-precedence-unary-expression-semantics.js	sloppy	fail
test/language/expressions/exponentiation/exp-operator-precedence-unary-expression-semantics.js	strict	fail
test/language/expressions/exponentiation/exp-operator-precedence-update-expression-semantics.js	sloppy	pass
test/language/expressions/exponentiation/exp-operator-precedence-update-expression-semantics.js	strict	pass
test/language/expressions/exponentiation/exp-operator-syntax-error-bitnot-unary-expression-base.js	sloppy	pass
test/language/expressions/exponentiation/exp-operator-syntax-error-bitnot-unary-expression-base.js	strict	pass
test/language/expressions/exponentiation/exp-operator-syntax-error-delete-unary-expression-base.js	sloppy	pass
test/language/expressions/exponentiation/exp-operator-syntax-error-delete-unary-expression-base.js	strict	pass
test/language/expressions/exponentiation/exp-operator-syntax-error-logical-not-unary-expression-base.js	sloppy	pass
test/language/expressions/exponentiation/exp-operator-syntax-error-logical-not-unary-expression-base.js	strict	pass
test/language/expressions/exponentiation/exp-operator-syntax-error-negate-unary-expression-base.js	sloppy	pass
test/language/expressions/exponentiation/exp-operator-syntax-error-negate-unary-expression-base.js	strict	pass
test/language/expressions/exponentiation/exp-operator-syntax-error-plus-unary-expression-base.js	sloppy	pass
test/language/expressions/exponentiation/exp-operator-syntax-error-plus-unary-expression-base.js	strict	pass
test/language/expressions/exponentiation/exp-operator-syntax-error-typeof-unary-expression-base.js	sloppy	pass
test/language/expressions/exponentiation/exp-operator-syntax-error-typeof-unary-expression-base.js	strict	pass
test/language/expressions/exponentiation/exp-operator-syntax-error-void-unary-expression-base.js	sloppy	pass
test/language/expressions/exponentiation/exp-operator-syntax-error-void-unary-expression-base.js	strict	pass
test/language/expressions/exponentiation/exp-operator.js	sloppy	pass
test/language/expressions/exponentiation/exp-operator.js	strict	pass
test/language/expressions/exponentiation/int32_min-exponent.js	sloppy	pass
test/language/expressions/exponentiation/int32_min-exponent.js	strict	pass
test/language/expressions/exponentiation/order-of-evaluation.js	sloppy	fail
test/language/expressions/exponentiation/order-of-evaluation.js	strict	fail
