test/built-ins/Array/prototype/pop/S15.4.4.6_A1.1_T1.js	sloppy	fail
test/built-ins/Array/prototype/pop/S15.4.4.6_A1.1_T1.js	strict	fail
test/built-ins/Array/prototype/pop/S15.4.4.6_A1.2_T1.js	sloppy	fail
test/built-ins/Array/prototype/pop/S15.4.4.6_A1.2_T1.js	strict	fail
test/built-ins/Array/prototype/pop/S15.4.4.6_A2_T1.js	sloppy	pass
test/built-ins/Array/prototype/pop/S15.4.4.6_A2_T1.js	strict	pass
test/built-ins/Array/prototype/pop/S15.4.4.6_A2_T2.js	sloppy	fail
test/built-ins/Array/prototype/pop/S15.4.4.6_A2_T2.js	strict	fail
test/built-ins/Array/prototype/pop/S15.4.4.6_A2_T3.js	sloppy	fail
test/built-ins/Array/prototype/pop/S15.4.4.6_A2_T3.js	strict	fail
test/built-ins/Array/prototype/pop/S15.4.4.6_A2_T4.js	sloppy	fail
test/built-ins/Array/prototype/pop/S15.4.4.6_A2_T4.js	strict	fail
test/built-ins/Array/prototype/pop/S15.4.4.6_A3_T1.js	sloppy	fail
test/built-ins/Array/prototype/pop/S15.4.4.6_A3_T1.js	strict	fail
test/built-ins/Array/prototype/pop/S15.4.4.6_A3_T2.js	sloppy	fail
test/built-ins/Array/prototype/pop/S15.4.4.6_A3_T2.js	strict	fail
test/built-ins/Array/prototype/pop/S15.4.4.6_A3_T3.js	sloppy	pass
test/built-ins/Array/prototype/pop/S15.4.4.6_A3_T3.js	strict	pass
test/built-ins/Array/prototype/pop/S15.4.4.6_A4_T1.js	sloppy	fail
test/built-ins/Array/prototype/pop/S15.4.4.6_A4_T1.js	strict	fail
test/built-ins/Array/prototype/pop/S15.4.4.6_A4_T2.js	sloppy	fail
test/built-ins/Array/prototype/pop/S15.4.4.6_A4_T2.js	strict	fail
test/built-ins/Array/prototype/pop/call-with-boolean.js	sloppy	fail
test/built-ins/Array/prototype/pop/call-with-boolean.js	strict	fail
test/built-ins/Array/prototype/pop/clamps-to-integer-limit.js	sloppy	fail
test/built-ins/Array/prototype/pop/clamps-to-integer-limit.js	strict	fail
test/built-ins/Array/prototype/pop/length-near-integer-limit.js	sloppy	fail
test/built-ins/Array/prototype/pop/length-near-integer-limit.js	strict	fail
test/built-ins/Array/prototype/pop/length.js	sloppy	fail
test/built-ins/Array/prototype/pop/length.js	strict	fail
test/built-ins/Array/prototype/pop/name.js	sloppy	fail
test/built-ins/Array/prototype/pop/name.js	strict	fail
test/built-ins/Array/prototype/pop/not-a-constructor.js	sloppy	fail
test/built-ins/Array/prototype/pop/not-a-constructor.js	strict	fail
test/built-ins/Array/prototype/pop/prop-desc.js	sloppy	fail
test/built-ins/Array/prototype/pop/prop-desc.js	strict	fail
test/built-ins/Array/prototype/pop/set-length-array-is-frozen.js	sloppy	fail
test/built-ins/Array/prototype/pop/set-length-array-is-frozen.js	strict	fail
test/built-ins/Array/prototype/pop/set-length-array-length-is-non-writable.js	sloppy	fail
test/built-ins/Array/prototype/pop/set-length-array-length-is-non-writable.js	strict	fail
test/built-ins/Array/prototype/pop/set-length-zero-array-is-frozen.js	sloppy	fail
test/built-ins/Array/prototype/pop/set-length-zero-array-is-frozen.js	strict	fail
test/built-ins/Array/prototype/pop/set-length-zero-array-length-is-non-writable.js	sloppy	fail
test/built-ins/Array/prototype/pop/set-length-zero-array-length-is-non-writable.js	strict	fail
test/built-ins/Array/prototype/pop/throws-with-string-receiver.js	sloppy	fail
test/built-ins/Array/prototype/pop/throws-with-string-receiver.js	strict	fail
